Component: ARM Compiler 5.06 update 5 (build 528) Tool: armlink [4d35e2]

==============================================================================

Section Cross References

    startup_stm32f10x_md.o(STACK) refers (Special) to heapauxi.o(.text) for __use_two_region_memory
    startup_stm32f10x_md.o(HEAP) refers (Special) to heapauxi.o(.text) for __use_two_region_memory
    startup_stm32f10x_md.o(RESET) refers (Special) to heapauxi.o(.text) for __use_two_region_memory
    startup_stm32f10x_md.o(RESET) refers to startup_stm32f10x_md.o(STACK) for __initial_sp
    startup_stm32f10x_md.o(RESET) refers to startup_stm32f10x_md.o(.text) for Reset_Handler
    startup_stm32f10x_md.o(RESET) refers to stm32f10x_it.o(.text) for NMI_Handler
    startup_stm32f10x_md.o(RESET) refers to main.o(.text) for TIM2_IRQHandler
    startup_stm32f10x_md.o(RESET) refers to serial.o(.text) for USART1_IRQHandler
    startup_stm32f10x_md.o(.text) refers (Special) to heapauxi.o(.text) for __use_two_region_memory
    startup_stm32f10x_md.o(.text) refers to system_stm32f10x.o(.text) for SystemInit
    startup_stm32f10x_md.o(.text) refers to __main.o(!!!main) for __main
    startup_stm32f10x_md.o(.text) refers to startup_stm32f10x_md.o(HEAP) for Heap_Mem
    startup_stm32f10x_md.o(.text) refers to startup_stm32f10x_md.o(STACK) for Stack_Mem
    system_stm32f10x.o(.text) refers to system_stm32f10x.o(.data) for SystemCoreClock
    main.o(.text) refers to dflt_clz.o(x$fpl$dflt) for __aeabi_i2d
    main.o(.text) refers to ddiv.o(x$fpl$ddiv) for __aeabi_ddiv
    main.o(.text) refers to dmul.o(x$fpl$dmul) for __aeabi_dmul
    main.o(.text) refers to d2f.o(x$fpl$d2f) for __aeabi_d2f
    main.o(.text) refers to f2d.o(x$fpl$f2d) for __aeabi_f2d
    main.o(.text) refers to madgwick.o(.text) for Madgwick_Update
    main.o(.text) refers to oled.o(.text) for OLED_Init
    main.o(.text) refers to mpu6050.o(.text) for MPU6050_Init
    main.o(.text) refers to serial.o(.text) for Serial_Init
    main.o(.text) refers to timer.o(.text) for Timer_Init
    main.o(.text) refers to stm32f10x_tim.o(.text) for TIM_GetITStatus
    main.o(.text) refers to main.o(.data) for GX
    main.o(.text) refers to serial.o(.data) for Serial_RxFlag
    main.o(.text) refers to serial.o(.bss) for Serial_RxPacket
    main.o(.text) refers to main.o(.bss) for Result
    stm32f10x_adc.o(.text) refers to stm32f10x_rcc.o(.text) for RCC_APB2PeriphResetCmd
    stm32f10x_bkp.o(.text) refers to stm32f10x_rcc.o(.text) for RCC_BackupResetCmd
    stm32f10x_can.o(.text) refers to stm32f10x_rcc.o(.text) for RCC_APB1PeriphResetCmd
    stm32f10x_cec.o(.text) refers to stm32f10x_rcc.o(.text) for RCC_APB1PeriphResetCmd
    stm32f10x_dac.o(.text) refers to stm32f10x_rcc.o(.text) for RCC_APB1PeriphResetCmd
    stm32f10x_gpio.o(.text) refers to stm32f10x_rcc.o(.text) for RCC_APB2PeriphResetCmd
    stm32f10x_i2c.o(.text) refers to stm32f10x_rcc.o(.text) for RCC_APB1PeriphResetCmd
    stm32f10x_pwr.o(.text) refers to stm32f10x_rcc.o(.text) for RCC_APB1PeriphResetCmd
    stm32f10x_rcc.o(.text) refers to stm32f10x_rcc.o(.data) for APBAHBPrescTable
    stm32f10x_spi.o(.text) refers to stm32f10x_rcc.o(.text) for RCC_APB2PeriphResetCmd
    stm32f10x_tim.o(.text) refers to stm32f10x_rcc.o(.text) for RCC_APB2PeriphResetCmd
    stm32f10x_usart.o(.text) refers to stm32f10x_rcc.o(.text) for RCC_APB2PeriphResetCmd
    stm32f10x_wwdg.o(.text) refers to stm32f10x_rcc.o(.text) for RCC_APB1PeriphResetCmd
    timer.o(.text) refers to stm32f10x_rcc.o(.text) for RCC_APB1PeriphClockCmd
    timer.o(.text) refers to stm32f10x_tim.o(.text) for TIM_InternalClockConfig
    timer.o(.text) refers to misc.o(.text) for NVIC_PriorityGroupConfig
    kf.o(.text) refers to fmul.o(x$fpl$fmul) for __aeabi_fmul
    kf.o(.text) refers to faddsub_clz.o(x$fpl$fadd) for __aeabi_fadd
    kf.o(.text) refers to fdiv.o(x$fpl$fdiv) for __aeabi_fdiv
    kf.o(.text) refers to faddsub_clz.o(x$fpl$fsub) for __aeabi_fsub
    madgwick.o(.text) refers to fmul.o(x$fpl$fmul) for __aeabi_fmul
    madgwick.o(.text) refers to faddsub_clz.o(x$fpl$fadd) for __aeabi_fadd
    madgwick.o(.text) refers to f2d.o(x$fpl$f2d) for __aeabi_f2d
    madgwick.o(.text) refers to sqrt.o(i.sqrt) for sqrt
    madgwick.o(.text) refers to d2f.o(x$fpl$d2f) for __aeabi_d2f
    madgwick.o(.text) refers to dleqf.o(x$fpl$dleqf) for __aeabi_cdcmple
    madgwick.o(.text) refers to fdiv.o(x$fpl$fdiv) for __aeabi_fdiv
    madgwick.o(.text) refers to dmul.o(x$fpl$dmul) for __aeabi_dmul
    madgwick.o(.text) refers to faddsub_clz.o(x$fpl$fsub) for __aeabi_fsub
    madgwick.o(.text) refers to faddsub_clz.o(x$fpl$frsb) for __aeabi_frsub
    madgwick.o(.text) refers to madgwick.o(.data) for MADGWICK_BETA
    led.o(.text) refers to stm32f10x_rcc.o(.text) for RCC_APB2PeriphClockCmd
    led.o(.text) refers to stm32f10x_gpio.o(.text) for GPIO_Init
    key.o(.text) refers to stm32f10x_rcc.o(.text) for RCC_APB2PeriphClockCmd
    key.o(.text) refers to stm32f10x_gpio.o(.text) for GPIO_Init
[...]
    _terminate_alloc                          - Undefined Weak Reference
    _terminate_user_alloc                     - Undefined Weak Reference
    _terminateio                              - Undefined Weak Reference
    __Vectors_Size                           0x000000ec   Number         0  startup_stm32f10x_md.o ABSOLUTE
    __Vectors                                0x08000000   Data           4  startup_stm32f10x_md.o(RESET)
    __Vectors_End                            0x080000ec   Data           0  startup_stm32f10x_md.o(RESET)
    __main                                   0x080000ed   Thumb Code     8  __main.o(!!!main)
    __scatterload                            0x080000f5   Thumb Code     0  __scatter.o(!!!scatter)
    __scatterload_rt2                        0x080000f5   Thumb Code    44  __scatter.o(!!!scatter)
    __scatterload_rt2_thumb_only             0x080000f5   Thumb Code     0  __scatter.o(!!!scatter)
    __scatterload_null                       0x08000103   Thumb Code     0  __scatter.o(!!!scatter)
    __scatterload_copy                       0x08000129   Thumb Code    26  __scatter_copy.o(!!handler_copy)
    __scatterload_zeroinit                   0x08000145   Thumb Code    28  __scatter_zi.o(!!handler_zi)
    _printf_n                                0x08000161   Thumb Code     0  _printf_n.o(.ARM.Collect$$_printf_percent$$00000001)
    _printf_percent                          0x08000161   Thumb Code     0  _printf_percent.o(.ARM.Collect$$_printf_percent$$00000000)
    _printf_p                                0x08000167   Thumb Code     0  _printf_p.o(.ARM.Collect$$_printf_percent$$00000002)
    _printf_f                                0x0800016d   Thumb Code     0  _printf_f.o(.ARM.Collect$$_printf_percent$$00000003)
    _printf_e                                0x08000173   Thumb Code     0  _printf_e.o(.ARM.Collect$$_printf_percent$$00000004)
    _printf_g                                0x08000179   Thumb Code     0  _printf_g.o(.ARM.Collect$$_printf_percent$$00000005)
    _printf_a                                0x0800017f   Thumb Code     0  _printf_a.o(.ARM.Collect$$_printf_percent$$00000006)
    _printf_ll                               0x08000185   Thumb Code     0  _printf_ll.o(.ARM.Collect$$_printf_percent$$00000007)
    _printf_i                                0x0800018f   Thumb Code     0  _printf_i.o(.ARM.Collect$$_printf_percent$$00000008)
    _printf_d                                0x08000195   Thumb Code     0  _printf_d.o(.ARM.Collect$$_printf_percent$$00000009)
    _printf_u                                0x0800019b   Thumb Code     0  _printf_u.o(.ARM.Collect$$_printf_percent$$0000000A)
    _printf_o                                0x080001a1   Thumb Code     0  _printf_o.o(.ARM.Collect$$_printf_percent$$0000000B)
    _printf_x                                0x080001a7   Thumb Code     0  _printf_x.o(.ARM.Collect$$_printf_percent$$0000000C)
    _printf_lli                              0x080001ad   Thumb Code     0  _printf_lli.o(.ARM.Collect$$_printf_percent$$0000000D)
    _printf_lld                              0x080001b3   Thumb Code     0  _printf_lld.o(.ARM.Collect$$_printf_percent$$0000000E)
    _printf_llu                              0x080001b9   Thumb Code     0  _printf_llu.o(.ARM.Collect$$_printf_percent$$0000000F)
    _printf_llo                              0x080001bf   Thumb Code     0  _printf_llo.o(.ARM.Collect$$_printf_percent$$00000010)
    _printf_llx                              0x080001c5   Thumb Code     0  _printf_llx.o(.ARM.Collect$$_printf_percent$$00000011)
    _printf_l                                0x080001cb   Thumb Code     0  _printf_l.o(.ARM.Collect$$_printf_percent$$00000012)
    _printf_c                                0x080001d5   Thumb Code     0  _printf_c.o(.ARM.Collect$$_printf_percent$$00000013)
    _printf_s                                0x080001db   Thumb Code     0  _printf_s.o(.ARM.Collect$$_printf_percent$$00000014)
    _printf_lc                               0x080001e1   Thumb Code     0  _printf_lc.o(.ARM.Collect$$_printf_percent$$00000015)
    _printf_ls                               0x080001e7   Thumb Code     0  _printf_ls.o(.ARM.Collect$$_printf_percent$$00000016)
    _printf_percent_end                      0x080001ed   Thumb Code     0  _printf_percent_end.o(.ARM.Collect$$_printf_percent$$00000017)
    __rt_lib_init                            0x080001f1   Thumb Code     0  libinit.o(.ARM.Collect$$libinit$$00000000)
    __rt_lib_init_fp_1                       0x080001f3   Thumb Code     0  libinit2.o(.ARM.Collect$$libinit$$00000002)
    __rt_lib_init_heap_1                     0x080001f3   Thumb Code     0  libinit2.o(.ARM.Collect$$libinit$$0000000A)
    __rt_lib_init_lc_common                  0x080001f3   Thumb Code     0  libinit2.o(.ARM.Collect$$libinit$$0000000F)
    __rt_lib_init_preinit_1                  0x080001f3   Thumb Code     0  libinit2.o(.ARM.Collect$$libinit$$00000004)
    __rt_lib_init_rand_1                     0x080001f3   Thumb Code     0  libinit2.o(.ARM.Collect$$libinit$$0000000E)
    __rt_lib_init_user_alloc_1               0x080001f3   Thumb Code     0  libinit2.o(.ARM.Collect$$libinit$$0000000C)
    __rt_lib_init_lc_collate_1               0x080001f9   Thumb Code     0  libinit2.o(.ARM.Collect$$libinit$$00000011)
    __rt_lib_init_lc_ctype_2                 0x080001f9   Thumb Code     0  libinit2.o(.ARM.Collect$$libinit$$00000012)
    __rt_lib_init_lc_ctype_1                 0x08000205   Thumb Code     0  libinit2.o(.ARM.Collect$$libinit$$00000013)
    __rt_lib_init_lc_monetary_1              0x08000205   Thumb Code     0  libinit2.o(.ARM.Collect$$libinit$$00000015)
    __rt_lib_init_lc_numeric_2               0x08000205   Thumb Code     0  libinit2.o(.ARM.Collect$$libinit$$00000016)
    __rt_lib_init_alloca_1                   0x0800020f   Thumb Code     0  libinit2.o(.ARM.Collect$$libinit$$0000002E)
    __rt_lib_init_argv_1                     0x0800020f   Thumb Code     0  libinit2.o(.ARM.Collect$$libinit$$0000002C)
    __rt_lib_init_atexit_1                   0x0800020f   Thumb Code     0  libinit2.o(.ARM.Collect$$libinit$$0000001B)
    __rt_lib_init_clock_1                    0x0800020f   Thumb Code     0  libinit2.o(.ARM.Collect$$libinit$$00000021)
    __rt_lib_init_cpp_1                      0x0800020f   Thumb Code     0  libinit2.o(.ARM.Collect$$libinit$$00000032)
    __rt_lib_init_exceptions_1               0x0800020f   Thumb Code     0  libinit2.o(.ARM.Collect$$libinit$$00000030)
    __rt_lib_init_fp_trap_1                  0x0800020f   Thumb Code     0  libinit2.o(.ARM.Collect$$libinit$$0000001F)
    __rt_lib_init_getenv_1                   0x0800020f   Thumb Code     0  libinit2.o(.ARM.Collect$$libinit$$00000023)
    __rt_lib_init_lc_numeric_1               0x0800020f   Thumb Code     0  libinit2.o(.ARM.Collect$$libinit$$00000017)
    __rt_lib_init_lc_time_1                  0x0800020f   Thumb Code     0  libinit2.o(.ARM.Collect$$libinit$$00000019)
    __rt_lib_init_return                     0x0800020f   Thumb Code     0  libinit2.o(.ARM.Collect$$libinit$$00000033)
    __rt_lib_init_signal_1                   0x0800020f   Thumb Code     0  libinit2.o(.ARM.Collect$$libinit$$0000001D)
    __rt_lib_init_stdio_1                    0x0800020f   Thumb Code     0  libinit2.o(.ARM.Collect$$libinit$$00000025)
    __rt_lib_shutdown                        0x08000211   Thumb Code     0  libshutdown.o(.ARM.Collect$$libshutdown$$00000000)
    __rt_lib_shutdown_cpp_1                  0x08000213   Thumb Code     0  libshutdown2.o(.ARM.Collect$$libshutdown$$00000002)
    __rt_lib_shutdown_fp_trap_1              0x08000213   Thumb Code     0  libshutdown2.o(.ARM.Collect$$libshutdown$$00000007)
    __rt_lib_shutdown_heap_1                 0x08000213   Thumb Code     0  libshutdown2.o(.ARM.Collect$$libshutdown$$0000000F)
    __rt_lib_shutdown_return                 0x08000213   Thumb Code     0  libshutdown2.o(.ARM.Collect$$libshutdown$$00000010)
    __rt_lib_shutdown_signal_1               0x08000213   Thumb Code     0  libshutdown2.o(.ARM.Collect$$libshutdown$$0000000A)
    __rt_lib_shutdown_stdio_1                0x08000213   Thumb Code     0  libshutdown2.o(.ARM.Collect$$libshutdown$$00000004)
    __rt_lib_shutdown_user_alloc_1           0x08000213   Thumb Code     0  libshutdown2.o(.ARM.Collect$$libshutdown$$0000000C)
    __rt_entry                               0x08000215   Thumb Code     0  __rtentry.o(.ARM.Collect$$rtentry$$00000000)
    __rt_entry_presh_1                       0x08000215   Thumb Code     0  __rtentry2.o(.ARM.Collect$$rtentry$$00000002)
    __rt_entry_sh                            0x08000215   Thumb Code     0  __rtentry4.o(.ARM.Collect$$rtentry$$00000004)
    __rt_entry_li                            0x0800021b   Thumb Code     0  __rtentry2.o(.ARM.Collect$$rtentry$$0000000A)
    __rt_entry_postsh_1                      0x0800021b   Thumb Code     0  __rtentry2.o(.ARM.Collect$$rtentry$$00000009)
    __rt_entry_main                          0x0800021f   Thumb Code     0  __rtentry2.o(.ARM.Collect$$rtentry$$0000000D)
    __rt_entry_postli_1                      0x0800021f   Thumb Code     0  __rtentry2.o(.ARM.Collect$$rtentry$$0000000C)
    __rt_exit                                0x08000227   Thumb Code     0  rtexit.o(.ARM.Collect$$rtexit$$00000000)
    __rt_exit_ls                             0x08000229   Thumb Code     0  rtexit2.o(.ARM.Collect$$rtexit$$00000003)
    __rt_exit_prels_1                        0x08000229   Thumb Code     0  rtexit2.o(.ARM.Collect$$rtexit$$00000002)
    __rt_exit_exit                           0x0800022d   Thumb Code     0  rtexit2.o(.ARM.Collect$$rtexit$$00000004)
    Reset_Handler                            0x08000235   Thumb Code     8  startup_stm32f10x_md.o(.text)
    ADC1_2_IRQHandler                        0x0800024f   Thumb Code     0  startup_stm32f10x_md.o(.text)
    CAN1_RX1_IRQHandler                      0x0800024f   Thumb Code     0  startup_stm32f10x_md.o(.text)
    CAN1_SCE_IRQHandler                      0x0800024f   Thumb Code     0  startup_stm32f10x_md.o(.text)
    DMA1_Channel1_IRQHandler                 0x0800024f   Thumb Code     0  startup_stm32f10x_md.o(.text)
    DMA1_Channel2_IRQHandler                 0x0800024f   Thumb Code     0  startup_stm32f10x_md.o(.text)
    DMA1_Channel3_IRQHandler                 0x0800024f   Thumb Code     0  startup_stm32f10x_md.o(.text)
    DMA1_Channel4_IRQHandler                 0x0800024f   Thumb Code     0  startup_stm32f10x_md.o(.text)
    DMA1_Channel5_IRQHandler                 0x0800024f   Thumb Code     0  startup_stm32f10x_md.o(.text)
    DMA1_Channel6_IRQHandler                 0x0800024f   Thumb Code     0  startup_stm32f10x_md.o(.text)
    DMA1_Channel7_IRQHandler                 0x0800024f   Thumb Code     0  startup_stm32f10x_md.o(.text)
    EXTI0_IRQHandler                         0x0800024f   Thumb Code     0  startup_stm32f10x_md.o(.text)
    EXTI15_10_IRQHandler                     0x0800024f   Thumb Code     0  startup_stm32f10x_md.o(.text)
    EXTI1_IRQHandler                         0x0800024f   Thumb Code     0  startup_stm32f10x_md.o(.text)
    EXTI2_IRQHandler                         0x0800024f   Thumb Code     0  startup_stm32f10x_md.o(.text)
    EXTI3_IRQHandler                         0x0800024f   Thumb Code     0  startup_stm32f10x_md.o(.text)
    EXTI4_IRQHandler                         0x0800024f   Thumb Code     0  startup_stm32f10x_md.o(.text)
    EXTI9_5_IRQHandler                       0x0800024f   Thumb Code     0  startup_stm32f10x_md.o(.text)
    FLASH_IRQHandler                         0x0800024f   Thumb Code     0  startup_stm32f10x_md.o(.text)
    I2C1_ER_IRQHandler                       0x0800024f   Thumb Code     0  startup_stm32f10x_md.o(.text)
    I2C1_EV_IRQHandler                       0x0800024f   Thumb Code     0  startup_stm32f10x_md.o(.text)
    I2C2_ER_IRQHandler                       0x0800024f   Thumb Code     0  startup_stm32f10x_md.o(.text)
    I2C2_EV_IRQHandler                       0x0800024f   Thumb Code     0  startup_stm32f10x_md.o(.text)
    PVD_IRQHandler                           0x0800024f   Thumb Code     0  startup_stm32f10x_md.o(.text)
    RCC_IRQHandler                           0x0800024f   Thumb Code     0  startup_stm32f10x_md.o(.text)
    RTCAlarm_IRQHandler                      0x0800024f   Thumb Code     0  startup_stm32f10x_md.o(.text)
    RTC_IRQHandler                           0x0800024f   Thumb Code     0  startup_stm32f10x_md.o(.text)
    SPI1_IRQHandler                          0x0800024f   Thumb Code     0  startup_stm32f10x_md.o(.text)
    SPI2_IRQHandler                          0x0800024f   Thumb Code     0  startup_stm32f10x_md.o(.text)
    TAMPER_IRQHandler                        0x0800024f   Thumb Code     0  startup_stm32f10x_md.o(.text)
    TIM1_BRK_IRQHandler                      0x0800024f   Thumb Code     0  startup_stm32f10x_md.o(.text)
    TIM1_CC_IRQHandler                       0x0800024f   Thumb Code     0  startup_stm32f10x_md.o(.text)
    TIM1_TRG_COM_IRQHandler                  0x0800024f   Thumb Code     0  startup_stm32f10x_md.o(.text)
    TIM1_UP_IRQHandler                       0x0800024f   Thumb Code     0  startup_stm32f10x_md.o(.text)
    TIM3_IRQHandler                          0x0800024f   Thumb Code     0  startup_stm32f10x_md.o(.text)
    TIM4_IRQHandler                          0x0800024f   Thumb Code     0  startup_stm32f10x_md.o(.text)
    USART2_IRQHandler                        0x0800024f   Thumb Code     0  startup_stm32f10x_md.o(.text)
    USART3_IRQHandler                        0x0800024f   Thumb Code     0  startup_stm32f10x_md.o(.text)
    USBWakeUp_IRQHandler                     0x0800024f   Thumb Code     0  startup_stm32f10x_md.o(.text)
    USB_HP_CAN1_TX_IRQHandler                0x0800024f   Thumb Code     0  startup_stm32f10x_md.o(.text)
    USB_LP_CAN1_RX0_IRQHandler               0x0800024f   Thumb Code     0  startup_stm32f10x_md.o(.text)
    WWDG_IRQHandler                          0x0800024f   Thumb Code     0  startup_stm32f10x_md.o(.text)
    __user_initial_stackheap                 0x08000251   Thumb Code     0  startup_stm32f10x_md.o(.text)
    SystemInit                               0x08000353   Thumb Code    78  system_stm32f10x.o(.text)
    SystemCoreClockUpdate                    0x080003a1   Thumb Code   142  system_stm32f10x.o(.text)
    MPU6050_AngleSolve                       0x08000455   Thumb Code   358  main.o(.text)
    main                                     0x080005bb   Thumb Code   438  main.o(.text)
    TIM2_IRQHandler                          0x08000771   Thumb Code    44  main.o(.text)
    NMI_Handler                              0x0800081d   Thumb Code     2  stm32f10x_it.o(.text)
    HardFault_Handler                        0x0800081f   Thumb Code     4  stm32f10x_it.o(.text)
    MemManage_Handler                        0x08000823   Thumb Code     4  stm32f10x_it.o(.text)
    BusFault_Handler                         0x08000827   Thumb Code     4  stm32f10x_it.o(.text)
    UsageFault_Handler                       0x0800082b   Thumb Code     4  stm32f10x_it.o(.text)
    SVC_Handler                              0x0800082f   Thumb Code     2  stm32f10x_it.o(.text)
    DebugMon_Handler                         0x08000831   Thumb Code     2  stm32f10x_it.o(.text)
    PendSV_Handler                           0x08000833   Thumb Code     2  stm32f10x_it.o(.text)
    SysTick_Handler                          0x08000835   Thumb Code     2  stm32f10x_it.o(.text)
    NVIC_PriorityGroupConfig                 0x08000839   Thumb Code    10  misc.o(.text)
    NVIC_Init                                0x08000843   Thumb Code   100  misc.o(.text)
    NVIC_SetVectorTable                      0x080008a7   Thumb Code    14  misc.o(.text)
    NVIC_SystemLPConfig                      0x080008b5   Thumb Code    34  misc.o(.text)
    SysTick_CLKSourceConfig                  0x080008d7   Thumb Code    40  misc.o(.text)
    GPIO_DeInit                              0x08000915   Thumb Code   172  stm32f10x_gpio.o(.text)
    GPIO_AFIODeInit                          0x080009c1   Thumb Code    20  stm32f10x_gpio.o(.text)
    GPIO_Init                                0x080009d5   Thumb Code   278  stm32f10x_gpio.o(.text)
    GPIO_StructInit                          0x08000aeb   Thumb Code    16  stm32f10x_gpio.o(.text)
    GPIO_ReadInputDataBit                    0x08000afb   Thumb Code    18  stm32f10x_gpio.o(.text)
    GPIO_ReadInputData                       0x08000b0d   Thumb Code     8  stm32f10x_gpio.o(.text)
    GPIO_ReadOutputDataBit                   0x08000b15   Thumb Code    18  stm32f10x_gpio.o(.text)
    GPIO_ReadOutputData                      0x08000b27   Thumb Code     8  stm32f10x_gpio.o(.text)
    GPIO_SetBits                             0x08000b2f   Thumb Code     4  stm32f10x_gpio.o(.text)
    GPIO_ResetBits                           0x08000b33   Thumb Code     4  stm32f10x_gpio.o(.text)
    GPIO_WriteBit                            0x08000b37   Thumb Code    10  stm32f10x_gpio.o(.text)
    GPIO_Write                               0x08000b41   Thumb Code     4  stm32f10x_gpio.o(.text)
    GPIO_PinLockConfig                       0x08000b45   Thumb Code    18  stm32f10x_gpio.o(.text)
    GPIO_EventOutputConfig                   0x08000b57   Thumb Code    26  stm32f10x_gpio.o(.text)
    GPIO_EventOutputCmd                      0x08000b71   Thumb Code     6  stm32f10x_gpio.o(.text)
    GPIO_PinRemapConfig                      0x08000b77   Thumb Code   138  stm32f10x_gpio.o(.text)
    GPIO_EXTILineConfig                      0x08000c01   Thumb Code    66  stm32f10x_gpio.o(.text)
    GPIO_ETH_MediaInterfaceConfig            0x08000c43   Thumb Code     8  stm32f10x_gpio.o(.text)
    I2C_DeInit                               0x08000c71   Thumb Code    50  stm32f10x_i2c.o(.text)
    I2C_Init                                 0x08000ca3   Thumb Code   222  stm32f10x_i2c.o(.text)
    I2C_StructInit                           0x08000d81   Thumb Code    30  stm32f10x_i2c.o(.text)
    I2C_Cmd                                  0x08000d9f   Thumb Code    24  stm32f10x_i2c.o(.text)
    I2C_DMACmd                               0x08000db7   Thumb Code    24  stm32f10x_i2c.o(.text)
    I2C_DMALastTransferCmd                   0x08000dcf   Thumb Code    24  stm32f10x_i2c.o(.text)
    I2C_GenerateSTART                        0x08000de7   Thumb Code    24  stm32f10x_i2c.o(.text)
    I2C_GenerateSTOP                         0x08000dff   Thumb Code    24  stm32f10x_i2c.o(.text)
    I2C_AcknowledgeConfig                    0x08000e17   Thumb Code    24  stm32f10x_i2c.o(.text)
    I2C_OwnAddress2Config                    0x08000e2f   Thumb Code    22  stm32f10x_i2c.o(.text)
    I2C_DualAddressCmd                       0x08000e45   Thumb Code    24  stm32f10x_i2c.o(.text)
    I2C_GeneralCallCmd                       0x08000e5d   Thumb Code    24  stm32f10x_i2c.o(.text)
    I2C_ITConfig                             0x08000e75   Thumb Code    18  stm32f10x_i2c.o(.text)
    I2C_SendData                             0x08000e87   Thumb Code     4  stm32f10x_i2c.o(.text)
    I2C_ReceiveData                          0x08000e8b   Thumb Code     8  stm32f10x_i2c.o(.text)
    I2C_Send7bitAddress                      0x08000e93   Thumb Code    18  stm32f10x_i2c.o(.text)
    I2C_ReadRegister                         0x08000ea5   Thumb Code    22  stm32f10x_i2c.o(.text)
    I2C_SoftwareResetCmd                     0x08000ebb   Thumb Code    22  stm32f10x_i2c.o(.text)
    I2C_NACKPositionConfig                   0x08000ed1   Thumb Code    28  stm32f10x_i2c.o(.text)
    I2C_SMBusAlertConfig                     0x08000eed   Thumb Code    28  stm32f10x_i2c.o(.text)
    I2C_TransmitPEC                          0x08000f09   Thumb Code    24  stm32f10x_i2c.o(.text)
    I2C_PECPositionConfig                    0x08000f21   Thumb Code    28  stm32f10x_i2c.o(.text)
    I2C_CalculatePEC                         0x08000f3d   Thumb Code    24  stm32f10x_i2c.o(.text)
    I2C_GetPEC                               0x08000f55   Thumb Code     8  stm32f10x_i2c.o(.text)
    I2C_ARPCmd                               0x08000f5d   Thumb Code    24  stm32f10x_i2c.o(.text)
    I2C_StretchClockCmd                      0x08000f75   Thumb Code    24  stm32f10x_i2c.o(.text)
    I2C_FastModeDutyCycleConfig              0x08000f8d   Thumb Code    28  stm32f10x_i2c.o(.text)
    I2C_CheckEvent                           0x08000fa9   Thumb Code    42  stm32f10x_i2c.o(.text)
    I2C_GetLastEvent                         0x08000fd3   Thumb Code    26  stm32f10x_i2c.o(.text)
    I2C_GetFlagStatus                        0x08000fed   Thumb Code    58  stm32f10x_i2c.o(.text)
    I2C_ClearFlag                            0x08001027   Thumb Code    12  stm32f10x_i2c.o(.text)
    I2C_GetITStatus                          0x08001033   Thumb Code    54  stm32f10x_i2c.o(.text)
    I2C_ClearITPendingBit                    0x08001069   Thumb Code    12  stm32f10x_i2c.o(.text)
    RCC_DeInit                               0x08001075   Thumb Code    64  stm32f10x_rcc.o(.text)
    RCC_HSEConfig                            0x080010b5   Thumb Code    70  stm32f10x_rcc.o(.text)
    RCC_GetFlagStatus                        0x080010fb   Thumb Code    56  stm32f10x_rcc.o(.text)
    RCC_WaitForHSEStartUp                    0x08001133   Thumb Code    56  stm32f10x_rcc.o(.text)
    RCC_AdjustHSICalibrationValue            0x0800116b   Thumb Code    20  stm32f10x_rcc.o(.text)
    RCC_HSICmd                               0x0800117f   Thumb Code     6  stm32f10x_rcc.o(.text)
    RCC_PLLConfig                            0x08001185   Thumb Code    24  stm32f10x_rcc.o(.text)
    RCC_PLLCmd                               0x0800119d   Thumb Code     6  stm32f10x_rcc.o(.text)
    RCC_SYSCLKConfig                         0x080011a3   Thumb Code    18  stm32f10x_rcc.o(.text)
    RCC_GetSYSCLKSource                      0x080011b5   Thumb Code    10  stm32f10x_rcc.o(.text)
    RCC_HCLKConfig                           0x080011bf   Thumb Code    18  stm32f10x_rcc.o(.text)
    RCC_PCLK1Config                          0x080011d1   Thumb Code    18  stm32f10x_rcc.o(.text)
    RCC_PCLK2Config                          0x080011e3   Thumb Code    20  stm32f10x_rcc.o(.text)
    RCC_ITConfig                             0x080011f7   Thumb Code    26  stm32f10x_rcc.o(.text)
    RCC_USBCLKConfig                         0x08001211   Thumb Code     8  stm32f10x_rcc.o(.text)
    RCC_ADCCLKConfig                         0x08001219   Thumb Code    18  stm32f10x_rcc.o(.text)
    RCC_LSEConfig                            0x0800122b   Thumb Code    50  stm32f10x_rcc.o(.text)
    RCC_LSICmd                               0x0800125d   Thumb Code     6  stm32f10x_rcc.o(.text)
    RCC_RTCCLKConfig                         0x08001263   Thumb Code    12  stm32f10x_rcc.o(.text)
    RCC_RTCCLKCmd                            0x0800126f   Thumb Code     8  stm32f10x_rcc.o(.text)
    RCC_GetClocksFreq                        0x08001277   Thumb Code   192  stm32f10x_rcc.o(.text)
    RCC_AHBPeriphClockCmd                    0x08001337   Thumb Code    26  stm32f10x_rcc.o(.text)
    RCC_APB2PeriphClockCmd                   0x08001351   Thumb Code    26  stm32f10x_rcc.o(.text)
    RCC_APB1PeriphClockCmd                   0x0800136b   Thumb Code    26  stm32f10x_rcc.o(.text)
    RCC_APB2PeriphResetCmd                   0x08001385   Thumb Code    26  stm32f10x_rcc.o(.text)
    RCC_APB1PeriphResetCmd                   0x0800139f   Thumb Code    26  stm32f10x_rcc.o(.text)
    RCC_BackupResetCmd                       0x080013b9   Thumb Code     8  stm32f10x_rcc.o(.text)
    RCC_ClockSecuritySystemCmd               0x080013c1   Thumb Code     6  stm32f10x_rcc.o(.text)
    RCC_MCOConfig                            0x080013c7   Thumb Code     6  stm32f10x_rcc.o(.text)
    RCC_ClearFlag                            0x080013cd   Thumb Code    14  stm32f10x_rcc.o(.text)
    RCC_GetITStatus                          0x080013db   Thumb Code    20  stm32f10x_rcc.o(.text)
    RCC_ClearITPendingBit                    0x080013ef   Thumb Code     6  stm32f10x_rcc.o(.text)
    TIM_DeInit                               0x08001419   Thumb Code   424  stm32f10x_tim.o(.text)
    TIM_TimeBaseInit                         0x080015c1   Thumb Code   122  stm32f10x_tim.o(.text)
    TIM_OC1Init                              0x0800163b   Thumb Code   132  stm32f10x_tim.o(.text)
    TIM_OC2Init                              0x080016bf   Thumb Code   154  stm32f10x_tim.o(.text)
    TIM_OC3Init                              0x08001759   Thumb Code   150  stm32f10x_tim.o(.text)
    TIM_OC4Init                              0x080017ef   Thumb Code   182  stm32f10x_tim.o(.text)
    TIM_SetIC4Prescaler                      0x080018a5   Thumb Code    26  stm32f10x_tim.o(.text)
    TIM_SetIC3Prescaler                      0x08001941   Thumb Code    18  stm32f10x_tim.o(.text)
    TIM_SetIC2Prescaler                      0x080019cd   Thumb Code    26  stm32f10x_tim.o(.text)
    TIM_SetIC1Prescaler                      0x08001a69   Thumb Code    18  stm32f10x_tim.o(.text)
    TIM_ICInit                               0x08001ae7   Thumb Code   150  stm32f10x_tim.o(.text)
    TIM_PWMIConfig                           0x08001b7d   Thumb Code   124  stm32f10x_tim.o(.text)
    TIM_BDTRConfig                           0x08001bf9   Thumb Code    32  stm32f10x_tim.o(.text)
    TIM_TimeBaseStructInit                   0x08001c19   Thumb Code    18  stm32f10x_tim.o(.text)
    TIM_OCStructInit                         0x08001c2b   Thumb Code    20  stm32f10x_tim.o(.text)
    TIM_ICStructInit                         0x08001c3f   Thumb Code    18  stm32f10x_tim.o(.text)
    TIM_BDTRStructInit                       0x08001c51   Thumb Code    40  stm32f10x_tim.o(.text)
    TIM_Cmd                                  0x08001c79   Thumb Code    24  stm32f10x_tim.o(.text)
    TIM_CtrlPWMOutputs                       0x08001c91   Thumb Code    30  stm32f10x_tim.o(.text)
    TIM_ITConfig                             0x08001caf   Thumb Code    18  stm32f10x_tim.o(.text)
    TIM_GenerateEvent                        0x08001cc1   Thumb Code     4  stm32f10x_tim.o(.text)
    TIM_DMAConfig                            0x08001cc5   Thumb Code    10  stm32f10x_tim.o(.text)
    TIM_DMACmd                               0x08001ccf   Thumb Code    18  stm32f10x_tim.o(.text)
    TIM_InternalClockConfig                  0x08001ce1   Thumb Code    12  stm32f10x_tim.o(.text)
    TIM_SelectInputTrigger                   0x08001ced   Thumb Code    18  stm32f10x_tim.o(.text)
    TIM_ITRxExternalClockConfig              0x08001cff   Thumb Code    24  stm32f10x_tim.o(.text)
    TIM_TIxExternalClockConfig               0x08001d17   Thumb Code    62  stm32f10x_tim.o(.text)
    TIM_ETRConfig                            0x08001d55   Thumb Code    28  stm32f10x_tim.o(.text)
    TIM_ETRClockMode1Config                  0x08001d71   Thumb Code    54  stm32f10x_tim.o(.text)
    TIM_ETRClockMode2Config                  0x08001da7   Thumb Code    32  stm32f10x_tim.o(.text)
    TIM_PrescalerConfig                      0x08001dc7   Thumb Code     6  stm32f10x_tim.o(.text)
    TIM_CounterModeConfig                    0x08001dcd   Thumb Code    18  stm32f10x_tim.o(.text)
    TIM_EncoderInterfaceConfig               0x08001ddf   Thumb Code    66  stm32f10x_tim.o(.text)
    TIM_ForcedOC1Config                      0x08001e21   Thumb Code    18  stm32f10x_tim.o(.text)
    TIM_ForcedOC2Config                      0x08001e33   Thumb Code    26  stm32f10x_tim.o(.text)
    TIM_ForcedOC3Config                      0x08001e4d   Thumb Code    18  stm32f10x_tim.o(.text)
    TIM_ForcedOC4Config                      0x08001e5f   Thumb Code    26  stm32f10x_tim.o(.text)
    TIM_ARRPreloadConfig                     0x08001e79   Thumb Code    24  stm32f10x_tim.o(.text)
    TIM_SelectCOM                            0x08001e91   Thumb Code    24  stm32f10x_tim.o(.text)
    TIM_SelectCCDMA                          0x08001ea9   Thumb Code    24  stm32f10x_tim.o(.text)
    TIM_CCPreloadControl                     0x08001ec1   Thumb Code    24  stm32f10x_tim.o(.text)
    TIM_OC1PreloadConfig                     0x08001ed9   Thumb Code    18  stm32f10x_tim.o(.text)
    TIM_OC2PreloadConfig                     0x08001eeb   Thumb Code    26  stm32f10x_tim.o(.text)
    TIM_OC3PreloadConfig                     0x08001f05   Thumb Code    18  stm32f10x_tim.o(.text)
    TIM_OC4PreloadConfig                     0x08001f17   Thumb Code    26  stm32f10x_tim.o(.text)
    TIM_OC1FastConfig                        0x08001f31   Thumb Code    18  stm32f10x_tim.o(.text)
    TIM_OC2FastConfig                        0x08001f43   Thumb Code    26  stm32f10x_tim.o(.text)
    TIM_OC3FastConfig                        0x08001f5d   Thumb Code    18  stm32f10x_tim.o(.text)
    TIM_OC4FastConfig                        0x08001f6f   Thumb Code    26  stm32f10x_tim.o(.text)
    TIM_ClearOC1Ref                          0x08001f89   Thumb Code    18  stm32f10x_tim.o(.text)
    TIM_ClearOC2Ref                          0x08001f9b   Thumb Code    24  stm32f10x_tim.o(.text)
    TIM_ClearOC3Ref                          0x08001fb3   Thumb Code    18  stm32f10x_tim.o(.text)
    TIM_ClearOC4Ref                          0x08001fc5   Thumb Code    24  stm32f10x_tim.o(.text)
    TIM_OC1PolarityConfig                    0x08001fdd   Thumb Code    18  stm32f10x_tim.o(.text)
    TIM_OC1NPolarityConfig                   0x08001fef   Thumb Code    18  stm32f10x_tim.o(.text)
    TIM_OC2PolarityConfig                    0x08002001   Thumb Code    26  stm32f10x_tim.o(.text)
    TIM_OC2NPolarityConfig                   0x0800201b   Thumb Code    26  stm32f10x_tim.o(.text)
    TIM_OC3PolarityConfig                    0x08002035   Thumb Code    26  stm32f10x_tim.o(.text)
    TIM_OC3NPolarityConfig                   0x0800204f   Thumb Code    26  stm32f10x_tim.o(.text)
    TIM_OC4PolarityConfig                    0x08002069   Thumb Code    26  stm32f10x_tim.o(.text)
    TIM_CCxCmd                               0x08002083   Thumb Code    30  stm32f10x_tim.o(.text)
    TIM_CCxNCmd                              0x080020a1   Thumb Code    30  stm32f10x_tim.o(.text)
    TIM_SelectOCxM                           0x080020bf   Thumb Code    82  stm32f10x_tim.o(.text)
    TIM_UpdateDisableConfig                  0x08002111   Thumb Code    24  stm32f10x_tim.o(.text)
    TIM_UpdateRequestConfig                  0x08002129   Thumb Code    24  stm32f10x_tim.o(.text)
    TIM_SelectHallSensor                     0x08002141   Thumb Code    24  stm32f10x_tim.o(.text)
    TIM_SelectOnePulseMode                   0x08002159   Thumb Code    18  stm32f10x_tim.o(.text)
    TIM_SelectOutputTrigger                  0x0800216b   Thumb Code    18  stm32f10x_tim.o(.text)
    TIM_SelectSlaveMode                      0x0800217d   Thumb Code    18  stm32f10x_tim.o(.text)
    TIM_SelectMasterSlaveMode                0x0800218f   Thumb Code    18  stm32f10x_tim.o(.text)
    TIM_SetCounter                           0x080021a1   Thumb Code     4  stm32f10x_tim.o(.text)
    TIM_SetAutoreload                        0x080021a5   Thumb Code     4  stm32f10x_tim.o(.text)
    TIM_SetCompare1                          0x080021a9   Thumb Code     4  stm32f10x_tim.o(.text)
    TIM_SetCompare2                          0x080021ad   Thumb Code     4  stm32f10x_tim.o(.text)
    TIM_SetCompare3                          0x080021b1   Thumb Code     4  stm32f10x_tim.o(.text)
    TIM_SetCompare4                          0x080021b5   Thumb Code     6  stm32f10x_tim.o(.text)
    TIM_SetClockDivision                     0x080021bb   Thumb Code    18  stm32f10x_tim.o(.text)
    TIM_GetCapture1                          0x080021cd   Thumb Code     6  stm32f10x_tim.o(.text)
    TIM_GetCapture2                          0x080021d3   Thumb Code     6  stm32f10x_tim.o(.text)
    TIM_GetCapture3                          0x080021d9   Thumb Code     6  stm32f10x_tim.o(.text)
    TIM_GetCapture4                          0x080021df   Thumb Code     8  stm32f10x_tim.o(.text)
    TIM_GetCounter                           0x080021e7   Thumb Code     6  stm32f10x_tim.o(.text)
    TIM_GetPrescaler                         0x080021ed   Thumb Code     6  stm32f10x_tim.o(.text)
    TIM_GetFlagStatus                        0x080021f3   Thumb Code    18  stm32f10x_tim.o(.text)
    TIM_ClearFlag                            0x08002205   Thumb Code     6  stm32f10x_tim.o(.text)
    TIM_GetITStatus                          0x0800220b   Thumb Code    34  stm32f10x_tim.o(.text)
    TIM_ClearITPendingBit                    0x0800222d   Thumb Code     6  stm32f10x_tim.o(.text)
    USART_DeInit                             0x08002235   Thumb Code   134  stm32f10x_usart.o(.text)
    USART_Init                               0x080022bb   Thumb Code   210  stm32f10x_usart.o(.text)
    USART_StructInit                         0x0800238d   Thumb Code    24  stm32f10x_usart.o(.text)
    USART_ClockInit                          0x080023a5   Thumb Code    34  stm32f10x_usart.o(.text)
    USART_ClockStructInit                    0x080023c7   Thumb Code    12  stm32f10x_usart.o(.text)
    USART_Cmd                                0x080023d3   Thumb Code    24  stm32f10x_usart.o(.text)
    USART_ITConfig                           0x080023eb   Thumb Code    74  stm32f10x_usart.o(.text)
    USART_DMACmd                             0x08002435   Thumb Code    18  stm32f10x_usart.o(.text)
    USART_SetAddress                         0x08002447   Thumb Code    18  stm32f10x_usart.o(.text)
    USART_WakeUpConfig                       0x08002459   Thumb Code    18  stm32f10x_usart.o(.text)
    USART_ReceiverWakeUpCmd                  0x0800246b   Thumb Code    24  stm32f10x_usart.o(.text)
    USART_LINBreakDetectLengthConfig         0x08002483   Thumb Code    18  stm32f10x_usart.o(.text)
    USART_LINCmd                             0x08002495   Thumb Code    24  stm32f10x_usart.o(.text)
    USART_SendData                           0x080024ad   Thumb Code     8  stm32f10x_usart.o(.text)
    USART_ReceiveData                        0x080024b5   Thumb Code    10  stm32f10x_usart.o(.text)
    USART_SendBreak                          0x080024bf   Thumb Code    10  stm32f10x_usart.o(.text)
    USART_SetGuardTime                       0x080024c9   Thumb Code    16  stm32f10x_usart.o(.text)
    USART_SetPrescaler                       0x080024d9   Thumb Code    16  stm32f10x_usart.o(.text)
    USART_SmartCardCmd                       0x080024e9   Thumb Code    24  stm32f10x_usart.o(.text)
    USART_SmartCardNACKCmd                   0x08002501   Thumb Code    24  stm32f10x_usart.o(.text)
    USART_HalfDuplexCmd                      0x08002519   Thumb Code    24  stm32f10x_usart.o(.text)
    USART_OverSampling8Cmd                   0x08002531   Thumb Code    22  stm32f10x_usart.o(.text)
    USART_OneBitMethodCmd                    0x08002547   Thumb Code    24  stm32f10x_usart.o(.text)
    USART_IrDAConfig                         0x0800255f   Thumb Code    18  stm32f10x_usart.o(.text)
    USART_IrDACmd                            0x08002571   Thumb Code    24  stm32f10x_usart.o(.text)
    USART_GetFlagStatus                      0x08002589   Thumb Code    26  stm32f10x_usart.o(.text)
    USART_ClearFlag                          0x080025a3   Thumb Code    18  stm32f10x_usart.o(.text)
    USART_GetITStatus                        0x080025b5   Thumb Code    84  stm32f10x_usart.o(.text)
    USART_ClearITPendingBit                  0x08002609   Thumb Code    52  stm32f10x_usart.o(.text)
    Timer_Init                               0x0800263d   Thumb Code   122  timer.o(.text)
    Madgwick_Init                            0x080026b9   Thumb Code     2  madgwick.o(.text)
    Madgwick_Update                          0x080026bb   Thumb Code  1946  madgwick.o(.text)
    MPU6050_WaitEvent                        0x08002e61   Thumb Code    34  mpu6050.o(.text)
    MPU6050_WriteReg                         0x08002e83   Thumb Code    86  mpu6050.o(.text)
    MPU6050_ReadReg                          0x08002ed9   Thumb Code   138  mpu6050.o(.text)
    MPU6050_Init                             0x08002f63   Thumb Code   166  mpu6050.o(.text)
    MPU6050_GetID                            0x08003009   Thumb Code    10  mpu6050.o(.text)
    MPU6050_GetData                          0x08003013   Thumb Code   172  mpu6050.o(.text)
    MPU6050_DataInit                         0x080030bf   Thumb Code   216  mpu6050.o(.text)
    Serial_Init                              0x080031b1   Thumb Code   168  serial.o(.text)
    USART1_IRQHandler                        0x08003259   Thumb Code   138  serial.o(.text)
    Serial_SendByte                          0x080032e3   Thumb Code    28  serial.o(.text)
    Serial_SendArray                         0x080032ff   Thumb Code    42  serial.o(.text)
    Serial_SendString                        0x08003329   Thumb Code    42  serial.o(.text)
    Serial_Pow                               0x08003353   Thumb Code    20  serial.o(.text)
    Serial_SendNum                           0x08003367   Thumb Code    74  serial.o(.text)
    fputc                                    0x080033b1   Thumb Code    16  serial.o(.text)
    Serial_Printf                            0x080033c1   Thumb Code    36  serial.o(.text)
    Serial_HeartBeat                         0x080033e5   Thumb Code    10  serial.o(.text)
    HeartBeat_Tick                           0x080033ef   Thumb Code    30  serial.o(.text)
    OLED_W_SCL                               0x08003431   Thumb Code    18  oled.o(.text)
    OLED_W_SDA                               0x08003443   Thumb Code    18  oled.o(.text)
    OLED_GPIO_Init                           0x08003455   Thumb Code    92  oled.o(.text)
    OLED_I2C_Start                           0x080034b1   Thumb Code    28  oled.o(.text)
    OLED_I2C_Stop                            0x080034cd   Thumb Code    22  oled.o(.text)
    OLED_I2C_SendByte                        0x080034e3   Thumb Code    62  oled.o(.text)
    OLED_WriteCommand                        0x08003521   Thumb Code    32  oled.o(.text)
    OLED_WriteData                           0x08003541   Thumb Code    46  oled.o(.text)
    OLED_SetCursor                           0x0800356f   Thumb Code    34  oled.o(.text)
    OLED_Update                              0x08003591   Thumb Code    36  oled.o(.text)
    OLED_Clear                               0x080035b5   Thumb Code    36  oled.o(.text)
    OLED_Init                                0x080035d9   Thumb Code   154  oled.o(.text)
    OLED_Pow                                 0x08003673   Thumb Code    20  oled.o(.text)
    OLED_pnpoly                              0x08003687   Thumb Code   140  oled.o(.text)
    OLED_IsInAngle                           0x08003713   Thumb Code   110  oled.o(.text)
    OLED_UpdateArea                          0x08003781   Thumb Code   120  oled.o(.text)
    OLED_ClearArea                           0x080037f9   Thumb Code   164  oled.o(.text)
    OLED_Reverse                             0x0800389d   Thumb Code    46  oled.o(.text)
    OLED_ReverseArea                         0x080038cb   Thumb Code   140  oled.o(.text)
    OLED_ShowImage                           0x08003957   Thumb Code   248  oled.o(.text)
    OLED_ShowChar                            0x08003a4f   Thumb Code    74  oled.o(.text)
    OLED_ShowString                          0x08003a99   Thumb Code   442  oled.o(.text)
    OLED_ShowNum                             0x08003c53   Thumb Code    98  oled.o(.text)
    OLED_ShowSignedNum                       0x08003cb5   Thumb Code   112  oled.o(.text)
    OLED_ShowHexNum                          0x08003d25   Thumb Code    96  oled.o(.text)
    OLED_ShowBinNum                          0x08003d85   Thumb Code    70  oled.o(.text)
    OLED_ShowFloatNum                        0x08003dcb   Thumb Code   210  oled.o(.text)
    OLED_Printf                              0x08003e9d   Thumb Code    50  oled.o(.text)
    OLED_DrawPoint                           0x08003ecf   Thumb Code    76  oled.o(.text)
    OLED_GetPoint                            0x08003f1b   Thumb Code    64  oled.o(.text)
    OLED_DrawLine                            0x08003f5b   Thumb Code   374  oled.o(.text)
    OLED_DrawRectangle                       0x080040d1   Thumb Code   142  oled.o(.text)
    OLED_DrawTriangle                        0x0800415f   Thumb Code   232  oled.o(.text)
    OLED_DrawCircle                          0x08004247   Thumb Code   356  oled.o(.text)
    OLED_DrawEllipse                         0x080043ab   Thumb Code   806  oled.o(.text)
    OLED_DrawArc                             0x080046d1   Thumb Code   624  oled.o(.text)
    vsprintf                                 0x08004941   Thumb Code    32  vsprintf.o(.text)
    strcmp                                   0x08004965   Thumb Code   128  strcmpv7m.o(.text)
    __use_two_region_memory                  0x080049e5   Thumb Code     2  heapauxi.o(.text)
    __rt_heap_escrow$2region                 0x080049e7   Thumb Code     2  heapauxi.o(.text)
    __rt_heap_expand$2region                 0x080049e9   Thumb Code     2  heapauxi.o(.text)
    __read_errno                             0x080049eb   Thumb Code    10  _rserrno.o(.text)
    __set_errno                              0x080049f5   Thumb Code    12  _rserrno.o(.text)
    _printf_pre_padding                      0x08004a01   Thumb Code    44  _printf_pad.o(.text)
    _printf_post_padding                     0x08004a2d   Thumb Code    34  _printf_pad.o(.text)
    _printf_truncate_signed                  0x08004a4f   Thumb Code    18  _printf_truncate.o(.text)
    _printf_truncate_unsigned                0x08004a61   Thumb Code    18  _printf_truncate.o(.text)
    _printf_str                              0x08004a73   Thumb Code    82  _printf_str.o(.text)
    _printf_int_dec                          0x08004ac5   Thumb Code   104  _printf_dec.o(.text)
    _printf_charcount                        0x08004b3d   Thumb Code    40  _printf_charcount.o(.text)
    _printf_char_common                      0x08004b6f   Thumb Code    32  _printf_char_common.o(.text)
    _sputc                                   0x08004b95   Thumb Code    10  _sputc.o(.text)
    _printf_wctomb                           0x08004ba1   Thumb Code   182  _printf_wctomb.o(.text)
    _printf_longlong_dec                     0x08004c5d   Thumb Code   108  _printf_longlong_dec.o(.text)
    _printf_longlong_oct                     0x08004cd9   Thumb Code    66  _printf_oct_int_ll.o(.text)
    _printf_int_oct                          0x08004d1b   Thumb Code    24  _printf_oct_int_ll.o(.text)
    _printf_ll_oct                           0x08004d33   Thumb Code    12  _printf_oct_int_ll.o(.text)
    _printf_longlong_hex                     0x08004d49   Thumb Code    86  _printf_hex_int_ll_ptr.o(.text)
    _printf_int_hex                          0x08004d9f   Thumb Code    28  _printf_hex_int_ll_ptr.o(.text)
    _printf_ll_hex                           0x08004dbb   Thumb Code    12  _printf_hex_int_ll_ptr.o(.text)
    _printf_hex_ptr                          0x08004dc7   Thumb Code    18  _printf_hex_int_ll_ptr.o(.text)
    __printf                                 0x08004ddd   Thumb Code   388  __printf_flags_ss_wp.o(.text)
    __aeabi_errno_addr                       0x08004f65   Thumb Code     8  rt_errno_addr_intlibspace.o(.text)
    __errno$intlibspace                      0x08004f65   Thumb Code     0  rt_errno_addr_intlibspace.o(.text)
    __rt_errno_addr$intlibspace              0x08004f65   Thumb Code     0  rt_errno_addr_intlibspace.o(.text)
    _ll_udiv10                               0x08004f6d   Thumb Code   138  lludiv10.o(.text)
    _printf_int_common                       0x08004ff7   Thumb Code   178  _printf_intcommon.o(.text)
    __lib_sel_fp_printf                      0x080050a9   Thumb Code     2  _printf_fp_dec.o(.text)
    _printf_fp_dec_real                      0x0800525b   Thumb Code   620  _printf_fp_dec.o(.text)
    _printf_fp_hex_real                      0x080054c9   Thumb Code   756  _printf_fp_hex.o(.text)
    _printf_cs_common                        0x080057c5   Thumb Code    20  _printf_char.o(.text)
    _printf_char                             0x080057d9   Thumb Code    16  _printf_char.o(.text)
    _printf_string                           0x080057e9   Thumb Code     8  _printf_char.o(.text)
    _printf_lcs_common                       0x080057f1   Thumb Code    20  _printf_wchar.o(.text)
    _printf_wchar                            0x08005805   Thumb Code    16  _printf_wchar.o(.text)
    _printf_wstring                          0x08005815   Thumb Code     8  _printf_wchar.o(.text)
    _wcrtomb                                 0x0800581d   Thumb Code    64  _wcrtomb.o(.text)
    __user_libspace                          0x0800585d   Thumb Code     8  libspace.o(.text)
    __user_perproc_libspace                  0x0800585d   Thumb Code     0  libspace.o(.text)
    __user_perthread_libspace                0x0800585d   Thumb Code     0  libspace.o(.text)
    __user_setup_stackheap                   0x08005865   Thumb Code    74  sys_stackheap_outer.o(.text)
    __rt_ctype_table                         0x080058b1   Thumb Code    16  rt_ctype_table.o(.text)
    __rt_locale                              0x080058c1   Thumb Code     8  rt_locale_intlibspace.o(.text)
    _printf_fp_infnan                        0x080058c9   Thumb Code   112  _printf_fp_infnan.o(.text)
    _btod_etento                             0x08005949   Thumb Code   224  bigflt0.o(.text)
    exit                                     0x08005a2d   Thumb Code    18  exit.o(.text)
    _sys_exit                                0x08005a41   Thumb Code     8  sys_exit.o(.text)
    __I$use$semihosting                      0x08005a4d   Thumb Code     0  use_no_semi.o(.text)
    __use_no_semihosting_swi                 0x08005a4d   Thumb Code     2  use_no_semi.o(.text)
    __semihosting_library_function           0x08005a4f   Thumb Code     0  indicate_semi.o(.text)
    _btod_d2e                                0x08005a4f   Thumb Code    62  btod.o(CL$$btod_d2e)
    _d2e_denorm_low                          0x08005a8d   Thumb Code    70  btod.o(CL$$btod_d2e_denorm_low)
    _d2e_norm_op1                            0x08005ad3   Thumb Code    96  btod.o(CL$$btod_d2e_norm_op1)
    __btod_div_common                        0x08005b33   Thumb Code   696  btod.o(CL$$btod_div_common)
    _e2e                                     0x08005e6b   Thumb Code   220  btod.o(CL$$btod_e2e)
    _btod_ediv                               0x08005f47   Thumb Code    42  btod.o(CL$$btod_ediv)
    _btod_emul                               0x08005f71   Thumb Code    42  btod.o(CL$$btod_emul)
    __btod_mult_common                       0x08005f9b   Thumb Code   580  btod.o(CL$$btod_mult_common)
    __ARM_fpclassify                         0x080061df   Thumb Code    40  fpclassify.o(i.__ARM_fpclassify)
    __kernel_poly                            0x08006207   Thumb Code   170  poly.o(i.__kernel_poly)
    __mathlib_dbl_infnan                     0x080062b1   Thumb Code     6  dunder.o(i.__mathlib_dbl_infnan)
    __mathlib_dbl_infnan2                    0x080062b7   Thumb Code     4  dunder.o(i.__mathlib_dbl_infnan2)
    __mathlib_dbl_underflow                  0x080062bd   Thumb Code    10  dunder.o(i.__mathlib_dbl_underflow)
    _is_digit                                0x080062cd   Thumb Code    14  __printf_wp.o(i._is_digit)
    atan                                     0x080062dd   Thumb Code   474  atan.o(i.atan)
    atan2                                    0x080064fd   Thumb Code   346  atan2.o(i.atan2)
    round                                    0x0800667d   Thumb Code   136  round.o(i.round)
    sqrt                                     0x08006711   Thumb Code    76  sqrt.o(i.sqrt)
    _get_lc_numeric                          0x0800675d   Thumb Code    44  lc_numeric_c.o(locale$$code)
    _get_lc_ctype                            0x08006789   Thumb Code    44  lc_ctype_c.o(locale$$code)
    __aeabi_d2f                              0x080067b5   Thumb Code     0  d2f.o(x$fpl$d2f)
    _d2f                                     0x080067b5   Thumb Code    98  d2f.o(x$fpl$d2f)
    __aeabi_dadd                             0x08006819   Thumb Code     0  daddsub_clz.o(x$fpl$dadd)
    _dadd                                    0x08006819   Thumb Code   332  daddsub_clz.o(x$fpl$dadd)
    __fpl_dcheck_NaN1                        0x08006969   Thumb Code    10  dcheck1.o(x$fpl$dcheck1)
    __fpl_dcmp_Inf                           0x08006979   Thumb Code    24  dcmpi.o(x$fpl$dcmpinf)
    __aeabi_ddiv                             0x08006991   Thumb Code     0  ddiv.o(x$fpl$ddiv)
    _ddiv                                    0x08006991   Thumb Code   552  ddiv.o(x$fpl$ddiv)
    __aeabi_d2iz                             0x08006c41   Thumb Code     0  dfix.o(x$fpl$dfix)
    _dfix                                    0x08006c41   Thumb Code    94  dfix.o(x$fpl$dfix)
    __aeabi_d2uiz                            0x08006ca1   Thumb Code     0  dfixu.o(x$fpl$dfixu)
    _dfixu                                   0x08006ca1   Thumb Code    90  dfixu.o(x$fpl$dfixu)
    __aeabi_i2d                              0x08006cfb   Thumb Code     0  dflt_clz.o(x$fpl$dflt)
    _dflt                                    0x08006cfb   Thumb Code    46  dflt_clz.o(x$fpl$dflt)
    __aeabi_ui2d                             0x08006d29   Thumb Code     0  dflt_clz.o(x$fpl$dfltu)
    _dfltu                                   0x08006d29   Thumb Code    38  dflt_clz.o(x$fpl$dfltu)
    __aeabi_cdcmple                          0x08006d51   Thumb Code     0  dleqf.o(x$fpl$dleqf)
    _dcmple                                  0x08006d51   Thumb Code   120  dleqf.o(x$fpl$dleqf)
    __fpl_dcmple_InfNaN                      0x08006db3   Thumb Code     0  dleqf.o(x$fpl$dleqf)
    __aeabi_dmul                             0x08006dc9   Thumb Code     0  dmul.o(x$fpl$dmul)
    _dmul                                    0x08006dc9   Thumb Code   332  dmul.o(x$fpl$dmul)
    __fpl_dnaninf                            0x08006f1d   Thumb Code   156  dnaninf.o(x$fpl$dnaninf)
    __fpl_dretinf                            0x08006fb9   Thumb Code    12  dretinf.o(x$fpl$dretinf)
    __aeabi_cdrcmple                         0x08006fc5   Thumb Code     0  drleqf.o(x$fpl$drleqf)
    _drcmple                                 0x08006fc5   Thumb Code   108  drleqf.o(x$fpl$drleqf)
    _drnd                                    0x08007031   Thumb Code   180  drnd.o(x$fpl$drnd)
    __aeabi_drsub                            0x080070e5   Thumb Code     0  daddsub_clz.o(x$fpl$drsb)
    _drsb                                    0x080070e5   Thumb Code    22  daddsub_clz.o(x$fpl$drsb)
    _dsqrt                                   0x080070fd   Thumb Code   456  dsqrt_noumaal.o(x$fpl$dsqrt)
    __aeabi_dsub                             0x080072c9   Thumb Code     0  daddsub_clz.o(x$fpl$dsub)
    _dsub                                    0x080072c9   Thumb Code   464  daddsub_clz.o(x$fpl$dsub)
    __aeabi_f2d                              0x0800749d   Thumb Code     0  f2d.o(x$fpl$f2d)
    _f2d                                     0x0800749d   Thumb Code    86  f2d.o(x$fpl$f2d)
    __aeabi_fadd                             0x080074f5   Thumb Code     0  faddsub_clz.o(x$fpl$fadd)
    _fadd                                    0x080074f5   Thumb Code   196  faddsub_clz.o(x$fpl$fadd)
    __fpl_fcmp_Inf                           0x080075b9   Thumb Code    24  fcmpi.o(x$fpl$fcmpinf)
    __aeabi_fdiv                             0x080075d1   Thumb Code     0  fdiv.o(x$fpl$fdiv)
    _fdiv                                    0x080075d1   Thumb Code   384  fdiv.o(x$fpl$fdiv)
    __aeabi_i2f                              0x08007755   Thumb Code     0  fflt_clz.o(x$fpl$fflt)
    _fflt                                    0x08007755   Thumb Code    48  fflt_clz.o(x$fpl$fflt)
    __aeabi_cfcmple                          0x08007785   Thumb Code     0  fleqf.o(x$fpl$fleqf)
    _fcmple                                  0x08007785   Thumb Code   104  fleqf.o(x$fpl$fleqf)
    __fpl_fcmple_InfNaN                      0x080077d7   Thumb Code     0  fleqf.o(x$fpl$fleqf)
    __aeabi_fmul                             0x080077ed   Thumb Code     0  fmul.o(x$fpl$fmul)
    _fmul                                    0x080077ed   Thumb Code   258  fmul.o(x$fpl$fmul)
    __fpl_fnaninf                            0x080078ef   Thumb Code   140  fnaninf.o(x$fpl$fnaninf)
    __fpl_fretinf                            0x0800797b   Thumb Code    10  fretinf.o(x$fpl$fretinf)
    __aeabi_frsub                            0x08007985   Thumb Code     0  faddsub_clz.o(x$fpl$frsb)
    _frsb                                    0x08007985   Thumb Code    20  faddsub_clz.o(x$fpl$frsb)
    __aeabi_fsub                             0x08007999   Thumb Code     0  faddsub_clz.o(x$fpl$fsub)
    _fsub                                    0x08007999   Thumb Code   234  faddsub_clz.o(x$fpl$fsub)
    _printf_fp_dec                           0x08007a83   Thumb Code     4  printf1.o(x$fpl$printf1)
    _printf_fp_hex                           0x08007a87   Thumb Code     4  printf2.o(x$fpl$printf2)
    __fpl_return_NaN                         0x08007a8b   Thumb Code   100  retnan.o(x$fpl$retnan)
    __ARM_scalbn                             0x08007aef   Thumb Code    92  scalbn.o(x$fpl$scalbn)
    __fpl_cmpreturn                          0x08007b4b   Thumb Code    48  trapv.o(x$fpl$trapveneer)
    OLED_F8x16                               0x08007b7a   Data        1520  oled_data.o(.constdata)
    __I$use$fp                               0x08007b7a   Number         0  usenofp.o(x$fpl$usenofp)
    OLED_F6x8                                0x0800816a   Data         570  oled_data.o(.constdata)
    OLED_CF16x16                             0x080083a4   Data         259  oled_data.o(.constdata)
    Diode                                    0x080084a7   Data          32  oled_data.o(.constdata)
    __mathlib_zero                           0x080085a8   Data           8  qnan.o(.constdata)
    Region$$Table$$Base                      0x0800866c   Number         0  anon$$obj.o(Region$$Table)
    Region$$Table$$Limit                     0x0800868c   Number         0  anon$$obj.o(Region$$Table)
    __ctype                                  0x080086b5   Data           0  lc_ctype_c.o(locale$$data)
    SystemCoreClock                          0x20000000   Data           4  system_stm32f10x.o(.data)
    AHBPrescTable                            0x20000004   Data          16  system_stm32f10x.o(.data)
    KeyNum                                   0x20000014   Data           1  main.o(.data)
    AX                                       0x20000016   Data           2  main.o(.data)
    AY                                       0x20000018   Data           2  main.o(.data)
    AZ                                       0x2000001a   Data           2  main.o(.data)
    GX                                       0x2000001c   Data           2  main.o(.data)
    GY                                       0x2000001e   Data           2  main.o(.data)
    GZ                                       0x20000020   Data           2  main.o(.data)
    id                                       0x20000022   Data           1  main.o(.data)
    time                                     0x20000024   Data           2  main.o(.data)
    Flag                                     0x20000026   Data           2  main.o(.data)
    Yaw_g                                    0x2000002c   Data           4  main.o(.data)
    Pitch_g                                  0x20000030   Data           4  main.o(.data)
    Roll_g                                   0x20000034   Data           4  main.o(.data)
    Pitch_a                                  0x20000038   Data           4  main.o(.data)
    Roll_a                                   0x2000003c   Data           4  main.o(.data)
    Yaw                                      0x20000040   Data           4  main.o(.data)
    Pitch                                    0x20000044   Data           4  main.o(.data)
    Roll                                     0x20000048   Data           4  main.o(.data)
    rate                                     0x2000004c   Data           4  main.o(.data)
    X                                        0x20000050   Data          16  main.o(.data)
    Y                                        0x20000060   Data          16  main.o(.data)
    Z                                        0x20000070   Data          16  main.o(.data)
    MF                                       0x20000080   Data          16  main.o(.data)
    MADGWICK_BETA                            0x200000a4   Data           4  madgwick.o(.data)
    Serial_RxFlag                            0x200000aa   Data           1  serial.o(.data)
    Result                                   0x200000b0   Data          24  main.o(.bss)
    Serial_RxPacket                          0x200000c8   Data         101  serial.o(.bss)
    OLED_DisplayBuf                          0x2000012d   Data        1024  oled.o(.bss)
    __libspace_start                         0x20000530   Data          96  libspace.o(.bss)
    __temporary_stack_top$libspace           0x20000590   Data           0  libspace.o(.bss)



==============================================================================

Memory Map of the image

  Image Entry point : 0x080000ed

  Load Region LR_IROM1 (Base: 0x08000000, Size: 0x00008868, Max: 0x00010000, ABSOLUTE)

    Execution Region ER_IROM1 (Exec base: 0x08000000, Load base: 0x08000000, Size: 0x000087b8, Max: 0x00010000, ABSOLUTE)

    Exec Addr    Load Addr    Size         Type   Attr      Idx    E Section Name        Object

    0x08000000   0x08000000   0x000000ec   Data   RO            3    RESET               startup_stm32f10x_md.o
    0x080000ec   0x080000ec   0x00000008   Code   RO          933  * !!!main             c_w.l(__main.o)
    0x080000f4   0x080000f4   0x00000034   Code   RO         1382    !!!scatter          c_w.l(__scatter.o)
    0x08000128   0x08000128   0x0000001a   Code   RO         1384    !!handler_copy      c_w.l(__scatter_copy.o)
    0x08000142   0x08000142   0x00000002   PAD
    0x08000144   0x08000144   0x0000001c   Code   RO         1386    !!handler_zi        c_w.l(__scatter_zi.o)
    0x08000160   0x08000160   0x00000000   Code   RO         1091    .ARM.Collect$$_printf_percent$$00000000  c_w.l(_printf_percent.o)
    0x08000160   0x08000160   0x00000006   Code   RO         1080    .ARM.Collect$$_printf_percent$$00000001  c_w.l(_printf_n.o)
    0x08000166   0x08000166   0x00000006   Code   RO         1082    .ARM.Collect$$_printf_percent$$00000002  c_w.l(_printf_p.o)
    0x0800016c   0x0800016c   0x00000006   Code   RO         1087    .ARM.Collect$$_printf_percent$$00000003  c_w.l(_printf_f.o)
    0x08000172   0x08000172   0x00000006   Code   RO         1088    .ARM.Collect$$_printf_percent$$00000004  c_w.l(_printf_e.o)
    0x08000178   0x08000178   0x00000006   Code   RO         1089    .ARM.Collect$$_printf_percent$$00000005  c_w.l(_printf_g.o)
    0x0800017e   0x0800017e   0x00000006   Code   RO         1090    .ARM.Collect$$_printf_percent$$00000006  c_w.l(_printf_a.o)
    0x08000184   0x08000184   0x0000000a   Code   RO         1095    .ARM.Collect$$_printf_percent$$00000007  c_w.l(_printf_ll.o)
    0x0800018e   0x0800018e   0x00000006   Code   RO         1084    .ARM.Collect$$_printf_percent$$00000008  c_w.l(_printf_i.o)
    0x08000194   0x08000194   0x00000006   Code   RO         1085    .ARM.Collect$$_printf_percent$$00000009  c_w.l(_printf_d.o)
    0x0800019a   0x0800019a   0x00000006   Code   RO         1086    .ARM.Collect$$_printf_percent$$0000000A  c_w.l(_printf_u.o)
    0x080001a0   0x080001a0   0x00000006   Code   RO         1083    .ARM.Collect$$_printf_percent$$0000000B  c_w.l(_printf_o.o)
    0x080001a6   0x080001a6   0x00000006   Code   RO         1081    .ARM.Collect$$_printf_percent$$0000000C  c_w.l(_printf_x.o)
    0x080001ac   0x080001ac   0x00000006   Code   RO         1092    .ARM.Collect$$_printf_percent$$0000000D  c_w.l(_printf_lli.o)
    0x080001b2   0x080001b2   0x00000006   Code   RO         1093    .ARM.Collect$$_printf_percent$$0000000E  c_w.l(_printf_lld.o)
    0x080001b8   0x080001b8   0x00000006   Code   RO         1094    .ARM.Collect$$_printf_percent$$0000000F  c_w.l(_printf_llu.o)
    0x080001be   0x080001be   0x00000006   Code   RO         1099    .ARM.Collect$$_printf_percent$$00000010  c_w.l(_printf_llo.o)
    0x080001c4   0x080001c4   0x00000006   Code   RO         1100    .ARM.Collect$$_printf_percent$$00000011  c_w.l(_printf_llx.o)
    0x080001ca   0x080001ca   0x0000000a   Code   RO         1096    .ARM.Collect$$_printf_percent$$00000012  c_w.l(_printf_l.o)
    0x080001d4   0x080001d4   0x00000006   Code   RO         1078    .ARM.Collect$$_printf_percent$$00000013  c_w.l(_printf_c.o)
    0x080001da   0x080001da   0x00000006   Code   RO         1079    .ARM.Collect$$_printf_percent$$00000014  c_w.l(_printf_s.o)
    0x080001e0   0x080001e0   0x00000006   Code   RO         1097    .ARM.Collect$$_printf_percent$$00000015  c_w.l(_printf_lc.o)
    0x080001e6   0x080001e6   0x00000006   Code   RO         1098    .ARM.Collect$$_printf_percent$$00000016  c_w.l(_printf_ls.o)
    0x080001ec   0x080001ec   0x00000004   Code   RO         1186    .ARM.Collect$$_printf_percent$$00000017  c_w.l(_printf_percent_end.o)
    0x080001f0   0x080001f0   0x00000002   Code   RO         1244    .ARM.Collect$$libinit$$00000000  c_w.l(libinit.o)
    0x080001f2   0x080001f2   0x00000000   Code   RO         1255    .ARM.Collect$$libinit$$00000002  c_w.l(libinit2.o)
    0x080001f2   0x080001f2   0x00000000   Code   RO         1257    .ARM.Collect$$libinit$$00000004  c_w.l(libinit2.o)
    0x080001f2   0x080001f2   0x00000000   Code   RO         1260    .ARM.Collect$$libinit$$0000000A  c_w.l(libinit2.o)
    0x080001f2   0x080001f2   0x00000000   Code   RO         1262    .ARM.Collect$$libinit$$0000000C  c_w.l(libinit2.o)
    0x080001f2   0x080001f2   0x00000000   Code   RO         1264    .ARM.Collect$$libinit$$0000000E  c_w.l(libinit2.o)
    0x080001f2   0x080001f2   0x00000006   Code   RO         1265    .ARM.Collect$$libinit$$0000000F  c_w.l(libinit2.o)
    0x080001f8   0x080001f8   0x00000000   Code   RO         1267    .ARM.Collect$$libinit$$00000011  c_w.l(libinit2.o)
    0x080001f8   0x080001f8   0x0000000c   Code   RO         1268    .ARM.Collect$$libinit$$00000012  c_w.l(libinit2.o)
    0x08000204   0x08000204   0x00000000   Code   RO         1269    .ARM.Collect$$libinit$$00000013  c_w.l(libinit2.o)
    0x08000204   0x08000204   0x00000000   Code   RO         1271    .ARM.Collect$$libinit$$00000015  c_w.l(libinit2.o)
    0x08000204   0x08000204   0x0000000a   Code   RO         1272    .ARM.Collect$$libinit$$00000016  c_w.l(libinit2.o)
    0x0800020e   0x0800020e   0x00000000   Code   RO         1273    .ARM.Collect$$libinit$$00000017  c_w.l(libinit2.o)
    0x0800020e   0x0800020e   0x00000000   Code   RO         1275    .ARM.Collect$$libinit$$00000019  c_w.l(libinit2.o)
    0x0800020e   0x0800020e   0x00000000   Code   RO         1277    .ARM.Collect$$libinit$$0000001B  c_w.l(libinit2.o)
    0x0800020e   0x0800020e   0x00000000   Code   RO         1279    .ARM.Collect$$libinit$$0000001D  c_w.l(libinit2.o)
    0x0800020e   0x0800020e   0x00000000   Code   RO         1281    .ARM.Collect$$libinit$$0000001F  c_w.l(libinit2.o)
    0x0800020e   0x0800020e   0x00000000   Code   RO         1283    .ARM.Collect$$libinit$$00000021  c_w.l(libinit2.o)
    0x0800020e   0x0800020e   0x00000000   Code   RO         1285    .ARM.Collect$$libinit$$00000023  c_w.l(libinit2.o)
    0x0800020e   0x0800020e   0x00000000   Code   RO         1287    .ARM.Collect$$libinit$$00000025  c_w.l(libinit2.o)
    0x0800020e   0x0800020e   0x00000000   Code   RO         1291    .ARM.Collect$$libinit$$0000002C  c_w.l(libinit2.o)
    0x0800020e   0x0800020e   0x00000000   Code   RO         1293    .ARM.Collect$$libinit$$0000002E  c_w.l(libinit2.o)
    0x0800020e   0x0800020e   0x00000000   Code   RO         1295    .ARM.Collect$$libinit$$00000030  c_w.l(libinit2.o)
    0x0800020e   0x0800020e   0x00000000   Code   RO         1297    .ARM.Collect$$libinit$$00000032  c_w.l(libinit2.o)
    0x0800020e   0x0800020e   0x00000002   Code   RO         1298    .ARM.Collect$$libinit$$00000033  c_w.l(libinit2.o)
    0x08000210   0x08000210   0x00000002   Code   RO         1322    .ARM.Collect$$libshutdown$$00000000  c_w.l(libshutdown.o)
    0x08000212   0x08000212   0x00000000   Code   RO         1335    .ARM.Collect$$libshutdown$$00000002  c_w.l(libshutdown2.o)
    0x08000212   0x08000212   0x00000000   Code   RO         1337    .ARM.Collect$$libshutdown$$00000004  c_w.l(libshutdown2.o)
    0x08000212   0x08000212   0x00000000   Code   RO         1340    .ARM.Collect$$libshutdown$$00000007  c_w.l(libshutdown2.o)
    0x08000212   0x08000212   0x00000000   Code   RO         1343    .ARM.Collect$$libshutdown$$0000000A  c_w.l(libshutdown2.o)
    0x08000212   0x08000212   0x00000000   Code   RO         1345    .ARM.Collect$$libshutdown$$0000000C  c_w.l(libshutdown2.o)
    0x08000212   0x08000212   0x00000000   Code   RO         1348    .ARM.Collect$$libshutdown$$0000000F  c_w.l(libshutdown2.o)
    0x08000212   0x08000212   0x00000002   Code   RO         1349    .ARM.Collect$$libshutdown$$00000010  c_w.l(libshutdown2.o)
    0x08000214   0x08000214   0x00000000   Code   RO         1007    .ARM.Collect$$rtentry$$00000000  c_w.l(__rtentry.o)
    0x08000214   0x08000214   0x00000000   Code   RO         1152    .ARM.Collect$$rtentry$$00000002  c_w.l(__rtentry2.o)
    0x08000214   0x08000214   0x00000006   Code   RO         1164    .ARM.Collect$$rtentry$$00000004  c_w.l(__rtentry4.o)
    0x0800021a   0x0800021a   0x00000000   Code   RO         1154    .ARM.Collect$$rtentry$$00000009  c_w.l(__rtentry2.o)
    0x0800021a   0x0800021a   0x00000004   Code   RO         1155    .ARM.Collect$$rtentry$$0000000A  c_w.l(__rtentry2.o)
    0x0800021e   0x0800021e   0x00000000   Code   RO         1157    .ARM.Collect$$rtentry$$0000000C  c_w.l(__rtentry2.o)
    0x0800021e   0x0800021e   0x00000008   Code   RO         1158    .ARM.Collect$$rtentry$$0000000D  c_w.l(__rtentry2.o)
    0x08000226   0x08000226   0x00000002   Code   RO         1249    .ARM.Collect$$rtexit$$00000000  c_w.l(rtexit.o)
    0x08000228   0x08000228   0x00000000   Code   RO         1302    .ARM.Collect$$rtexit$$00000002  c_w.l(rtexit2.o)
    0x08000228   0x08000228   0x00000004   Code   RO         1303    .ARM.Collect$$rtexit$$00000003  c_w.l(rtexit2.o)
    0x0800022c   0x0800022c   0x00000006   Code   RO         1304    .ARM.Collect$$rtexit$$00000004  c_w.l(rtexit2.o)
    0x08000232   0x08000232   0x00000002   PAD
    0x08000234   0x08000234   0x00000040   Code   RO            4    .text               startup_stm32f10x_md.o
    0x08000274   0x08000274   0x000001e0   Code   RO           24    .text               system_stm32f10x.o
    0x08000454   0x08000454   0x000003c8   Code   RO          121    .text               main.o
    0x0800081c   0x0800081c   0x0000001a   Code   RO          266    .text               stm32f10x_it.o
    0x08000836   0x08000836   0x00000002   PAD
    0x08000838   0x08000838   0x000000dc   Code   RO          304    .text               misc.o
    0x08000914   0x08000914   0x0000035c   Code   RO          484    .text               stm32f10x_gpio.o
    0x08000c70   0x08000c70   0x00000404   Code   RO          499    .text               stm32f10x_i2c.o
    0x08001074   0x08001074   0x000003a4   Code   RO          544    .text               stm32f10x_rcc.o
    0x08001418   0x08001418   0x00000e1a   Code   RO          606    .text               stm32f10x_tim.o
    0x08002232   0x08002232   0x00000002   PAD
    0x08002234   0x08002234   0x00000408   Code   RO          621    .text               stm32f10x_usart.o
    0x0800263c   0x0800263c   0x0000007a   Code   RO          663    .text               timer.o
    0x080026b6   0x080026b6   0x00000002   PAD
    0x080026b8   0x080026b8   0x000007a8   Code   RO          776    .text               madgwick.o
    0x08002e60   0x08002e60   0x00000350   Code   RO          845    .text               mpu6050.o
    0x080031b0   0x080031b0   0x00000280   Code   RO          861    .text               serial.o
    0x08003430   0x08003430   0x00001510   Code   RO          884    .text               oled.o
    0x08004940   0x08004940   0x00000024   Code   RO          927    .text               c_w.l(vsprintf.o)
    0x08004964   0x08004964   0x00000080   Code   RO          929    .text               c_w.l(strcmpv7m.o)
    0x080049e4   0x080049e4   0x00000006   Code   RO          931    .text               c_w.l(heapauxi.o)
    0x080049ea   0x080049ea   0x00000016   Code   RO         1008    .text               c_w.l(_rserrno.o)
    0x08004a00   0x08004a00   0x0000004e   Code   RO         1012    .text               c_w.l(_printf_pad.o)
    0x08004a4e   0x08004a4e   0x00000024   Code   RO         1014    .text               c_w.l(_printf_truncate.o)
    0x08004a72   0x08004a72   0x00000052   Code   RO         1016    .text               c_w.l(_printf_str.o)
    0x08004ac4   0x08004ac4   0x00000078   Code   RO         1018    .text               c_w.l(_printf_dec.o)
    0x08004b3c   0x08004b3c   0x00000028   Code   RO         1020    .text               c_w.l(_printf_charcount.o)
    0x08004b64   0x08004b64   0x00000030   Code   RO         1022    .text               c_w.l(_printf_char_common.o)
    0x08004b94   0x08004b94   0x0000000a   Code   RO         1024    .text               c_w.l(_sputc.o)
    0x08004b9e   0x08004b9e   0x00000002   PAD
    0x08004ba0   0x08004ba0   0x000000bc   Code   RO         1026    .text               c_w.l(_printf_wctomb.o)
    0x08004c5c   0x08004c5c   0x0000007c   Code   RO         1029    .text               c_w.l(_printf_longlong_dec.o)
    0x08004cd8   0x08004cd8   0x00000070   Code   RO         1035    .text               c_w.l(_printf_oct_int_ll.o)
    0x08004d48   0x08004d48   0x00000094   Code   RO         1055    .text               c_w.l(_printf_hex_int_ll_ptr.o)
    0x08004ddc   0x08004ddc   0x00000188   Code   RO         1075    .text               c_w.l(__printf_flags_ss_wp.o)
    0x08004f64   0x08004f64   0x00000008   Code   RO         1169    .text               c_w.l(rt_errno_addr_intlibspace.o)
    0x08004f6c   0x08004f6c   0x0000008a   Code   RO         1171    .text               c_w.l(lludiv10.o)
    0x08004ff6   0x08004ff6   0x000000b2   Code   RO         1173    .text               c_w.l(_printf_intcommon.o)
    0x080050a8   0x080050a8   0x0000041e   Code   RO         1175    .text               c_w.l(_printf_fp_dec.o)
    0x080054c6   0x080054c6   0x00000002   PAD
    0x080054c8   0x080054c8   0x000002fc   Code   RO         1177    .text               c_w.l(_printf_fp_hex.o)
    0x080057c4   0x080057c4   0x0000002c   Code   RO         1182    .text               c_w.l(_printf_char.o)
    0x080057f0   0x080057f0   0x0000002c   Code   RO         1184    .text               c_w.l(_printf_wchar.o)
    0x0800581c   0x0800581c   0x00000040   Code   RO         1187    .text               c_w.l(_wcrtomb.o)
    0x0800585c   0x0800585c   0x00000008   Code   RO         1195    .text               c_w.l(libspace.o)
    0x08005864   0x08005864   0x0000004a   Code   RO         1198    .text               c_w.l(sys_stackheap_outer.o)
    0x080058ae   0x080058ae   0x00000002   PAD
    0x080058b0   0x080058b0   0x00000010   Code   RO         1200    .text               c_w.l(rt_ctype_table.o)
    0x080058c0   0x080058c0   0x00000008   Code   RO         1205    .text               c_w.l(rt_locale_intlibspace.o)
    0x080058c8   0x080058c8   0x00000080   Code   RO         1207    .text               c_w.l(_printf_fp_infnan.o)
    0x08005948   0x08005948   0x000000e4   Code   RO         1209    .text               c_w.l(bigflt0.o)
    0x08005a2c   0x08005a2c   0x00000012   Code   RO         1237    .text               c_w.l(exit.o)
    0x08005a3e   0x08005a3e   0x00000002   PAD
    0x08005a40   0x08005a40   0x0000000c   Code   RO         1314    .text               c_w.l(sys_exit.o)
    0x08005a4c   0x08005a4c   0x00000002   Code   RO         1325    .text               c_w.l(use_no_semi.o)
    0x08005a4e   0x08005a4e   0x00000000   Code   RO         1327    .text               c_w.l(indicate_semi.o)
    0x08005a4e   0x08005a4e   0x0000003e   Code   RO         1212    CL$$btod_d2e        c_w.l(btod.o)
    0x08005a8c   0x08005a8c   0x00000046   Code   RO         1214    CL$$btod_d2e_denorm_low  c_w.l(btod.o)
    0x08005ad2   0x08005ad2   0x00000060   Code   RO         1213    CL$$btod_d2e_norm_op1  c_w.l(btod.o)
    0x08005b32   0x08005b32   0x00000338   Code   RO         1222    CL$$btod_div_common  c_w.l(btod.o)
    0x08005e6a   0x08005e6a   0x000000dc   Code   RO         1219    CL$$btod_e2e        c_w.l(btod.o)
    0x08005f46   0x08005f46   0x0000002a   Code   RO         1216    CL$$btod_ediv       c_w.l(btod.o)
    0x08005f70   0x08005f70   0x0000002a   Code   RO         1215    CL$$btod_emul       c_w.l(btod.o)
    0x08005f9a   0x08005f9a   0x00000244   Code   RO         1221    CL$$btod_mult_common  c_w.l(btod.o)
    0x080061de   0x080061de   0x00000028   Code   RO         1191    i.__ARM_fpclassify  m_ws.l(fpclassify.o)
    0x08006206   0x08006206   0x000000aa   Code   RO         1193    i.__kernel_poly     m_ws.l(poly.o)
    0x080062b0   0x080062b0   0x00000006   Code   RO         1137    i.__mathlib_dbl_infnan  m_ws.l(dunder.o)
    0x080062b6   0x080062b6   0x00000004   Code   RO         1138    i.__mathlib_dbl_infnan2  m_ws.l(dunder.o)
    0x080062ba   0x080062ba   0x00000002   PAD
    0x080062bc   0x080062bc   0x00000010   Code   RO         1142    i.__mathlib_dbl_underflow  m_ws.l(dunder.o)
    0x080062cc   0x080062cc   0x0000000e   Code   RO         1068    i._is_digit         c_w.l(__printf_wp.o)
    0x080062da   0x080062da   0x00000002   PAD
    0x080062dc   0x080062dc   0x00000220   Code   RO         1127    i.atan              m_ws.l(atan.o)
    0x080064fc   0x080064fc   0x00000180   Code   RO          990    i.atan2             m_ws.l(atan2.o)
    0x0800667c   0x0800667c   0x00000094   Code   RO          997    i.round             m_ws.l(round.o)
    0x08006710   0x08006710   0x0000004c   Code   RO         1000    i.sqrt              m_ws.l(sqrt.o)
    0x0800675c   0x0800675c   0x0000002c   Code   RO         1235    locale$$code        c_w.l(lc_numeric_c.o)
    0x08006788   0x08006788   0x0000002c   Code   RO         1252    locale$$code        c_w.l(lc_ctype_c.o)
    0x080067b4   0x080067b4   0x00000062   Code   RO          935    x$fpl$d2f           fz_ws.l(d2f.o)
    0x08006816   0x08006816   0x00000002   PAD
    0x08006818   0x08006818   0x00000150   Code   RO          937    x$fpl$dadd          fz_ws.l(daddsub_clz.o)
    0x08006968   0x08006968   0x00000010   Code   RO         1245    x$fpl$dcheck1       fz_ws.l(dcheck1.o)
    0x08006978   0x08006978   0x00000018   Code   RO         1101    x$fpl$dcmpinf       fz_ws.l(dcmpi.o)
    0x08006990   0x08006990   0x000002b0   Code   RO          944    x$fpl$ddiv          fz_ws.l(ddiv.o)
    0x08006c40   0x08006c40   0x0000005e   Code   RO          947    x$fpl$dfix          fz_ws.l(dfix.o)
    0x08006c9e   0x08006c9e   0x00000002   PAD
    0x08006ca0   0x08006ca0   0x0000005a   Code   RO          951    x$fpl$dfixu         fz_ws.l(dfixu.o)
    0x08006cfa   0x08006cfa   0x0000002e   Code   RO          956    x$fpl$dflt          fz_ws.l(dflt_clz.o)
    0x08006d28   0x08006d28   0x00000026   Code   RO          955    x$fpl$dfltu         fz_ws.l(dflt_clz.o)
    0x08006d4e   0x08006d4e   0x00000002   PAD
    0x08006d50   0x08006d50   0x00000078   Code   RO          961    x$fpl$dleqf         fz_ws.l(dleqf.o)
    0x08006dc8   0x08006dc8   0x00000154   Code   RO          963    x$fpl$dmul          fz_ws.l(dmul.o)
    0x08006f1c   0x08006f1c   0x0000009c   Code   RO         1103    x$fpl$dnaninf       fz_ws.l(dnaninf.o)
    0x08006fb8   0x08006fb8   0x0000000c   Code   RO         1105    x$fpl$dretinf       fz_ws.l(dretinf.o)
    0x08006fc4   0x08006fc4   0x0000006c   Code   RO          965    x$fpl$drleqf        fz_ws.l(drleqf.o)
    0x08007030   0x08007030   0x000000b4   Code   RO         1107    x$fpl$drnd          fz_ws.l(drnd.o)
    0x080070e4   0x080070e4   0x00000016   Code   RO          938    x$fpl$drsb          fz_ws.l(daddsub_clz.o)
    0x080070fa   0x080070fa   0x00000002   PAD
    0x080070fc   0x080070fc   0x000001cc   Code   RO         1109    x$fpl$dsqrt         fz_ws.l(dsqrt_noumaal.o)
    0x080072c8   0x080072c8   0x000001d4   Code   RO          939    x$fpl$dsub          fz_ws.l(daddsub_clz.o)
    0x0800749c   0x0800749c   0x00000056   Code   RO          967    x$fpl$f2d           fz_ws.l(f2d.o)
    0x080074f2   0x080074f2   0x00000002   PAD
    0x080074f4   0x080074f4   0x000000c4   Code   RO          969    x$fpl$fadd          fz_ws.l(faddsub_clz.o)
    0x080075b8   0x080075b8   0x00000018   Code   RO         1111    x$fpl$fcmpinf       fz_ws.l(fcmpi.o)
    0x080075d0   0x080075d0   0x00000184   Code   RO          976    x$fpl$fdiv          fz_ws.l(fdiv.o)
    0x08007754   0x08007754   0x00000030   Code   RO          980    x$fpl$fflt          fz_ws.l(fflt_clz.o)
    0x08007784   0x08007784   0x00000068   Code   RO          985    x$fpl$fleqf         fz_ws.l(fleqf.o)
    0x080077ec   0x080077ec   0x00000102   Code   RO          987    x$fpl$fmul          fz_ws.l(fmul.o)
    0x080078ee   0x080078ee   0x0000008c   Code   RO         1113    x$fpl$fnaninf       fz_ws.l(fnaninf.o)
    0x0800797a   0x0800797a   0x0000000a   Code   RO         1115    x$fpl$fretinf       fz_ws.l(fretinf.o)
    0x08007984   0x08007984   0x00000014   Code   RO          970    x$fpl$frsb          fz_ws.l(faddsub_clz.o)
    0x08007998   0x08007998   0x000000ea   Code   RO          971    x$fpl$fsub          fz_ws.l(faddsub_clz.o)
    0x08007a82   0x08007a82   0x00000004   Code   RO         1117    x$fpl$printf1       fz_ws.l(printf1.o)
    0x08007a86   0x08007a86   0x00000004   Code   RO         1119    x$fpl$printf2       fz_ws.l(printf2.o)
    0x08007a8a   0x08007a8a   0x00000064   Code   RO         1299    x$fpl$retnan        fz_ws.l(retnan.o)
    0x08007aee   0x08007aee   0x0000005c   Code   RO         1189    x$fpl$scalbn        fz_ws.l(scalbn.o)
    0x08007b4a   0x08007b4a   0x00000030   Code   RO         1312    x$fpl$trapveneer    fz_ws.l(trapv.o)
    0x08007b7a   0x08007b7a   0x00000000   Code   RO         1125    x$fpl$usenofp       fz_ws.l(usenofp.o)
    0x08007b7a   0x08007b7a   0x0000094d   Data   RO          913    .constdata          oled_data.o
    0x080084c7   0x080084c7   0x00000001   PAD
    0x080084c8   0x080084c8   0x00000008   Data   RO         1027    .constdata          c_w.l(_printf_wctomb.o)
    0x080084d0   0x080084d0   0x00000028   Data   RO         1056    .constdata          c_w.l(_printf_hex_int_ll_ptr.o)
    0x080084f8   0x080084f8   0x00000011   Data   RO         1076    .constdata          c_w.l(__printf_flags_ss_wp.o)
    0x08008509   0x08008509   0x00000007   PAD
    0x08008510   0x08008510   0x00000098   Data   RO         1128    .constdata          m_ws.l(atan.o)
    0x080085a8   0x080085a8   0x00000008   Data   RO         1150    .constdata          m_ws.l(qnan.o)
    0x080085b0   0x080085b0   0x00000026   Data   RO         1178    .constdata          c_w.l(_printf_fp_hex.o)
    0x080085d6   0x080085d6   0x00000002   PAD
    0x080085d8   0x080085d8   0x00000094   Data   RO         1210    .constdata          c_w.l(bigflt0.o)
    0x0800866c   0x0800866c   0x00000020   Data   RO         1380    Region$$Table       anon$$obj.o
    0x0800868c   0x0800868c   0x0000001c   Data   RO         1234    locale$$data        c_w.l(lc_numeric_c.o)
    0x080086a8   0x080086a8   0x00000110   Data   RO         1251    locale$$data        c_w.l(lc_ctype_c.o)


    Execution Region RW_IRAM1 (Exec base: 0x20000000, Load base: 0x080087b8, Size: 0x00000b90, Max: 0x00005000, ABSOLUTE)

    Exec Addr    Load Addr    Size         Type   Attr      Idx    E Section Name        Object

    0x20000000   0x080087b8   0x00000014   Data   RW           25    .data               system_stm32f10x.o
    0x20000014   0x080087cc   0x0000007c   Data   RW          123    .data               main.o
    0x20000090   0x08008848   0x00000014   Data   RW          545    .data               stm32f10x_rcc.o
    0x200000a4   0x0800885c   0x00000004   Data   RW          777    .data               madgwick.o
    0x200000a8   0x08008860   0x00000002   Data   RW          846    .data               mpu6050.o
    0x200000aa   0x08008862   0x00000004   Data   RW          863    .data               serial.o
    0x200000ae   0x08008866   0x00000002   PAD
    0x200000b0        -       0x00000018   Zero   RW          122    .bss                main.o
    0x200000c8        -       0x00000065   Zero   RW          862    .bss                serial.o
    0x2000012d        -       0x00000400   Zero   RW          885    .bss                oled.o
    0x2000052d   0x08008866   0x00000003   PAD
    0x20000530        -       0x00000060   Zero   RW         1196    .bss                c_w.l(libspace.o)
    0x20000590        -       0x00000200   Zero   RW            2    HEAP                startup_stm32f10x_md.o
    0x20000790        -       0x00000400   Zero   RW            1    STACK               startup_stm32f10x_md.o


==============================================================================

Image component sizes


      Code (inc. data)   RO Data    RW Data    ZI Data      Debug   Object Name

         0          0          0          0          0       4500   core_cm3.o
      1960         24          0          4          0       2716   madgwick.o
       968        128          0        124         24     220794   main.o
       220         22          0          0          0       3345   misc.o
       848         26          0          2          0       3053   mpu6050.o
      5392         52          0          0       1024      15311   oled.o
         0          0       2381          0          0       1054   oled_data.o
       640         36          0          4        101       5333   serial.o
        64         26        236          0       1536        812   startup_stm32f10x_md.o
       860         38          0          0          0      13957   stm32f10x_gpio.o
      1028         16          0          0          0      17047   stm32f10x_i2c.o
        26          0          0          0          0     202862   stm32f10x_it.o
       932         36          0         20          0      17488   stm32f10x_rcc.o
      3610         88          0          0          0      43052   stm32f10x_tim.o
      1032         22          0          0          0      14364   stm32f10x_usart.o
       480         38          0         20          0      18771   system_stm32f10x.o
       122          0          0          0          0     238489   timer.o

    ----------------------------------------------------------------------
     18188        552       2650        176       2688     822948   Object Totals
         0          0         32          0          0          0   (incl. Generated)
         6          0          1          2          3          0   (incl. Padding)

    ----------------------------------------------------------------------

      Code (inc. data)   RO Data    RW Data    ZI Data      Debug   Library Member Name

         8          0          0          0          0         68   __main.o
       392          4         17          0          0         92   __printf_flags_ss_wp.o
        14          0          0          0          0         68   __printf_wp.o
         0          0          0          0          0          0   __rtentry.o
        12          0          0          0          0          0   __rtentry2.o
         6          0          0          0          0          0   __rtentry4.o
        52          8          0          0          0          0   __scatter.o
        26          0          0          0          0          0   __scatter_copy.o
        28          0          0          0          0          0   __scatter_zi.o
         6          0          0          0          0          0   _printf_a.o
         6          0          0          0          0          0   _printf_c.o
        44          0          0          0          0        108   _printf_char.o
        48          6          0          0          0         96   _printf_char_common.o
        40          0          0          0          0         68   _printf_charcount.o
         6          0          0          0          0          0   _printf_d.o
       120         16          0          0          0         92   _printf_dec.o
         6          0          0          0          0          0   _printf_e.o
         6          0          0          0          0          0   _printf_f.o
      1054          0          0          0          0        216   _printf_fp_dec.o
       764          8         38          0          0        100   _printf_fp_hex.o
       128         16          0          0          0         84   _printf_fp_infnan.o
         6          0          0          0          0          0   _printf_g.o
       148          4         40          0          0        160   _printf_hex_int_ll_ptr.o
         6          0          0          0          0          0   _printf_i.o
       178          0          0          0          0         88   _printf_intcommon.o
        10          0          0          0          0          0   _printf_l.o
         6          0          0          0          0          0   _printf_lc.o
        10          0          0          0          0          0   _printf_ll.o
         6          0          0          0          0          0   _printf_lld.o
         6          0          0          0          0          0   _printf_lli.o
         6          0          0          0          0          0   _printf_llo.o
         6          0          0          0          0          0   _printf_llu.o
         6          0          0          0          0          0   _printf_llx.o
       124         16          0          0          0         92   _printf_longlong_dec.o
         6          0          0          0          0          0   _printf_ls.o
         6          0          0          0          0          0   _printf_n.o
         6          0          0          0          0          0   _printf_o.o
       112         10          0          0          0        124   _printf_oct_int_ll.o
         6          0          0          0          0          0   _printf_p.o
        78          0          0          0          0        108   _printf_pad.o
         0          0          0          0          0          0   _printf_percent.o
         4          0          0          0          0          0   _printf_percent_end.o
         6          0          0          0          0          0   _printf_s.o
        82          0          0          0          0         80   _printf_str.o
        36          0          0          0          0         84   _printf_truncate.o
         6          0          0          0          0          0   _printf_u.o
        44          0          0          0          0        108   _printf_wchar.o
       188          6          8          0          0         92   _printf_wctomb.o
         6          0          0          0          0          0   _printf_x.o
        22          0          0          0          0        100   _rserrno.o
        10          0          0          0          0         68   _sputc.o
        64          0          0          0          0         92   _wcrtomb.o
       228          4        148          0          0         96   bigflt0.o
      1936        128          0          0          0        672   btod.o
        18          0          0          0          0         80   exit.o
         6          0          0          0          0        152   heapauxi.o
         0          0          0          0          0          0   indicate_semi.o
        44         10        272          0          0         76   lc_ctype_c.o
        44         10         28          0          0         76   lc_numeric_c.o
         2          0          0          0          0          0   libinit.o
        30          0          0          0          0          0   libinit2.o
         2          0          0          0          0          0   libshutdown.o
         2          0          0          0          0          0   libshutdown2.o
         8          4          0          0         96         68   libspace.o
       138          0          0          0          0         80   lludiv10.o
        16          4          0          0          0         76   rt_ctype_table.o
         8          4          0          0          0         68   rt_errno_addr_intlibspace.o
         8          4          0          0          0         68   rt_locale_intlibspace.o
         2          0          0          0          0          0   rtexit.o
        10          0          0          0          0          0   rtexit2.o
       128          0          0          0          0         68   strcmpv7m.o
        12          4          0          0          0         68   sys_exit.o
        74          0          0          0          0         80   sys_stackheap_outer.o
         2          0          0          0          0         68   use_no_semi.o
        36          4          0          0          0         76   vsprintf.o
        98          4          0          0          0         92   d2f.o
       826         16          0          0          0        348   daddsub_clz.o
        16          4          0          0          0         68   dcheck1.o
        24          0          0          0          0         68   dcmpi.o
       688        140          0          0          0        208   ddiv.o
        94          4          0          0          0         92   dfix.o
        90          4          0          0          0         92   dfixu.o
        84          0          0          0          0        136   dflt_clz.o
       120          4          0          0          0         92   dleqf.o
       340         12          0          0          0        104   dmul.o
       156          4          0          0          0         92   dnaninf.o
        12          0          0          0          0         68   dretinf.o
       108          0          0          0          0         80   drleqf.o
       180          4          0          0          0         80   drnd.o
       460         56          0          0          0        120   dsqrt_noumaal.o
        86          4          0          0          0         84   f2d.o
       450          8          0          0          0        236   faddsub_clz.o
        24          0          0          0          0         68   fcmpi.o
       388         76          0          0          0         96   fdiv.o
        48          0          0          0          0         68   fflt_clz.o
       104          4          0          0          0         84   fleqf.o
       258          4          0          0          0         84   fmul.o
       140          4          0          0          0         84   fnaninf.o
        10          0          0          0          0         68   fretinf.o
         4          0          0          0          0         68   printf1.o
         4          0          0          0          0         68   printf2.o
       100          0          0          0          0         68   retnan.o
        92          0          0          0          0         68   scalbn.o
        48          0          0          0          0         68   trapv.o
         0          0          0          0          0          0   usenofp.o
       544         70        152          0          0        124   atan.o
       384         38          0          0          0        144   atan2.o
        26          6          0          0          0        204   dunder.o
        40          0          0          0          0         68   fpclassify.o
       170          0          0          0          0         96   poly.o
         0          0          8          0          0          0   qnan.o
       148         12          0          0          0         88   round.o
        76          0          0          0          0         84   sqrt.o

    ----------------------------------------------------------------------
     13186        748        720          0         96       7820   Library Totals
        26          0          9          0          0          0   (incl. Padding)

    ----------------------------------------------------------------------

      Code (inc. data)   RO Data    RW Data    ZI Data      Debug   Library Name

      6720        270        551          0         96       4060   c_w.l
      5052        352          0          0          0       2952   fz_ws.l
      1388        126        160          0          0        808   m_ws.l

    ----------------------------------------------------------------------
     13186        748        720          0         96       7820   Library Totals

    ----------------------------------------------------------------------

==============================================================================


      Code (inc. data)   RO Data    RW Data    ZI Data      Debug   

     31374       1300       3370        176       2784     825200   Grand Totals
     31374       1300       3370        176       2784     825200   ELF Image Totals
     31374       1300       3370        176          0          0   ROM Totals

==============================================================================

    Total RO  Size (Code + RO Data)                34744 (  33.93kB)
    Total RW  Size (RW Data + ZI Data)              2960 (   2.89kB)
    Total ROM Size (Code + RO Data + RW Data)      34920 (  34.10kB)

==============================================================================

