Component: ARM Compiler 5.06 update 5 (build 528) Tool: armlink [4d35e2]

==============================================================================

Section Cross References

    startup_stm32f10x_md.o(STACK) refers (Special) to heapauxi.o(.text) for __use_two_region_memory
    startup_stm32f10x_md.o(HEAP) refers (Special) to heapauxi.o(.text) for __use_two_region_memory
    startup_stm32f10x_md.o(RESET) refers (Special) to heapauxi.o(.text) for __use_two_region_memory
    startup_stm32f10x_md.o(RESET) refers to startup_stm32f10x_md.o(STACK) for __initial_sp
    startup_stm32f10x_md.o(RESET) refers to startup_stm32f10x_md.o(.text) for Reset_Handler
    startup_stm32f10x_md.o(RESET) refers to stm32f10x_it.o(.text) for NMI_Handler
    startup_stm32f10x_md.o(RESET) refers to main.o(.text) for TIM2_IRQHandler
    startup_stm32f10x_md.o(RESET) refers to serial.o(.text) for USART1_IRQHandler
    startup_stm32f10x_md.o(.text) refers (Special) to heapauxi.o(.text) for __use_two_region_memory
    startup_stm32f10x_md.o(.text) refers to system_stm32f10x.o(.text) for SystemInit
    startup_stm32f10x_md.o(.text) refers to __main.o(!!!main) for __main
    startup_stm32f10x_md.o(.text) refers to startup_stm32f10x_md.o(HEAP) for Heap_Mem
    startup_stm32f10x_md.o(.text) refers to startup_stm32f10x_md.o(STACK) for Stack_Mem
    system_stm32f10x.o(.text) refers to system_stm32f10x.o(.data) for SystemCoreClock
    main.o(.text) refers to dflt_clz.o(x$fpl$dflt) for __aeabi_i2d
    main.o(.text) refers to ddiv.o(x$fpl$ddiv) for __aeabi_ddiv
    main.o(.text) refers to dmul.o(x$fpl$dmul) for __aeabi_dmul
    main.o(.text) refers to d2f.o(x$fpl$d2f) for __aeabi_d2f
    main.o(.text) refers to f2d.o(x$fpl$f2d) for __aeabi_f2d
    main.o(.text) refers to drleqf.o(x$fpl$drleqf) for __aeabi_cdrcmple
    main.o(.text) refers to madgwick.o(.text) for Madgwick_Update
    main.o(.text) refers to fmul.o(x$fpl$fmul) for __aeabi_fmul
    main.o(.text) refers to kf.o(.text) for KalmanFilter1D_Update
    main.o(.text) refers to oled.o(.text) for OLED_Init
    main.o(.text) refers to mpu6050.o(.text) for MPU6050_Init
    main.o(.text) refers to serial.o(.text) for Serial_Init
    main.o(.text) refers to timer.o(.text) for Timer_Init
    main.o(.text) refers to main.o(.data) for GX
    main.o(.text) refers to serial.o(.data) for Serial_RxFlag
    main.o(.text) refers to serial.o(.bss) for Serial_RxPacket
    main.o(.text) refers to main.o(.bss) for Result
    main.o(.text) refers to stm32f10x_tim.o(.text) for TIM_GetITStatus
    stm32f10x_adc.o(.text) refers to stm32f10x_rcc.o(.text) for RCC_APB2PeriphResetCmd
    stm32f10x_bkp.o(.text) refers to stm32f10x_rcc.o(.text) for RCC_BackupResetCmd
    stm32f10x_can.o(.text) refers to stm32f10x_rcc.o(.text) for RCC_APB1PeriphResetCmd
    stm32f10x_cec.o(.text) refers to stm32f10x_rcc.o(.text) for RCC_APB1PeriphResetCmd
    stm32f10x_dac.o(.text) refers to stm32f10x_rcc.o(.text) for RCC_APB1PeriphResetCmd
    stm32f10x_gpio.o(.text) refers to stm32f10x_rcc.o(.text) for RCC_APB2PeriphResetCmd
    stm32f10x_i2c.o(.text) refers to stm32f10x_rcc.o(.text) for RCC_APB1PeriphResetCmd
    stm32f10x_pwr.o(.text) refers to stm32f10x_rcc.o(.text) for RCC_APB1PeriphResetCmd
    stm32f10x_rcc.o(.text) refers to stm32f10x_rcc.o(.data) for APBAHBPrescTable
    stm32f10x_spi.o(.text) refers to stm32f10x_rcc.o(.text) for RCC_APB2PeriphResetCmd
    stm32f10x_tim.o(.text) refers to stm32f10x_rcc.o(.text) for RCC_APB2PeriphResetCmd
    stm32f10x_usart.o(.text) refers to stm32f10x_rcc.o(.text) for RCC_APB2PeriphResetCmd
    stm32f10x_wwdg.o(.text) refers to stm32f10x_rcc.o(.text) for RCC_APB1PeriphResetCmd
    timer.o(.text) refers to stm32f10x_rcc.o(.text) for RCC_APB1PeriphClockCmd
    timer.o(.text) refers to stm32f10x_tim.o(.text) for TIM_InternalClockConfig
    timer.o(.text) refers to misc.o(.text) for NVIC_PriorityGroupConfig
    kf.o(.text) refers to fmul.o(x$fpl$fmul) for __aeabi_fmul
    kf.o(.text) refers to faddsub_clz.o(x$fpl$fadd) for __aeabi_fadd
    kf.o(.text) refers to fdiv.o(x$fpl$fdiv) for __aeabi_fdiv
    kf.o(.text) refers to faddsub_clz.o(x$fpl$fsub) for __aeabi_fsub
    madgwick.o(.text) refers to fmul.o(x$fpl$fmul) for __aeabi_fmul
    madgwick.o(.text) refers to faddsub_clz.o(x$fpl$fadd) for __aeabi_fadd
    madgwick.o(.text) refers to f2d.o(x$fpl$f2d) for __aeabi_f2d
    madgwick.o(.text) refers to sqrt.o(i.sqrt) for sqrt
    madgwick.o(.text) refers to d2f.o(x$fpl$d2f) for __aeabi_d2f
    madgwick.o(.text) refers to dleqf.o(x$fpl$dleqf) for __aeabi_cdcmple
    madgwick.o(.text) refers to fdiv.o(x$fpl$fdiv) for __aeabi_fdiv
    madgwick.o(.text) refers to dmul.o(x$fpl$dmul) for __aeabi_dmul
    madgwick.o(.text) refers to faddsub_clz.o(x$fpl$fsub) for __aeabi_fsub
    madgwick.o(.text) refers to faddsub_clz.o(x$fpl$frsb) for __aeabi_frsub
    madgwick.o(.text) refers to atan2f.o(i.atan2f) for atan2f
    madgwick.o(.text) refers to asinf.o(i.asinf) for asinf
[...]
    _printf_llx                              0x080001c5   Thumb Code     0  _printf_llx.o(.ARM.Collect$$_printf_percent$$00000011)
    _printf_l                                0x080001cb   Thumb Code     0  _printf_l.o(.ARM.Collect$$_printf_percent$$00000012)
    _printf_c                                0x080001d5   Thumb Code     0  _printf_c.o(.ARM.Collect$$_printf_percent$$00000013)
    _printf_s                                0x080001db   Thumb Code     0  _printf_s.o(.ARM.Collect$$_printf_percent$$00000014)
    _printf_lc                               0x080001e1   Thumb Code     0  _printf_lc.o(.ARM.Collect$$_printf_percent$$00000015)
    _printf_ls                               0x080001e7   Thumb Code     0  _printf_ls.o(.ARM.Collect$$_printf_percent$$00000016)
    _printf_percent_end                      0x080001ed   Thumb Code     0  _printf_percent_end.o(.ARM.Collect$$_printf_percent$$00000017)
    __rt_lib_init                            0x080001f1   Thumb Code     0  libinit.o(.ARM.Collect$$libinit$$00000000)
    __rt_lib_init_fp_1                       0x080001f3   Thumb Code     0  libinit2.o(.ARM.Collect$$libinit$$00000002)
    __rt_lib_init_heap_1                     0x080001f3   Thumb Code     0  libinit2.o(.ARM.Collect$$libinit$$0000000A)
    __rt_lib_init_lc_common                  0x080001f3   Thumb Code     0  libinit2.o(.ARM.Collect$$libinit$$0000000F)
    __rt_lib_init_preinit_1                  0x080001f3   Thumb Code     0  libinit2.o(.ARM.Collect$$libinit$$00000004)
    __rt_lib_init_rand_1                     0x080001f3   Thumb Code     0  libinit2.o(.ARM.Collect$$libinit$$0000000E)
    __rt_lib_init_user_alloc_1               0x080001f3   Thumb Code     0  libinit2.o(.ARM.Collect$$libinit$$0000000C)
    __rt_lib_init_lc_collate_1               0x080001f9   Thumb Code     0  libinit2.o(.ARM.Collect$$libinit$$00000011)
    __rt_lib_init_lc_ctype_2                 0x080001f9   Thumb Code     0  libinit2.o(.ARM.Collect$$libinit$$00000012)
    __rt_lib_init_lc_ctype_1                 0x08000205   Thumb Code     0  libinit2.o(.ARM.Collect$$libinit$$00000013)
    __rt_lib_init_lc_monetary_1              0x08000205   Thumb Code     0  libinit2.o(.ARM.Collect$$libinit$$00000015)
    __rt_lib_init_lc_numeric_2               0x08000205   Thumb Code     0  libinit2.o(.ARM.Collect$$libinit$$00000016)
    __rt_lib_init_alloca_1                   0x0800020f   Thumb Code     0  libinit2.o(.ARM.Collect$$libinit$$0000002E)
    __rt_lib_init_argv_1                     0x0800020f   Thumb Code     0  libinit2.o(.ARM.Collect$$libinit$$0000002C)
    __rt_lib_init_atexit_1                   0x0800020f   Thumb Code     0  libinit2.o(.ARM.Collect$$libinit$$0000001B)
    __rt_lib_init_clock_1                    0x0800020f   Thumb Code     0  libinit2.o(.ARM.Collect$$libinit$$00000021)
    __rt_lib_init_cpp_1                      0x0800020f   Thumb Code     0  libinit2.o(.ARM.Collect$$libinit$$00000032)
    __rt_lib_init_exceptions_1               0x0800020f   Thumb Code     0  libinit2.o(.ARM.Collect$$libinit$$00000030)
    __rt_lib_init_fp_trap_1                  0x0800020f   Thumb Code     0  libinit2.o(.ARM.Collect$$libinit$$0000001F)
    __rt_lib_init_getenv_1                   0x0800020f   Thumb Code     0  libinit2.o(.ARM.Collect$$libinit$$00000023)
    __rt_lib_init_lc_numeric_1               0x0800020f   Thumb Code     0  libinit2.o(.ARM.Collect$$libinit$$00000017)
    __rt_lib_init_lc_time_1                  0x0800020f   Thumb Code     0  libinit2.o(.ARM.Collect$$libinit$$00000019)
    __rt_lib_init_return                     0x0800020f   Thumb Code     0  libinit2.o(.ARM.Collect$$libinit$$00000033)
    __rt_lib_init_signal_1                   0x0800020f   Thumb Code     0  libinit2.o(.ARM.Collect$$libinit$$0000001D)
    __rt_lib_init_stdio_1                    0x0800020f   Thumb Code     0  libinit2.o(.ARM.Collect$$libinit$$00000025)
    __rt_lib_shutdown                        0x08000211   Thumb Code     0  libshutdown.o(.ARM.Collect$$libshutdown$$00000000)
    __rt_lib_shutdown_cpp_1                  0x08000213   Thumb Code     0  libshutdown2.o(.ARM.Collect$$libshutdown$$00000002)
    __rt_lib_shutdown_fp_trap_1              0x08000213   Thumb Code     0  libshutdown2.o(.ARM.Collect$$libshutdown$$00000007)
    __rt_lib_shutdown_heap_1                 0x08000213   Thumb Code     0  libshutdown2.o(.ARM.Collect$$libshutdown$$0000000F)
    __rt_lib_shutdown_return                 0x08000213   Thumb Code     0  libshutdown2.o(.ARM.Collect$$libshutdown$$00000010)
    __rt_lib_shutdown_signal_1               0x08000213   Thumb Code     0  libshutdown2.o(.ARM.Collect$$libshutdown$$0000000A)
    __rt_lib_shutdown_stdio_1                0x08000213   Thumb Code     0  libshutdown2.o(.ARM.Collect$$libshutdown$$00000004)
    __rt_lib_shutdown_user_alloc_1           0x08000213   Thumb Code     0  libshutdown2.o(.ARM.Collect$$libshutdown$$0000000C)
    __rt_entry                               0x08000215   Thumb Code     0  __rtentry.o(.ARM.Collect$$rtentry$$00000000)
    __rt_entry_presh_1                       0x08000215   Thumb Code     0  __rtentry2.o(.ARM.Collect$$rtentry$$00000002)
    __rt_entry_sh                            0x08000215   Thumb Code     0  __rtentry4.o(.ARM.Collect$$rtentry$$00000004)
    __rt_entry_li                            0x0800021b   Thumb Code     0  __rtentry2.o(.ARM.Collect$$rtentry$$0000000A)
    __rt_entry_postsh_1                      0x0800021b   Thumb Code     0  __rtentry2.o(.ARM.Collect$$rtentry$$00000009)
    __rt_entry_main                          0x0800021f   Thumb Code     0  __rtentry2.o(.ARM.Collect$$rtentry$$0000000D)
    __rt_entry_postli_1                      0x0800021f   Thumb Code     0  __rtentry2.o(.ARM.Collect$$rtentry$$0000000C)
    __rt_exit                                0x08000227   Thumb Code     0  rtexit.o(.ARM.Collect$$rtexit$$00000000)
    __rt_exit_ls                             0x08000229   Thumb Code     0  rtexit2.o(.ARM.Collect$$rtexit$$00000003)
    __rt_exit_prels_1                        0x08000229   Thumb Code     0  rtexit2.o(.ARM.Collect$$rtexit$$00000002)
    __rt_exit_exit                           0x0800022d   Thumb Code     0  rtexit2.o(.ARM.Collect$$rtexit$$00000004)
    Reset_Handler                            0x08000235   Thumb Code     8  startup_stm32f10x_md.o(.text)
    ADC1_2_IRQHandler                        0x0800024f   Thumb Code     0  startup_stm32f10x_md.o(.text)
    CAN1_RX1_IRQHandler                      0x0800024f   Thumb Code     0  startup_stm32f10x_md.o(.text)
    CAN1_SCE_IRQHandler                      0x0800024f   Thumb Code     0  startup_stm32f10x_md.o(.text)
    DMA1_Channel1_IRQHandler                 0x0800024f   Thumb Code     0  startup_stm32f10x_md.o(.text)
    DMA1_Channel2_IRQHandler                 0x0800024f   Thumb Code     0  startup_stm32f10x_md.o(.text)
    DMA1_Channel3_IRQHandler                 0x0800024f   Thumb Code     0  startup_stm32f10x_md.o(.text)
    DMA1_Channel4_IRQHandler                 0x0800024f   Thumb Code     0  startup_stm32f10x_md.o(.text)
    DMA1_Channel5_IRQHandler                 0x0800024f   Thumb Code     0  startup_stm32f10x_md.o(.text)
    DMA1_Channel6_IRQHandler                 0x0800024f   Thumb Code     0  startup_stm32f10x_md.o(.text)
    DMA1_Channel7_IRQHandler                 0x0800024f   Thumb Code     0  startup_stm32f10x_md.o(.text)
    EXTI0_IRQHandler                         0x0800024f   Thumb Code     0  startup_stm32f10x_md.o(.text)
    EXTI15_10_IRQHandler                     0x0800024f   Thumb Code     0  startup_stm32f10x_md.o(.text)
    EXTI1_IRQHandler                         0x0800024f   Thumb Code     0  startup_stm32f10x_md.o(.text)
    EXTI2_IRQHandler                         0x0800024f   Thumb Code     0  startup_stm32f10x_md.o(.text)
    EXTI3_IRQHandler                         0x0800024f   Thumb Code     0  startup_stm32f10x_md.o(.text)
    EXTI4_IRQHandler                         0x0800024f   Thumb Code     0  startup_stm32f10x_md.o(.text)
    EXTI9_5_IRQHandler                       0x0800024f   Thumb Code     0  startup_stm32f10x_md.o(.text)
    FLASH_IRQHandler                         0x0800024f   Thumb Code     0  startup_stm32f10x_md.o(.text)
    I2C1_ER_IRQHandler                       0x0800024f   Thumb Code     0  startup_stm32f10x_md.o(.text)
    I2C1_EV_IRQHandler                       0x0800024f   Thumb Code     0  startup_stm32f10x_md.o(.text)
    I2C2_ER_IRQHandler                       0x0800024f   Thumb Code     0  startup_stm32f10x_md.o(.text)
    I2C2_EV_IRQHandler                       0x0800024f   Thumb Code     0  startup_stm32f10x_md.o(.text)
    PVD_IRQHandler                           0x0800024f   Thumb Code     0  startup_stm32f10x_md.o(.text)
    RCC_IRQHandler                           0x0800024f   Thumb Code     0  startup_stm32f10x_md.o(.text)
    RTCAlarm_IRQHandler                      0x0800024f   Thumb Code     0  startup_stm32f10x_md.o(.text)
    RTC_IRQHandler                           0x0800024f   Thumb Code     0  startup_stm32f10x_md.o(.text)
    SPI1_IRQHandler                          0x0800024f   Thumb Code     0  startup_stm32f10x_md.o(.text)
    SPI2_IRQHandler                          0x0800024f   Thumb Code     0  startup_stm32f10x_md.o(.text)
    TAMPER_IRQHandler                        0x0800024f   Thumb Code     0  startup_stm32f10x_md.o(.text)
    TIM1_BRK_IRQHandler                      0x0800024f   Thumb Code     0  startup_stm32f10x_md.o(.text)
    TIM1_CC_IRQHandler                       0x0800024f   Thumb Code     0  startup_stm32f10x_md.o(.text)
    TIM1_TRG_COM_IRQHandler                  0x0800024f   Thumb Code     0  startup_stm32f10x_md.o(.text)
    TIM1_UP_IRQHandler                       0x0800024f   Thumb Code     0  startup_stm32f10x_md.o(.text)
    TIM3_IRQHandler                          0x0800024f   Thumb Code     0  startup_stm32f10x_md.o(.text)
    TIM4_IRQHandler                          0x0800024f   Thumb Code     0  startup_stm32f10x_md.o(.text)
    USART2_IRQHandler                        0x0800024f   Thumb Code     0  startup_stm32f10x_md.o(.text)
    USART3_IRQHandler                        0x0800024f   Thumb Code     0  startup_stm32f10x_md.o(.text)
    USBWakeUp_IRQHandler                     0x0800024f   Thumb Code     0  startup_stm32f10x_md.o(.text)
    USB_HP_CAN1_TX_IRQHandler                0x0800024f   Thumb Code     0  startup_stm32f10x_md.o(.text)
    USB_LP_CAN1_RX0_IRQHandler               0x0800024f   Thumb Code     0  startup_stm32f10x_md.o(.text)
    WWDG_IRQHandler                          0x0800024f   Thumb Code     0  startup_stm32f10x_md.o(.text)
    __user_initial_stackheap                 0x08000251   Thumb Code     0  startup_stm32f10x_md.o(.text)
    SystemInit                               0x08000353   Thumb Code    78  system_stm32f10x.o(.text)
    SystemCoreClockUpdate                    0x080003a1   Thumb Code   142  system_stm32f10x.o(.text)
    MPU6050_AngleSolve                       0x08000455   Thumb Code   564  main.o(.text)
    main                                     0x08000689   Thumb Code   584  main.o(.text)
    TIM2_IRQHandler                          0x080008d1   Thumb Code    44  main.o(.text)
    NMI_Handler                              0x08000905   Thumb Code     2  stm32f10x_it.o(.text)
    HardFault_Handler                        0x08000907   Thumb Code     4  stm32f10x_it.o(.text)
    MemManage_Handler                        0x0800090b   Thumb Code     4  stm32f10x_it.o(.text)
    BusFault_Handler                         0x0800090f   Thumb Code     4  stm32f10x_it.o(.text)
    UsageFault_Handler                       0x08000913   Thumb Code     4  stm32f10x_it.o(.text)
    SVC_Handler                              0x08000917   Thumb Code     2  stm32f10x_it.o(.text)
    DebugMon_Handler                         0x08000919   Thumb Code     2  stm32f10x_it.o(.text)
    PendSV_Handler                           0x0800091b   Thumb Code     2  stm32f10x_it.o(.text)
    SysTick_Handler                          0x0800091d   Thumb Code     2  stm32f10x_it.o(.text)
    NVIC_PriorityGroupConfig                 0x08000921   Thumb Code    10  misc.o(.text)
    NVIC_Init                                0x0800092b   Thumb Code   100  misc.o(.text)
    NVIC_SetVectorTable                      0x0800098f   Thumb Code    14  misc.o(.text)
    NVIC_SystemLPConfig                      0x0800099d   Thumb Code    34  misc.o(.text)
    SysTick_CLKSourceConfig                  0x080009bf   Thumb Code    40  misc.o(.text)
    GPIO_DeInit                              0x080009fd   Thumb Code   172  stm32f10x_gpio.o(.text)
    GPIO_AFIODeInit                          0x08000aa9   Thumb Code    20  stm32f10x_gpio.o(.text)
    GPIO_Init                                0x08000abd   Thumb Code   278  stm32f10x_gpio.o(.text)
    GPIO_StructInit                          0x08000bd3   Thumb Code    16  stm32f10x_gpio.o(.text)
    GPIO_ReadInputDataBit                    0x08000be3   Thumb Code    18  stm32f10x_gpio.o(.text)
    GPIO_ReadInputData                       0x08000bf5   Thumb Code     8  stm32f10x_gpio.o(.text)
    GPIO_ReadOutputDataBit                   0x08000bfd   Thumb Code    18  stm32f10x_gpio.o(.text)
    GPIO_ReadOutputData                      0x08000c0f   Thumb Code     8  stm32f10x_gpio.o(.text)
    GPIO_SetBits                             0x08000c17   Thumb Code     4  stm32f10x_gpio.o(.text)
    GPIO_ResetBits                           0x08000c1b   Thumb Code     4  stm32f10x_gpio.o(.text)
    GPIO_WriteBit                            0x08000c1f   Thumb Code    10  stm32f10x_gpio.o(.text)
    GPIO_Write                               0x08000c29   Thumb Code     4  stm32f10x_gpio.o(.text)
    GPIO_PinLockConfig                       0x08000c2d   Thumb Code    18  stm32f10x_gpio.o(.text)
    GPIO_EventOutputConfig                   0x08000c3f   Thumb Code    26  stm32f10x_gpio.o(.text)
    GPIO_EventOutputCmd                      0x08000c59   Thumb Code     6  stm32f10x_gpio.o(.text)
    GPIO_PinRemapConfig                      0x08000c5f   Thumb Code   138  stm32f10x_gpio.o(.text)
    GPIO_EXTILineConfig                      0x08000ce9   Thumb Code    66  stm32f10x_gpio.o(.text)
    GPIO_ETH_MediaInterfaceConfig            0x08000d2b   Thumb Code     8  stm32f10x_gpio.o(.text)
    I2C_DeInit                               0x08000d59   Thumb Code    50  stm32f10x_i2c.o(.text)
    I2C_Init                                 0x08000d8b   Thumb Code   222  stm32f10x_i2c.o(.text)
    I2C_StructInit                           0x08000e69   Thumb Code    30  stm32f10x_i2c.o(.text)
    I2C_Cmd                                  0x08000e87   Thumb Code    24  stm32f10x_i2c.o(.text)
    I2C_DMACmd                               0x08000e9f   Thumb Code    24  stm32f10x_i2c.o(.text)
    I2C_DMALastTransferCmd                   0x08000eb7   Thumb Code    24  stm32f10x_i2c.o(.text)
    I2C_GenerateSTART                        0x08000ecf   Thumb Code    24  stm32f10x_i2c.o(.text)
    I2C_GenerateSTOP                         0x08000ee7   Thumb Code    24  stm32f10x_i2c.o(.text)
    I2C_AcknowledgeConfig                    0x08000eff   Thumb Code    24  stm32f10x_i2c.o(.text)
    I2C_OwnAddress2Config                    0x08000f17   Thumb Code    22  stm32f10x_i2c.o(.text)
    I2C_DualAddressCmd                       0x08000f2d   Thumb Code    24  stm32f10x_i2c.o(.text)
    I2C_GeneralCallCmd                       0x08000f45   Thumb Code    24  stm32f10x_i2c.o(.text)
    I2C_ITConfig                             0x08000f5d   Thumb Code    18  stm32f10x_i2c.o(.text)
    I2C_SendData                             0x08000f6f   Thumb Code     4  stm32f10x_i2c.o(.text)
    I2C_ReceiveData                          0x08000f73   Thumb Code     8  stm32f10x_i2c.o(.text)
    I2C_Send7bitAddress                      0x08000f7b   Thumb Code    18  stm32f10x_i2c.o(.text)
    I2C_ReadRegister                         0x08000f8d   Thumb Code    22  stm32f10x_i2c.o(.text)
    I2C_SoftwareResetCmd                     0x08000fa3   Thumb Code    22  stm32f10x_i2c.o(.text)
    I2C_NACKPositionConfig                   0x08000fb9   Thumb Code    28  stm32f10x_i2c.o(.text)
    I2C_SMBusAlertConfig                     0x08000fd5   Thumb Code    28  stm32f10x_i2c.o(.text)
    I2C_TransmitPEC                          0x08000ff1   Thumb Code    24  stm32f10x_i2c.o(.text)
    I2C_PECPositionConfig                    0x08001009   Thumb Code    28  stm32f10x_i2c.o(.text)
    I2C_CalculatePEC                         0x08001025   Thumb Code    24  stm32f10x_i2c.o(.text)
    I2C_GetPEC                               0x0800103d   Thumb Code     8  stm32f10x_i2c.o(.text)
    I2C_ARPCmd                               0x08001045   Thumb Code    24  stm32f10x_i2c.o(.text)
    I2C_StretchClockCmd                      0x0800105d   Thumb Code    24  stm32f10x_i2c.o(.text)
    I2C_FastModeDutyCycleConfig              0x08001075   Thumb Code    28  stm32f10x_i2c.o(.text)
    I2C_CheckEvent                           0x08001091   Thumb Code    42  stm32f10x_i2c.o(.text)
    I2C_GetLastEvent                         0x080010bb   Thumb Code    26  stm32f10x_i2c.o(.text)
    I2C_GetFlagStatus                        0x080010d5   Thumb Code    58  stm32f10x_i2c.o(.text)
    I2C_ClearFlag                            0x0800110f   Thumb Code    12  stm32f10x_i2c.o(.text)
    I2C_GetITStatus                          0x0800111b   Thumb Code    54  stm32f10x_i2c.o(.text)
    I2C_ClearITPendingBit                    0x08001151   Thumb Code    12  stm32f10x_i2c.o(.text)
    RCC_DeInit                               0x0800115d   Thumb Code    64  stm32f10x_rcc.o(.text)
    RCC_HSEConfig                            0x0800119d   Thumb Code    70  stm32f10x_rcc.o(.text)
    RCC_GetFlagStatus                        0x080011e3   Thumb Code    56  stm32f10x_rcc.o(.text)
    RCC_WaitForHSEStartUp                    0x0800121b   Thumb Code    56  stm32f10x_rcc.o(.text)
    RCC_AdjustHSICalibrationValue            0x08001253   Thumb Code    20  stm32f10x_rcc.o(.text)
    RCC_HSICmd                               0x08001267   Thumb Code     6  stm32f10x_rcc.o(.text)
    RCC_PLLConfig                            0x0800126d   Thumb Code    24  stm32f10x_rcc.o(.text)
    RCC_PLLCmd                               0x08001285   Thumb Code     6  stm32f10x_rcc.o(.text)
    RCC_SYSCLKConfig                         0x0800128b   Thumb Code    18  stm32f10x_rcc.o(.text)
    RCC_GetSYSCLKSource                      0x0800129d   Thumb Code    10  stm32f10x_rcc.o(.text)
    RCC_HCLKConfig                           0x080012a7   Thumb Code    18  stm32f10x_rcc.o(.text)
    RCC_PCLK1Config                          0x080012b9   Thumb Code    18  stm32f10x_rcc.o(.text)
    RCC_PCLK2Config                          0x080012cb   Thumb Code    20  stm32f10x_rcc.o(.text)
    RCC_ITConfig                             0x080012df   Thumb Code    26  stm32f10x_rcc.o(.text)
    RCC_USBCLKConfig                         0x080012f9   Thumb Code     8  stm32f10x_rcc.o(.text)
    RCC_ADCCLKConfig                         0x08001301   Thumb Code    18  stm32f10x_rcc.o(.text)
    RCC_LSEConfig                            0x08001313   Thumb Code    50  stm32f10x_rcc.o(.text)
    RCC_LSICmd                               0x08001345   Thumb Code     6  stm32f10x_rcc.o(.text)
    RCC_RTCCLKConfig                         0x0800134b   Thumb Code    12  stm32f10x_rcc.o(.text)
    RCC_RTCCLKCmd                            0x08001357   Thumb Code     8  stm32f10x_rcc.o(.text)
    RCC_GetClocksFreq                        0x0800135f   Thumb Code   192  stm32f10x_rcc.o(.text)
    RCC_AHBPeriphClockCmd                    0x0800141f   Thumb Code    26  stm32f10x_rcc.o(.text)
    RCC_APB2PeriphClockCmd                   0x08001439   Thumb Code    26  stm32f10x_rcc.o(.text)
    RCC_APB1PeriphClockCmd                   0x08001453   Thumb Code    26  stm32f10x_rcc.o(.text)
    RCC_APB2PeriphResetCmd                   0x0800146d   Thumb Code    26  stm32f10x_rcc.o(.text)
    RCC_APB1PeriphResetCmd                   0x08001487   Thumb Code    26  stm32f10x_rcc.o(.text)
    RCC_BackupResetCmd                       0x080014a1   Thumb Code     8  stm32f10x_rcc.o(.text)
    RCC_ClockSecuritySystemCmd               0x080014a9   Thumb Code     6  stm32f10x_rcc.o(.text)
    RCC_MCOConfig                            0x080014af   Thumb Code     6  stm32f10x_rcc.o(.text)
    RCC_ClearFlag                            0x080014b5   Thumb Code    14  stm32f10x_rcc.o(.text)
    RCC_GetITStatus                          0x080014c3   Thumb Code    20  stm32f10x_rcc.o(.text)
    RCC_ClearITPendingBit                    0x080014d7   Thumb Code     6  stm32f10x_rcc.o(.text)
    TIM_DeInit                               0x08001501   Thumb Code   424  stm32f10x_tim.o(.text)
    TIM_TimeBaseInit                         0x080016a9   Thumb Code   122  stm32f10x_tim.o(.text)
    TIM_OC1Init                              0x08001723   Thumb Code   132  stm32f10x_tim.o(.text)
    TIM_OC2Init                              0x080017a7   Thumb Code   154  stm32f10x_tim.o(.text)
    TIM_OC3Init                              0x08001841   Thumb Code   150  stm32f10x_tim.o(.text)
    TIM_OC4Init                              0x080018d7   Thumb Code   182  stm32f10x_tim.o(.text)
    TIM_SetIC4Prescaler                      0x0800198d   Thumb Code    26  stm32f10x_tim.o(.text)
    TIM_SetIC3Prescaler                      0x08001a29   Thumb Code    18  stm32f10x_tim.o(.text)
    TIM_SetIC2Prescaler                      0x08001ab5   Thumb Code    26  stm32f10x_tim.o(.text)
    TIM_SetIC1Prescaler                      0x08001b51   Thumb Code    18  stm32f10x_tim.o(.text)
    TIM_ICInit                               0x08001bcf   Thumb Code   150  stm32f10x_tim.o(.text)
    TIM_PWMIConfig                           0x08001c65   Thumb Code   124  stm32f10x_tim.o(.text)
    TIM_BDTRConfig                           0x08001ce1   Thumb Code    32  stm32f10x_tim.o(.text)
    TIM_TimeBaseStructInit                   0x08001d01   Thumb Code    18  stm32f10x_tim.o(.text)
    TIM_OCStructInit                         0x08001d13   Thumb Code    20  stm32f10x_tim.o(.text)
    TIM_ICStructInit                         0x08001d27   Thumb Code    18  stm32f10x_tim.o(.text)
    TIM_BDTRStructInit                       0x08001d39   Thumb Code    40  stm32f10x_tim.o(.text)
    TIM_Cmd                                  0x08001d61   Thumb Code    24  stm32f10x_tim.o(.text)
    TIM_CtrlPWMOutputs                       0x08001d79   Thumb Code    30  stm32f10x_tim.o(.text)
    TIM_ITConfig                             0x08001d97   Thumb Code    18  stm32f10x_tim.o(.text)
    TIM_GenerateEvent                        0x08001da9   Thumb Code     4  stm32f10x_tim.o(.text)
    TIM_DMAConfig                            0x08001dad   Thumb Code    10  stm32f10x_tim.o(.text)
    TIM_DMACmd                               0x08001db7   Thumb Code    18  stm32f10x_tim.o(.text)
    TIM_InternalClockConfig                  0x08001dc9   Thumb Code    12  stm32f10x_tim.o(.text)
    TIM_SelectInputTrigger                   0x08001dd5   Thumb Code    18  stm32f10x_tim.o(.text)
    TIM_ITRxExternalClockConfig              0x08001de7   Thumb Code    24  stm32f10x_tim.o(.text)
    TIM_TIxExternalClockConfig               0x08001dff   Thumb Code    62  stm32f10x_tim.o(.text)
    TIM_ETRConfig                            0x08001e3d   Thumb Code    28  stm32f10x_tim.o(.text)
    TIM_ETRClockMode1Config                  0x08001e59   Thumb Code    54  stm32f10x_tim.o(.text)
    TIM_ETRClockMode2Config                  0x08001e8f   Thumb Code    32  stm32f10x_tim.o(.text)
    TIM_PrescalerConfig                      0x08001eaf   Thumb Code     6  stm32f10x_tim.o(.text)
    TIM_CounterModeConfig                    0x08001eb5   Thumb Code    18  stm32f10x_tim.o(.text)
    TIM_EncoderInterfaceConfig               0x08001ec7   Thumb Code    66  stm32f10x_tim.o(.text)
    TIM_ForcedOC1Config                      0x08001f09   Thumb Code    18  stm32f10x_tim.o(.text)
    TIM_ForcedOC2Config                      0x08001f1b   Thumb Code    26  stm32f10x_tim.o(.text)
    TIM_ForcedOC3Config                      0x08001f35   Thumb Code    18  stm32f10x_tim.o(.text)
    TIM_ForcedOC4Config                      0x08001f47   Thumb Code    26  stm32f10x_tim.o(.text)
    TIM_ARRPreloadConfig                     0x08001f61   Thumb Code    24  stm32f10x_tim.o(.text)
    TIM_SelectCOM                            0x08001f79   Thumb Code    24  stm32f10x_tim.o(.text)
    TIM_SelectCCDMA                          0x08001f91   Thumb Code    24  stm32f10x_tim.o(.text)
    TIM_CCPreloadControl                     0x08001fa9   Thumb Code    24  stm32f10x_tim.o(.text)
    TIM_OC1PreloadConfig                     0x08001fc1   Thumb Code    18  stm32f10x_tim.o(.text)
    TIM_OC2PreloadConfig                     0x08001fd3   Thumb Code    26  stm32f10x_tim.o(.text)
    TIM_OC3PreloadConfig                     0x08001fed   Thumb Code    18  stm32f10x_tim.o(.text)
    TIM_OC4PreloadConfig                     0x08001fff   Thumb Code    26  stm32f10x_tim.o(.text)
    TIM_OC1FastConfig                        0x08002019   Thumb Code    18  stm32f10x_tim.o(.text)
    TIM_OC2FastConfig                        0x0800202b   Thumb Code    26  stm32f10x_tim.o(.text)
    TIM_OC3FastConfig                        0x08002045   Thumb Code    18  stm32f10x_tim.o(.text)
    TIM_OC4FastConfig                        0x08002057   Thumb Code    26  stm32f10x_tim.o(.text)
    TIM_ClearOC1Ref                          0x08002071   Thumb Code    18  stm32f10x_tim.o(.text)
    TIM_ClearOC2Ref                          0x08002083   Thumb Code    24  stm32f10x_tim.o(.text)
    TIM_ClearOC3Ref                          0x0800209b   Thumb Code    18  stm32f10x_tim.o(.text)
    TIM_ClearOC4Ref                          0x080020ad   Thumb Code    24  stm32f10x_tim.o(.text)
    TIM_OC1PolarityConfig                    0x080020c5   Thumb Code    18  stm32f10x_tim.o(.text)
    TIM_OC1NPolarityConfig                   0x080020d7   Thumb Code    18  stm32f10x_tim.o(.text)
    TIM_OC2PolarityConfig                    0x080020e9   Thumb Code    26  stm32f10x_tim.o(.text)
    TIM_OC2NPolarityConfig                   0x08002103   Thumb Code    26  stm32f10x_tim.o(.text)
    TIM_OC3PolarityConfig                    0x0800211d   Thumb Code    26  stm32f10x_tim.o(.text)
    TIM_OC3NPolarityConfig                   0x08002137   Thumb Code    26  stm32f10x_tim.o(.text)
    TIM_OC4PolarityConfig                    0x08002151   Thumb Code    26  stm32f10x_tim.o(.text)
    TIM_CCxCmd                               0x0800216b   Thumb Code    30  stm32f10x_tim.o(.text)
    TIM_CCxNCmd                              0x08002189   Thumb Code    30  stm32f10x_tim.o(.text)
    TIM_SelectOCxM                           0x080021a7   Thumb Code    82  stm32f10x_tim.o(.text)
    TIM_UpdateDisableConfig                  0x080021f9   Thumb Code    24  stm32f10x_tim.o(.text)
    TIM_UpdateRequestConfig                  0x08002211   Thumb Code    24  stm32f10x_tim.o(.text)
    TIM_SelectHallSensor                     0x08002229   Thumb Code    24  stm32f10x_tim.o(.text)
    TIM_SelectOnePulseMode                   0x08002241   Thumb Code    18  stm32f10x_tim.o(.text)
    TIM_SelectOutputTrigger                  0x08002253   Thumb Code    18  stm32f10x_tim.o(.text)
    TIM_SelectSlaveMode                      0x08002265   Thumb Code    18  stm32f10x_tim.o(.text)
    TIM_SelectMasterSlaveMode                0x08002277   Thumb Code    18  stm32f10x_tim.o(.text)
    TIM_SetCounter                           0x08002289   Thumb Code     4  stm32f10x_tim.o(.text)
    TIM_SetAutoreload                        0x0800228d   Thumb Code     4  stm32f10x_tim.o(.text)
    TIM_SetCompare1                          0x08002291   Thumb Code     4  stm32f10x_tim.o(.text)
    TIM_SetCompare2                          0x08002295   Thumb Code     4  stm32f10x_tim.o(.text)
    TIM_SetCompare3                          0x08002299   Thumb Code     4  stm32f10x_tim.o(.text)
    TIM_SetCompare4                          0x0800229d   Thumb Code     6  stm32f10x_tim.o(.text)
    TIM_SetClockDivision                     0x080022a3   Thumb Code    18  stm32f10x_tim.o(.text)
    TIM_GetCapture1                          0x080022b5   Thumb Code     6  stm32f10x_tim.o(.text)
    TIM_GetCapture2                          0x080022bb   Thumb Code     6  stm32f10x_tim.o(.text)
    TIM_GetCapture3                          0x080022c1   Thumb Code     6  stm32f10x_tim.o(.text)
    TIM_GetCapture4                          0x080022c7   Thumb Code     8  stm32f10x_tim.o(.text)
    TIM_GetCounter                           0x080022cf   Thumb Code     6  stm32f10x_tim.o(.text)
    TIM_GetPrescaler                         0x080022d5   Thumb Code     6  stm32f10x_tim.o(.text)
    TIM_GetFlagStatus                        0x080022db   Thumb Code    18  stm32f10x_tim.o(.text)
    TIM_ClearFlag                            0x080022ed   Thumb Code     6  stm32f10x_tim.o(.text)
    TIM_GetITStatus                          0x080022f3   Thumb Code    34  stm32f10x_tim.o(.text)
    TIM_ClearITPendingBit                    0x08002315   Thumb Code     6  stm32f10x_tim.o(.text)
    USART_DeInit                             0x0800231d   Thumb Code   134  stm32f10x_usart.o(.text)
    USART_Init                               0x080023a3   Thumb Code   210  stm32f10x_usart.o(.text)
    USART_StructInit                         0x08002475   Thumb Code    24  stm32f10x_usart.o(.text)
    USART_ClockInit                          0x0800248d   Thumb Code    34  stm32f10x_usart.o(.text)
    USART_ClockStructInit                    0x080024af   Thumb Code    12  stm32f10x_usart.o(.text)
    USART_Cmd                                0x080024bb   Thumb Code    24  stm32f10x_usart.o(.text)
    USART_ITConfig                           0x080024d3   Thumb Code    74  stm32f10x_usart.o(.text)
    USART_DMACmd                             0x0800251d   Thumb Code    18  stm32f10x_usart.o(.text)
    USART_SetAddress                         0x0800252f   Thumb Code    18  stm32f10x_usart.o(.text)
    USART_WakeUpConfig                       0x08002541   Thumb Code    18  stm32f10x_usart.o(.text)
    USART_ReceiverWakeUpCmd                  0x08002553   Thumb Code    24  stm32f10x_usart.o(.text)
    USART_LINBreakDetectLengthConfig         0x0800256b   Thumb Code    18  stm32f10x_usart.o(.text)
    USART_LINCmd                             0x0800257d   Thumb Code    24  stm32f10x_usart.o(.text)
    USART_SendData                           0x08002595   Thumb Code     8  stm32f10x_usart.o(.text)
    USART_ReceiveData                        0x0800259d   Thumb Code    10  stm32f10x_usart.o(.text)
    USART_SendBreak                          0x080025a7   Thumb Code    10  stm32f10x_usart.o(.text)
    USART_SetGuardTime                       0x080025b1   Thumb Code    16  stm32f10x_usart.o(.text)
    USART_SetPrescaler                       0x080025c1   Thumb Code    16  stm32f10x_usart.o(.text)
    USART_SmartCardCmd                       0x080025d1   Thumb Code    24  stm32f10x_usart.o(.text)
    USART_SmartCardNACKCmd                   0x080025e9   Thumb Code    24  stm32f10x_usart.o(.text)
    USART_HalfDuplexCmd                      0x08002601   Thumb Code    24  stm32f10x_usart.o(.text)
    USART_OverSampling8Cmd                   0x08002619   Thumb Code    22  stm32f10x_usart.o(.text)
    USART_OneBitMethodCmd                    0x0800262f   Thumb Code    24  stm32f10x_usart.o(.text)
    USART_IrDAConfig                         0x08002647   Thumb Code    18  stm32f10x_usart.o(.text)
    USART_IrDACmd                            0x08002659   Thumb Code    24  stm32f10x_usart.o(.text)
    USART_GetFlagStatus                      0x08002671   Thumb Code    26  stm32f10x_usart.o(.text)
    USART_ClearFlag                          0x0800268b   Thumb Code    18  stm32f10x_usart.o(.text)
    USART_GetITStatus                        0x0800269d   Thumb Code    84  stm32f10x_usart.o(.text)
    USART_ClearITPendingBit                  0x080026f1   Thumb Code    52  stm32f10x_usart.o(.text)
    Timer_Init                               0x08002725   Thumb Code   122  timer.o(.text)
    KalmanFilter1D_Update                    0x0800279f   Thumb Code   110  kf.o(.text)
    Madgwick_Init                            0x0800280d   Thumb Code     2  madgwick.o(.text)
    Madgwick_Update                          0x0800280f   Thumb Code  1946  madgwick.o(.text)
    Madgwick_QuatToPitch                     0x08002fa9   Thumb Code   102  madgwick.o(.text)
    Madgwick_QuatToRoll                      0x0800300f   Thumb Code    52  madgwick.o(.text)
    Madgwick_QuatToYaw                       0x08003043   Thumb Code   118  madgwick.o(.text)
    MPU6050_WaitEvent                        0x080030c5   Thumb Code    34  mpu6050.o(.text)
    MPU6050_WriteReg                         0x080030e7   Thumb Code    86  mpu6050.o(.text)
    MPU6050_ReadReg                          0x0800313d   Thumb Code   138  mpu6050.o(.text)
    MPU6050_Init                             0x080031c7   Thumb Code   166  mpu6050.o(.text)
    MPU6050_GetID                            0x0800326d   Thumb Code    10  mpu6050.o(.text)
    MPU6050_GetData                          0x08003277   Thumb Code   172  mpu6050.o(.text)
    MPU6050_DataInit                         0x08003323   Thumb Code   216  mpu6050.o(.text)
    Serial_Init                              0x08003415   Thumb Code   168  serial.o(.text)
    USART1_IRQHandler                        0x080034bd   Thumb Code   138  serial.o(.text)
    Serial_SendByte                          0x08003547   Thumb Code    28  serial.o(.text)
    Serial_SendArray                         0x08003563   Thumb Code    42  serial.o(.text)
    Serial_SendString                        0x0800358d   Thumb Code    42  serial.o(.text)
    Serial_Pow                               0x080035b7   Thumb Code    20  serial.o(.text)
    Serial_SendNum                           0x080035cb   Thumb Code    74  serial.o(.text)
    fputc                                    0x08003615   Thumb Code    16  serial.o(.text)
    Serial_Printf                            0x08003625   Thumb Code    36  serial.o(.text)
    Serial_HeartBeat                         0x08003649   Thumb Code    10  serial.o(.text)
    HeartBeat_Tick                           0x08003653   Thumb Code    30  serial.o(.text)
    OLED_W_SCL                               0x08003695   Thumb Code    18  oled.o(.text)
    OLED_W_SDA                               0x080036a7   Thumb Code    18  oled.o(.text)
    OLED_GPIO_Init                           0x080036b9   Thumb Code    92  oled.o(.text)
    OLED_I2C_Start                           0x08003715   Thumb Code    28  oled.o(.text)
    OLED_I2C_Stop                            0x08003731   Thumb Code    22  oled.o(.text)
    OLED_I2C_SendByte                        0x08003747   Thumb Code    62  oled.o(.text)
    OLED_WriteCommand                        0x08003785   Thumb Code    32  oled.o(.text)
    OLED_WriteData                           0x080037a5   Thumb Code    46  oled.o(.text)
    OLED_SetCursor                           0x080037d3   Thumb Code    34  oled.o(.text)
    OLED_Update                              0x080037f5   Thumb Code    36  oled.o(.text)
    OLED_Clear                               0x08003819   Thumb Code    36  oled.o(.text)
    OLED_Init                                0x0800383d   Thumb Code   154  oled.o(.text)
    OLED_Pow                                 0x080038d7   Thumb Code    20  oled.o(.text)
    OLED_pnpoly                              0x080038eb   Thumb Code   140  oled.o(.text)
    OLED_IsInAngle                           0x08003977   Thumb Code   110  oled.o(.text)
    OLED_UpdateArea                          0x080039e5   Thumb Code   120  oled.o(.text)
    OLED_ClearArea                           0x08003a5d   Thumb Code   164  oled.o(.text)
    OLED_Reverse                             0x08003b01   Thumb Code    46  oled.o(.text)
    OLED_ReverseArea                         0x08003b2f   Thumb Code   140  oled.o(.text)
    OLED_ShowImage                           0x08003bbb   Thumb Code   248  oled.o(.text)
    OLED_ShowChar                            0x08003cb3   Thumb Code    74  oled.o(.text)
    OLED_ShowString                          0x08003cfd   Thumb Code   442  oled.o(.text)
    OLED_ShowNum                             0x08003eb7   Thumb Code    98  oled.o(.text)
    OLED_ShowSignedNum                       0x08003f19   Thumb Code   112  oled.o(.text)
    OLED_ShowHexNum                          0x08003f89   Thumb Code    96  oled.o(.text)
    OLED_ShowBinNum                          0x08003fe9   Thumb Code    70  oled.o(.text)
    OLED_ShowFloatNum                        0x0800402f   Thumb Code   210  oled.o(.text)
    OLED_Printf                              0x08004101   Thumb Code    50  oled.o(.text)
    OLED_DrawPoint                           0x08004133   Thumb Code    76  oled.o(.text)
    OLED_GetPoint                            0x0800417f   Thumb Code    64  oled.o(.text)
    OLED_DrawLine                            0x080041bf   Thumb Code   374  oled.o(.text)
    OLED_DrawRectangle                       0x08004335   Thumb Code   142  oled.o(.text)
    OLED_DrawTriangle                        0x080043c3   Thumb Code   232  oled.o(.text)
    OLED_DrawCircle                          0x080044ab   Thumb Code   356  oled.o(.text)
    OLED_DrawEllipse                         0x0800460f   Thumb Code   806  oled.o(.text)
    OLED_DrawArc                             0x08004935   Thumb Code   624  oled.o(.text)
    vsprintf                                 0x08004ba5   Thumb Code    32  vsprintf.o(.text)
    strcmp                                   0x08004bc9   Thumb Code   128  strcmpv7m.o(.text)
    __use_two_region_memory                  0x08004c49   Thumb Code     2  heapauxi.o(.text)
    __rt_heap_escrow$2region                 0x08004c4b   Thumb Code     2  heapauxi.o(.text)
    __rt_heap_expand$2region                 0x08004c4d   Thumb Code     2  heapauxi.o(.text)
    __read_errno                             0x08004c4f   Thumb Code    10  _rserrno.o(.text)
    __set_errno                              0x08004c59   Thumb Code    12  _rserrno.o(.text)
    _printf_pre_padding                      0x08004c65   Thumb Code    44  _printf_pad.o(.text)
    _printf_post_padding                     0x08004c91   Thumb Code    34  _printf_pad.o(.text)
    _printf_truncate_signed                  0x08004cb3   Thumb Code    18  _printf_truncate.o(.text)
    _printf_truncate_unsigned                0x08004cc5   Thumb Code    18  _printf_truncate.o(.text)
    _printf_str                              0x08004cd7   Thumb Code    82  _printf_str.o(.text)
    _printf_int_dec                          0x08004d29   Thumb Code   104  _printf_dec.o(.text)
    _printf_charcount                        0x08004da1   Thumb Code    40  _printf_charcount.o(.text)
    _printf_char_common                      0x08004dd3   Thumb Code    32  _printf_char_common.o(.text)
    _sputc                                   0x08004df9   Thumb Code    10  _sputc.o(.text)
    _printf_wctomb                           0x08004e05   Thumb Code   182  _printf_wctomb.o(.text)
    _printf_longlong_dec                     0x08004ec1   Thumb Code   108  _printf_longlong_dec.o(.text)
    _printf_longlong_oct                     0x08004f3d   Thumb Code    66  _printf_oct_int_ll.o(.text)
    _printf_int_oct                          0x08004f7f   Thumb Code    24  _printf_oct_int_ll.o(.text)
    _printf_ll_oct                           0x08004f97   Thumb Code    12  _printf_oct_int_ll.o(.text)
    _printf_longlong_hex                     0x08004fad   Thumb Code    86  _printf_hex_int_ll_ptr.o(.text)
    _printf_int_hex                          0x08005003   Thumb Code    28  _printf_hex_int_ll_ptr.o(.text)
    _printf_ll_hex                           0x0800501f   Thumb Code    12  _printf_hex_int_ll_ptr.o(.text)
    _printf_hex_ptr                          0x0800502b   Thumb Code    18  _printf_hex_int_ll_ptr.o(.text)
    __printf                                 0x08005041   Thumb Code   388  __printf_flags_ss_wp.o(.text)
    __aeabi_errno_addr                       0x080051c9   Thumb Code     8  rt_errno_addr_intlibspace.o(.text)
    __errno$intlibspace                      0x080051c9   Thumb Code     0  rt_errno_addr_intlibspace.o(.text)
    __rt_errno_addr$intlibspace              0x080051c9   Thumb Code     0  rt_errno_addr_intlibspace.o(.text)
    _ll_udiv10                               0x080051d1   Thumb Code   138  lludiv10.o(.text)
    _printf_int_common                       0x0800525b   Thumb Code   178  _printf_intcommon.o(.text)
    __lib_sel_fp_printf                      0x0800530d   Thumb Code     2  _printf_fp_dec.o(.text)
    _printf_fp_dec_real                      0x080054bf   Thumb Code   620  _printf_fp_dec.o(.text)
    _printf_fp_hex_real                      0x0800572d   Thumb Code   756  _printf_fp_hex.o(.text)
    _printf_cs_common                        0x08005a29   Thumb Code    20  _printf_char.o(.text)
    _printf_char                             0x08005a3d   Thumb Code    16  _printf_char.o(.text)
    _printf_string                           0x08005a4d   Thumb Code     8  _printf_char.o(.text)
    _printf_lcs_common                       0x08005a55   Thumb Code    20  _printf_wchar.o(.text)
    _printf_wchar                            0x08005a69   Thumb Code    16  _printf_wchar.o(.text)
    _printf_wstring                          0x08005a79   Thumb Code     8  _printf_wchar.o(.text)
    _wcrtomb                                 0x08005a81   Thumb Code    64  _wcrtomb.o(.text)
    __user_libspace                          0x08005ac1   Thumb Code     8  libspace.o(.text)
    __user_perproc_libspace                  0x08005ac1   Thumb Code     0  libspace.o(.text)
    __user_perthread_libspace                0x08005ac1   Thumb Code     0  libspace.o(.text)
    __user_setup_stackheap                   0x08005ac9   Thumb Code    74  sys_stackheap_outer.o(.text)
    __rt_ctype_table                         0x08005b15   Thumb Code    16  rt_ctype_table.o(.text)
    __rt_locale                              0x08005b25   Thumb Code     8  rt_locale_intlibspace.o(.text)
    _printf_fp_infnan                        0x08005b2d   Thumb Code   112  _printf_fp_infnan.o(.text)
    _btod_etento                             0x08005bad   Thumb Code   224  bigflt0.o(.text)
    exit                                     0x08005c91   Thumb Code    18  exit.o(.text)
    _sys_exit                                0x08005ca5   Thumb Code     8  sys_exit.o(.text)
    __I$use$semihosting                      0x08005cb1   Thumb Code     0  use_no_semi.o(.text)
    __use_no_semihosting_swi                 0x08005cb1   Thumb Code     2  use_no_semi.o(.text)
    __semihosting_library_function           0x08005cb3   Thumb Code     0  indicate_semi.o(.text)
    _btod_d2e                                0x08005cb3   Thumb Code    62  btod.o(CL$$btod_d2e)
    _d2e_denorm_low                          0x08005cf1   Thumb Code    70  btod.o(CL$$btod_d2e_denorm_low)
    _d2e_norm_op1                            0x08005d37   Thumb Code    96  btod.o(CL$$btod_d2e_norm_op1)
    __btod_div_common                        0x08005d97   Thumb Code   696  btod.o(CL$$btod_div_common)
    _e2e                                     0x080060cf   Thumb Code   220  btod.o(CL$$btod_e2e)
    _btod_ediv                               0x080061ab   Thumb Code    42  btod.o(CL$$btod_ediv)
    _btod_emul                               0x080061d5   Thumb Code    42  btod.o(CL$$btod_emul)
    __btod_mult_common                       0x080061ff   Thumb Code   580  btod.o(CL$$btod_mult_common)
    __ARM_fpclassify                         0x08006443   Thumb Code    40  fpclassify.o(i.__ARM_fpclassify)
    __ARM_fpclassifyf                        0x0800646b   Thumb Code    38  fpclassifyf.o(i.__ARM_fpclassifyf)
    __kernel_poly                            0x08006491   Thumb Code   170  poly.o(i.__kernel_poly)
    __mathlib_dbl_infnan                     0x0800653b   Thumb Code     6  dunder.o(i.__mathlib_dbl_infnan)
    __mathlib_dbl_infnan2                    0x08006541   Thumb Code     4  dunder.o(i.__mathlib_dbl_infnan2)
    __mathlib_dbl_underflow                  0x08006545   Thumb Code    10  dunder.o(i.__mathlib_dbl_underflow)
    __mathlib_flt_infnan                     0x08006555   Thumb Code     6  funder.o(i.__mathlib_flt_infnan)
    __mathlib_flt_infnan2                    0x0800655b   Thumb Code     4  funder.o(i.__mathlib_flt_infnan2)
    __mathlib_flt_invalid                    0x0800655f   Thumb Code     8  funder.o(i.__mathlib_flt_invalid)
    __mathlib_flt_underflow                  0x08006567   Thumb Code    10  funder.o(i.__mathlib_flt_underflow)
    _is_digit                                0x08006571   Thumb Code    14  __printf_wp.o(i._is_digit)
    asinf                                    0x08006581   Thumb Code   254  asinf.o(i.asinf)
    atan                                     0x080066a5   Thumb Code   474  atan.o(i.atan)
    atan2                                    0x080068c5   Thumb Code   346  atan2.o(i.atan2)
    atan2f                                   0x08006a45   Thumb Code   528  atan2f.o(i.atan2f)
    round                                    0x08006ca1   Thumb Code   136  round.o(i.round)
    sqrt                                     0x08006d35   Thumb Code    76  sqrt.o(i.sqrt)
    sqrtf                                    0x08006d81   Thumb Code    44  sqrtf.o(i.sqrtf)
    _get_lc_numeric                          0x08006dad   Thumb Code    44  lc_numeric_c.o(locale$$code)
    _get_lc_ctype                            0x08006dd9   Thumb Code    44  lc_ctype_c.o(locale$$code)
    __aeabi_d2f                              0x08006e05   Thumb Code     0  d2f.o(x$fpl$d2f)
    _d2f                                     0x08006e05   Thumb Code    98  d2f.o(x$fpl$d2f)
    __aeabi_dadd                             0x08006e69   Thumb Code     0  daddsub_clz.o(x$fpl$dadd)
    _dadd                                    0x08006e69   Thumb Code   332  daddsub_clz.o(x$fpl$dadd)
    __fpl_dcheck_NaN1                        0x08006fb9   Thumb Code    10  dcheck1.o(x$fpl$dcheck1)
    __fpl_dcmp_Inf                           0x08006fc9   Thumb Code    24  dcmpi.o(x$fpl$dcmpinf)
    __aeabi_ddiv                             0x08006fe1   Thumb Code     0  ddiv.o(x$fpl$ddiv)
    _ddiv                                    0x08006fe1   Thumb Code   552  ddiv.o(x$fpl$ddiv)
    __aeabi_d2iz                             0x08007291   Thumb Code     0  dfix.o(x$fpl$dfix)
    _dfix                                    0x08007291   Thumb Code    94  dfix.o(x$fpl$dfix)
    __aeabi_d2uiz                            0x080072f1   Thumb Code     0  dfixu.o(x$fpl$dfixu)
    _dfixu                                   0x080072f1   Thumb Code    90  dfixu.o(x$fpl$dfixu)
    __aeabi_i2d                              0x0800734b   Thumb Code     0  dflt_clz.o(x$fpl$dflt)
    _dflt                                    0x0800734b   Thumb Code    46  dflt_clz.o(x$fpl$dflt)
    __aeabi_ui2d                             0x08007379   Thumb Code     0  dflt_clz.o(x$fpl$dfltu)
    _dfltu                                   0x08007379   Thumb Code    38  dflt_clz.o(x$fpl$dfltu)
    __aeabi_cdcmple                          0x080073a1   Thumb Code     0  dleqf.o(x$fpl$dleqf)
    _dcmple                                  0x080073a1   Thumb Code   120  dleqf.o(x$fpl$dleqf)
    __fpl_dcmple_InfNaN                      0x08007403   Thumb Code     0  dleqf.o(x$fpl$dleqf)
    __aeabi_dmul                             0x08007419   Thumb Code     0  dmul.o(x$fpl$dmul)
    _dmul                                    0x08007419   Thumb Code   332  dmul.o(x$fpl$dmul)
    __fpl_dnaninf                            0x0800756d   Thumb Code   156  dnaninf.o(x$fpl$dnaninf)
    __fpl_dretinf                            0x08007609   Thumb Code    12  dretinf.o(x$fpl$dretinf)
    __aeabi_cdrcmple                         0x08007615   Thumb Code     0  drleqf.o(x$fpl$drleqf)
    _drcmple                                 0x08007615   Thumb Code   108  drleqf.o(x$fpl$drleqf)
    _drnd                                    0x08007681   Thumb Code   180  drnd.o(x$fpl$drnd)
    __aeabi_drsub                            0x08007735   Thumb Code     0  daddsub_clz.o(x$fpl$drsb)
    _drsb                                    0x08007735   Thumb Code    22  daddsub_clz.o(x$fpl$drsb)
    _dsqrt                                   0x0800774d   Thumb Code   456  dsqrt_noumaal.o(x$fpl$dsqrt)
    __aeabi_dsub                             0x08007919   Thumb Code     0  daddsub_clz.o(x$fpl$dsub)
    _dsub                                    0x08007919   Thumb Code   464  daddsub_clz.o(x$fpl$dsub)
    __aeabi_f2d                              0x08007aed   Thumb Code     0  f2d.o(x$fpl$f2d)
    _f2d                                     0x08007aed   Thumb Code    86  f2d.o(x$fpl$f2d)
    __aeabi_fadd                             0x08007b45   Thumb Code     0  faddsub_clz.o(x$fpl$fadd)
    _fadd                                    0x08007b45   Thumb Code   196  faddsub_clz.o(x$fpl$fadd)
    __fpl_fcheck_NaN1                        0x08007c09   Thumb Code     6  fcheck1.o(x$fpl$fcheck1)
    __fpl_fcmp_Inf                           0x08007c15   Thumb Code    24  fcmpi.o(x$fpl$fcmpinf)
    __aeabi_fdiv                             0x08007c2d   Thumb Code     0  fdiv.o(x$fpl$fdiv)
    _fdiv                                    0x08007c2d   Thumb Code   384  fdiv.o(x$fpl$fdiv)
    __aeabi_i2f                              0x08007db1   Thumb Code     0  fflt_clz.o(x$fpl$fflt)
    _fflt                                    0x08007db1   Thumb Code    48  fflt_clz.o(x$fpl$fflt)
    __aeabi_cfcmple                          0x08007de1   Thumb Code     0  fleqf.o(x$fpl$fleqf)
    _fcmple                                  0x08007de1   Thumb Code   104  fleqf.o(x$fpl$fleqf)
    __fpl_fcmple_InfNaN                      0x08007e33   Thumb Code     0  fleqf.o(x$fpl$fleqf)
    __aeabi_fmul                             0x08007e49   Thumb Code     0  fmul.o(x$fpl$fmul)
    _fmul                                    0x08007e49   Thumb Code   258  fmul.o(x$fpl$fmul)
    __fpl_fnaninf                            0x08007f4b   Thumb Code   140  fnaninf.o(x$fpl$fnaninf)
    __fpl_fretinf                            0x08007fd7   Thumb Code    10  fretinf.o(x$fpl$fretinf)
    __aeabi_frsub                            0x08007fe1   Thumb Code     0  faddsub_clz.o(x$fpl$frsb)
    _frsb                                    0x08007fe1   Thumb Code    20  faddsub_clz.o(x$fpl$frsb)
    _fsqrt                                   0x08007ff5   Thumb Code   272  fsqrt.o(x$fpl$fsqrt)
    __aeabi_fsub                             0x08008105   Thumb Code     0  faddsub_clz.o(x$fpl$fsub)
    _fsub                                    0x08008105   Thumb Code   234  faddsub_clz.o(x$fpl$fsub)
    _printf_fp_dec                           0x080081ef   Thumb Code     4  printf1.o(x$fpl$printf1)
    _printf_fp_hex                           0x080081f3   Thumb Code     4  printf2.o(x$fpl$printf2)
    __fpl_return_NaN                         0x080081f7   Thumb Code   100  retnan.o(x$fpl$retnan)
    __ARM_scalbn                             0x0800825b   Thumb Code    92  scalbn.o(x$fpl$scalbn)
    __ARM_scalbnf                            0x080082b7   Thumb Code    76  scalbnf.o(x$fpl$scalbnf)
    __fpl_cmpreturn                          0x08008303   Thumb Code    48  trapv.o(x$fpl$trapveneer)
    OLED_F8x16                               0x08008332   Data        1520  oled_data.o(.constdata)
    __I$use$fp                               0x08008332   Number         0  usenofp.o(x$fpl$usenofp)
    OLED_F6x8                                0x08008922   Data         570  oled_data.o(.constdata)
    OLED_CF16x16                             0x08008b5c   Data         259  oled_data.o(.constdata)
    Diode                                    0x08008c5f   Data          32  oled_data.o(.constdata)
    __mathlib_zero                           0x08008d60   Data           8  qnan.o(.constdata)
    Region$$Table$$Base                      0x08008e24   Number         0  anon$$obj.o(Region$$Table)
    Region$$Table$$Limit                     0x08008e44   Number         0  anon$$obj.o(Region$$Table)
    __ctype                                  0x08008e6d   Data           0  lc_ctype_c.o(locale$$data)
    SystemCoreClock                          0x20000000   Data           4  system_stm32f10x.o(.data)
    AHBPrescTable                            0x20000004   Data          16  system_stm32f10x.o(.data)
    KeyNum                                   0x20000014   Data           1  main.o(.data)
    AX                                       0x20000016   Data           2  main.o(.data)
    AY                                       0x20000018   Data           2  main.o(.data)
    AZ                                       0x2000001a   Data           2  main.o(.data)
    GX                                       0x2000001c   Data           2  main.o(.data)
    GY                                       0x2000001e   Data           2  main.o(.data)
    GZ                                       0x20000020   Data           2  main.o(.data)
    id                                       0x20000022   Data           1  main.o(.data)
    time                                     0x20000024   Data           2  main.o(.data)
    Flag                                     0x20000026   Data           2  main.o(.data)
    Yaw_g                                    0x2000002c   Data           4  main.o(.data)
    Pitch_g                                  0x20000030   Data           4  main.o(.data)
    Roll_g                                   0x20000034   Data           4  main.o(.data)
    Pitch_a                                  0x20000038   Data           4  main.o(.data)
    Roll_a                                   0x2000003c   Data           4  main.o(.data)
    Yaw                                      0x20000040   Data           4  main.o(.data)
    Pitch                                    0x20000044   Data           4  main.o(.data)
    Roll                                     0x20000048   Data           4  main.o(.data)
    rate                                     0x2000004c   Data           4  main.o(.data)
    X                                        0x20000050   Data          16  main.o(.data)
    Y                                        0x20000060   Data          16  main.o(.data)
    Z                                        0x20000070   Data          16  main.o(.data)
    MF                                       0x20000080   Data          16  main.o(.data)
    MADGWICK_BETA                            0x200000a4   Data           4  madgwick.o(.data)
    Serial_RxFlag                            0x200000aa   Data           1  serial.o(.data)
    Result                                   0x200000b0   Data          24  main.o(.bss)
    Serial_RxPacket                          0x200000c8   Data         101  serial.o(.bss)
    OLED_DisplayBuf                          0x2000012d   Data        1024  oled.o(.bss)
    __libspace_start                         0x20000530   Data          96  libspace.o(.bss)
    __temporary_stack_top$libspace           0x20000590   Data           0  libspace.o(.bss)



==============================================================================

Memory Map of the image

  Image Entry point : 0x080000ed

  Load Region LR_IROM1 (Base: 0x08000000, Size: 0x00009020, Max: 0x00010000, ABSOLUTE)

    Execution Region ER_IROM1 (Exec base: 0x08000000, Load base: 0x08000000, Size: 0x00008f70, Max: 0x00010000, ABSOLUTE)

    Exec Addr    Load Addr    Size         Type   Attr      Idx    E Section Name        Object

    0x08000000   0x08000000   0x000000ec   Data   RO            3    RESET               startup_stm32f10x_md.o
    0x080000ec   0x080000ec   0x00000008   Code   RO          933  * !!!main             c_w.l(__main.o)
    0x080000f4   0x080000f4   0x00000034   Code   RO         1428    !!!scatter          c_w.l(__scatter.o)
    0x08000128   0x08000128   0x0000001a   Code   RO         1430    !!handler_copy      c_w.l(__scatter_copy.o)
    0x08000142   0x08000142   0x00000002   PAD
    0x08000144   0x08000144   0x0000001c   Code   RO         1432    !!handler_zi        c_w.l(__scatter_zi.o)
    0x08000160   0x08000160   0x00000000   Code   RO         1107    .ARM.Collect$$_printf_percent$$00000000  c_w.l(_printf_percent.o)
    0x08000160   0x08000160   0x00000006   Code   RO         1096    .ARM.Collect$$_printf_percent$$00000001  c_w.l(_printf_n.o)
    0x08000166   0x08000166   0x00000006   Code   RO         1098    .ARM.Collect$$_printf_percent$$00000002  c_w.l(_printf_p.o)
    0x0800016c   0x0800016c   0x00000006   Code   RO         1103    .ARM.Collect$$_printf_percent$$00000003  c_w.l(_printf_f.o)
    0x08000172   0x08000172   0x00000006   Code   RO         1104    .ARM.Collect$$_printf_percent$$00000004  c_w.l(_printf_e.o)
    0x08000178   0x08000178   0x00000006   Code   RO         1105    .ARM.Collect$$_printf_percent$$00000005  c_w.l(_printf_g.o)
    0x0800017e   0x0800017e   0x00000006   Code   RO         1106    .ARM.Collect$$_printf_percent$$00000006  c_w.l(_printf_a.o)
    0x08000184   0x08000184   0x0000000a   Code   RO         1111    .ARM.Collect$$_printf_percent$$00000007  c_w.l(_printf_ll.o)
    0x0800018e   0x0800018e   0x00000006   Code   RO         1100    .ARM.Collect$$_printf_percent$$00000008  c_w.l(_printf_i.o)
    0x08000194   0x08000194   0x00000006   Code   RO         1101    .ARM.Collect$$_printf_percent$$00000009  c_w.l(_printf_d.o)
    0x0800019a   0x0800019a   0x00000006   Code   RO         1102    .ARM.Collect$$_printf_percent$$0000000A  c_w.l(_printf_u.o)
    0x080001a0   0x080001a0   0x00000006   Code   RO         1099    .ARM.Collect$$_printf_percent$$0000000B  c_w.l(_printf_o.o)
    0x080001a6   0x080001a6   0x00000006   Code   RO         1097    .ARM.Collect$$_printf_percent$$0000000C  c_w.l(_printf_x.o)
    0x080001ac   0x080001ac   0x00000006   Code   RO         1108    .ARM.Collect$$_printf_percent$$0000000D  c_w.l(_printf_lli.o)
    0x080001b2   0x080001b2   0x00000006   Code   RO         1109    .ARM.Collect$$_printf_percent$$0000000E  c_w.l(_printf_lld.o)
    0x080001b8   0x080001b8   0x00000006   Code   RO         1110    .ARM.Collect$$_printf_percent$$0000000F  c_w.l(_printf_llu.o)
    0x080001be   0x080001be   0x00000006   Code   RO         1115    .ARM.Collect$$_printf_percent$$00000010  c_w.l(_printf_llo.o)
    0x080001c4   0x080001c4   0x00000006   Code   RO         1116    .ARM.Collect$$_printf_percent$$00000011  c_w.l(_printf_llx.o)
    0x080001ca   0x080001ca   0x0000000a   Code   RO         1112    .ARM.Collect$$_printf_percent$$00000012  c_w.l(_printf_l.o)
    0x080001d4   0x080001d4   0x00000006   Code   RO         1094    .ARM.Collect$$_printf_percent$$00000013  c_w.l(_printf_c.o)
    0x080001da   0x080001da   0x00000006   Code   RO         1095    .ARM.Collect$$_printf_percent$$00000014  c_w.l(_printf_s.o)
    0x080001e0   0x080001e0   0x00000006   Code   RO         1113    .ARM.Collect$$_printf_percent$$00000015  c_w.l(_printf_lc.o)
    0x080001e6   0x080001e6   0x00000006   Code   RO         1114    .ARM.Collect$$_printf_percent$$00000016  c_w.l(_printf_ls.o)
    0x080001ec   0x080001ec   0x00000004   Code   RO         1228    .ARM.Collect$$_printf_percent$$00000017  c_w.l(_printf_percent_end.o)
    0x080001f0   0x080001f0   0x00000002   Code   RO         1290    .ARM.Collect$$libinit$$00000000  c_w.l(libinit.o)
    0x080001f2   0x080001f2   0x00000000   Code   RO         1303    .ARM.Collect$$libinit$$00000002  c_w.l(libinit2.o)
    0x080001f2   0x080001f2   0x00000000   Code   RO         1305    .ARM.Collect$$libinit$$00000004  c_w.l(libinit2.o)
    0x080001f2   0x080001f2   0x00000000   Code   RO         1308    .ARM.Collect$$libinit$$0000000A  c_w.l(libinit2.o)
    0x080001f2   0x080001f2   0x00000000   Code   RO         1310    .ARM.Collect$$libinit$$0000000C  c_w.l(libinit2.o)
    0x080001f2   0x080001f2   0x00000000   Code   RO         1312    .ARM.Collect$$libinit$$0000000E  c_w.l(libinit2.o)
    0x080001f2   0x080001f2   0x00000006   Code   RO         1313    .ARM.Collect$$libinit$$0000000F  c_w.l(libinit2.o)
    0x080001f8   0x080001f8   0x00000000   Code   RO         1315    .ARM.Collect$$libinit$$00000011  c_w.l(libinit2.o)
    0x080001f8   0x080001f8   0x0000000c   Code   RO         1316    .ARM.Collect$$libinit$$00000012  c_w.l(libinit2.o)
    0x08000204   0x08000204   0x00000000   Code   RO         1317    .ARM.Collect$$libinit$$00000013  c_w.l(libinit2.o)
    0x08000204   0x08000204   0x00000000   Code   RO         1319    .ARM.Collect$$libinit$$00000015  c_w.l(libinit2.o)
    0x08000204   0x08000204   0x0000000a   Code   RO         1320    .ARM.Collect$$libinit$$00000016  c_w.l(libinit2.o)
    0x0800020e   0x0800020e   0x00000000   Code   RO         1321    .ARM.Collect$$libinit$$00000017  c_w.l(libinit2.o)
    0x0800020e   0x0800020e   0x00000000   Code   RO         1323    .ARM.Collect$$libinit$$00000019  c_w.l(libinit2.o)
    0x0800020e   0x0800020e   0x00000000   Code   RO         1325    .ARM.Collect$$libinit$$0000001B  c_w.l(libinit2.o)
    0x0800020e   0x0800020e   0x00000000   Code   RO         1327    .ARM.Collect$$libinit$$0000001D  c_w.l(libinit2.o)
    0x0800020e   0x0800020e   0x00000000   Code   RO         1329    .ARM.Collect$$libinit$$0000001F  c_w.l(libinit2.o)
    0x0800020e   0x0800020e   0x00000000   Code   RO         1331    .ARM.Collect$$libinit$$00000021  c_w.l(libinit2.o)
    0x0800020e   0x0800020e   0x00000000   Code   RO         1333    .ARM.Collect$$libinit$$00000023  c_w.l(libinit2.o)
    0x0800020e   0x0800020e   0x00000000   Code   RO         1335    .ARM.Collect$$libinit$$00000025  c_w.l(libinit2.o)
    0x0800020e   0x0800020e   0x00000000   Code   RO         1339    .ARM.Collect$$libinit$$0000002C  c_w.l(libinit2.o)
    0x0800020e   0x0800020e   0x00000000   Code   RO         1341    .ARM.Collect$$libinit$$0000002E  c_w.l(libinit2.o)
    0x0800020e   0x0800020e   0x00000000   Code   RO         1343    .ARM.Collect$$libinit$$00000030  c_w.l(libinit2.o)
    0x0800020e   0x0800020e   0x00000000   Code   RO         1345    .ARM.Collect$$libinit$$00000032  c_w.l(libinit2.o)
    0x0800020e   0x0800020e   0x00000002   Code   RO         1346    .ARM.Collect$$libinit$$00000033  c_w.l(libinit2.o)
    0x08000210   0x08000210   0x00000002   Code   RO         1368    .ARM.Collect$$libshutdown$$00000000  c_w.l(libshutdown.o)
    0x08000212   0x08000212   0x00000000   Code   RO         1381    .ARM.Collect$$libshutdown$$00000002  c_w.l(libshutdown2.o)
    0x08000212   0x08000212   0x00000000   Code   RO         1383    .ARM.Collect$$libshutdown$$00000004  c_w.l(libshutdown2.o)
    0x08000212   0x08000212   0x00000000   Code   RO         1386    .ARM.Collect$$libshutdown$$00000007  c_w.l(libshutdown2.o)
    0x08000212   0x08000212   0x00000000   Code   RO         1389    .ARM.Collect$$libshutdown$$0000000A  c_w.l(libshutdown2.o)
    0x08000212   0x08000212   0x00000000   Code   RO         1391    .ARM.Collect$$libshutdown$$0000000C  c_w.l(libshutdown2.o)
    0x08000212   0x08000212   0x00000000   Code   RO         1394    .ARM.Collect$$libshutdown$$0000000F  c_w.l(libshutdown2.o)
    0x08000212   0x08000212   0x00000002   Code   RO         1395    .ARM.Collect$$libshutdown$$00000010  c_w.l(libshutdown2.o)
    0x08000214   0x08000214   0x00000000   Code   RO         1023    .ARM.Collect$$rtentry$$00000000  c_w.l(__rtentry.o)
    0x08000214   0x08000214   0x00000000   Code   RO         1194    .ARM.Collect$$rtentry$$00000002  c_w.l(__rtentry2.o)
    0x08000214   0x08000214   0x00000006   Code   RO         1206    .ARM.Collect$$rtentry$$00000004  c_w.l(__rtentry4.o)
    0x0800021a   0x0800021a   0x00000000   Code   RO         1196    .ARM.Collect$$rtentry$$00000009  c_w.l(__rtentry2.o)
    0x0800021a   0x0800021a   0x00000004   Code   RO         1197    .ARM.Collect$$rtentry$$0000000A  c_w.l(__rtentry2.o)
    0x0800021e   0x0800021e   0x00000000   Code   RO         1199    .ARM.Collect$$rtentry$$0000000C  c_w.l(__rtentry2.o)
    0x0800021e   0x0800021e   0x00000008   Code   RO         1200    .ARM.Collect$$rtentry$$0000000D  c_w.l(__rtentry2.o)
    0x08000226   0x08000226   0x00000002   Code   RO         1297    .ARM.Collect$$rtexit$$00000000  c_w.l(rtexit.o)
    0x08000228   0x08000228   0x00000000   Code   RO         1350    .ARM.Collect$$rtexit$$00000002  c_w.l(rtexit2.o)
    0x08000228   0x08000228   0x00000004   Code   RO         1351    .ARM.Collect$$rtexit$$00000003  c_w.l(rtexit2.o)
    0x0800022c   0x0800022c   0x00000006   Code   RO         1352    .ARM.Collect$$rtexit$$00000004  c_w.l(rtexit2.o)
    0x08000232   0x08000232   0x00000002   PAD
    0x08000234   0x08000234   0x00000040   Code   RO            4    .text               startup_stm32f10x_md.o
    0x08000274   0x08000274   0x000001e0   Code   RO           24    .text               system_stm32f10x.o
    0x08000454   0x08000454   0x000004b0   Code   RO          121    .text               main.o
    0x08000904   0x08000904   0x0000001a   Code   RO          266    .text               stm32f10x_it.o
    0x0800091e   0x0800091e   0x00000002   PAD
    0x08000920   0x08000920   0x000000dc   Code   RO          304    .text               misc.o
    0x080009fc   0x080009fc   0x0000035c   Code   RO          484    .text               stm32f10x_gpio.o
    0x08000d58   0x08000d58   0x00000404   Code   RO          499    .text               stm32f10x_i2c.o
    0x0800115c   0x0800115c   0x000003a4   Code   RO          544    .text               stm32f10x_rcc.o
    0x08001500   0x08001500   0x00000e1a   Code   RO          606    .text               stm32f10x_tim.o
    0x0800231a   0x0800231a   0x00000002   PAD
    0x0800231c   0x0800231c   0x00000408   Code   RO          621    .text               stm32f10x_usart.o
    0x08002724   0x08002724   0x0000007a   Code   RO          663    .text               timer.o
    0x0800279e   0x0800279e   0x0000006e   Code   RO          758    .text               kf.o
    0x0800280c   0x0800280c   0x000008b8   Code   RO          776    .text               madgwick.o
    0x080030c4   0x080030c4   0x00000350   Code   RO          845    .text               mpu6050.o
    0x08003414   0x08003414   0x00000280   Code   RO          861    .text               serial.o
    0x08003694   0x08003694   0x00001510   Code   RO          884    .text               oled.o
    0x08004ba4   0x08004ba4   0x00000024   Code   RO          927    .text               c_w.l(vsprintf.o)
    0x08004bc8   0x08004bc8   0x00000080   Code   RO          929    .text               c_w.l(strcmpv7m.o)
    0x08004c48   0x08004c48   0x00000006   Code   RO          931    .text               c_w.l(heapauxi.o)
    0x08004c4e   0x08004c4e   0x00000016   Code   RO         1024    .text               c_w.l(_rserrno.o)
    0x08004c64   0x08004c64   0x0000004e   Code   RO         1028    .text               c_w.l(_printf_pad.o)
    0x08004cb2   0x08004cb2   0x00000024   Code   RO         1030    .text               c_w.l(_printf_truncate.o)
    0x08004cd6   0x08004cd6   0x00000052   Code   RO         1032    .text               c_w.l(_printf_str.o)
    0x08004d28   0x08004d28   0x00000078   Code   RO         1034    .text               c_w.l(_printf_dec.o)
    0x08004da0   0x08004da0   0x00000028   Code   RO         1036    .text               c_w.l(_printf_charcount.o)
    0x08004dc8   0x08004dc8   0x00000030   Code   RO         1038    .text               c_w.l(_printf_char_common.o)
    0x08004df8   0x08004df8   0x0000000a   Code   RO         1040    .text               c_w.l(_sputc.o)
    0x08004e02   0x08004e02   0x00000002   PAD
    0x08004e04   0x08004e04   0x000000bc   Code   RO         1042    .text               c_w.l(_printf_wctomb.o)
    0x08004ec0   0x08004ec0   0x0000007c   Code   RO         1045    .text               c_w.l(_printf_longlong_dec.o)
    0x08004f3c   0x08004f3c   0x00000070   Code   RO         1051    .text               c_w.l(_printf_oct_int_ll.o)
    0x08004fac   0x08004fac   0x00000094   Code   RO         1071    .text               c_w.l(_printf_hex_int_ll_ptr.o)
    0x08005040   0x08005040   0x00000188   Code   RO         1091    .text               c_w.l(__printf_flags_ss_wp.o)
    0x080051c8   0x080051c8   0x00000008   Code   RO         1211    .text               c_w.l(rt_errno_addr_intlibspace.o)
    0x080051d0   0x080051d0   0x0000008a   Code   RO         1213    .text               c_w.l(lludiv10.o)
    0x0800525a   0x0800525a   0x000000b2   Code   RO         1215    .text               c_w.l(_printf_intcommon.o)
    0x0800530c   0x0800530c   0x0000041e   Code   RO         1217    .text               c_w.l(_printf_fp_dec.o)
    0x0800572a   0x0800572a   0x00000002   PAD
    0x0800572c   0x0800572c   0x000002fc   Code   RO         1219    .text               c_w.l(_printf_fp_hex.o)
    0x08005a28   0x08005a28   0x0000002c   Code   RO         1224    .text               c_w.l(_printf_char.o)
    0x08005a54   0x08005a54   0x0000002c   Code   RO         1226    .text               c_w.l(_printf_wchar.o)
    0x08005a80   0x08005a80   0x00000040   Code   RO         1229    .text               c_w.l(_wcrtomb.o)
    0x08005ac0   0x08005ac0   0x00000008   Code   RO         1241    .text               c_w.l(libspace.o)
    0x08005ac8   0x08005ac8   0x0000004a   Code   RO         1244    .text               c_w.l(sys_stackheap_outer.o)
    0x08005b12   0x08005b12   0x00000002   PAD
    0x08005b14   0x08005b14   0x00000010   Code   RO         1246    .text               c_w.l(rt_ctype_table.o)
    0x08005b24   0x08005b24   0x00000008   Code   RO         1251    .text               c_w.l(rt_locale_intlibspace.o)
    0x08005b2c   0x08005b2c   0x00000080   Code   RO         1253    .text               c_w.l(_printf_fp_infnan.o)
    0x08005bac   0x08005bac   0x000000e4   Code   RO         1255    .text               c_w.l(bigflt0.o)
    0x08005c90   0x08005c90   0x00000012   Code   RO         1283    .text               c_w.l(exit.o)
    0x08005ca2   0x08005ca2   0x00000002   PAD
    0x08005ca4   0x08005ca4   0x0000000c   Code   RO         1360    .text               c_w.l(sys_exit.o)
    0x08005cb0   0x08005cb0   0x00000002   Code   RO         1371    .text               c_w.l(use_no_semi.o)
    0x08005cb2   0x08005cb2   0x00000000   Code   RO         1373    .text               c_w.l(indicate_semi.o)
    0x08005cb2   0x08005cb2   0x0000003e   Code   RO         1258    CL$$btod_d2e        c_w.l(btod.o)
    0x08005cf0   0x08005cf0   0x00000046   Code   RO         1260    CL$$btod_d2e_denorm_low  c_w.l(btod.o)
    0x08005d36   0x08005d36   0x00000060   Code   RO         1259    CL$$btod_d2e_norm_op1  c_w.l(btod.o)
    0x08005d96   0x08005d96   0x00000338   Code   RO         1268    CL$$btod_div_common  c_w.l(btod.o)
    0x080060ce   0x080060ce   0x000000dc   Code   RO         1265    CL$$btod_e2e        c_w.l(btod.o)
    0x080061aa   0x080061aa   0x0000002a   Code   RO         1262    CL$$btod_ediv       c_w.l(btod.o)
    0x080061d4   0x080061d4   0x0000002a   Code   RO         1261    CL$$btod_emul       c_w.l(btod.o)
    0x080061fe   0x080061fe   0x00000244   Code   RO         1267    CL$$btod_mult_common  c_w.l(btod.o)
    0x08006442   0x08006442   0x00000028   Code   RO         1237    i.__ARM_fpclassify  m_ws.l(fpclassify.o)
    0x0800646a   0x0800646a   0x00000026   Code   RO         1168    i.__ARM_fpclassifyf  m_ws.l(fpclassifyf.o)
    0x08006490   0x08006490   0x000000aa   Code   RO         1239    i.__kernel_poly     m_ws.l(poly.o)
    0x0800653a   0x0800653a   0x00000006   Code   RO         1155    i.__mathlib_dbl_infnan  m_ws.l(dunder.o)
    0x08006540   0x08006540   0x00000004   Code   RO         1156    i.__mathlib_dbl_infnan2  m_ws.l(dunder.o)
    0x08006544   0x08006544   0x00000010   Code   RO         1160    i.__mathlib_dbl_underflow  m_ws.l(dunder.o)
    0x08006554   0x08006554   0x00000006   Code   RO         1171    i.__mathlib_flt_infnan  m_ws.l(funder.o)
    0x0800655a   0x0800655a   0x00000004   Code   RO         1172    i.__mathlib_flt_infnan2  m_ws.l(funder.o)
    0x0800655e   0x0800655e   0x00000008   Code   RO         1173    i.__mathlib_flt_invalid  m_ws.l(funder.o)
    0x08006566   0x08006566   0x0000000a   Code   RO         1176    i.__mathlib_flt_underflow  m_ws.l(funder.o)
    0x08006570   0x08006570   0x0000000e   Code   RO         1084    i._is_digit         c_w.l(__printf_wp.o)
    0x0800657e   0x0800657e   0x00000002   PAD
    0x08006580   0x08006580   0x00000124   Code   RO          990    i.asinf             m_ws.l(asinf.o)
    0x080066a4   0x080066a4   0x00000220   Code   RO         1145    i.atan              m_ws.l(atan.o)
    0x080068c4   0x080068c4   0x00000180   Code   RO          998    i.atan2             m_ws.l(atan2.o)
    0x08006a44   0x08006a44   0x0000025c   Code   RO         1006    i.atan2f            m_ws.l(atan2f.o)
    0x08006ca0   0x08006ca0   0x00000094   Code   RO         1013    i.round             m_ws.l(round.o)
    0x08006d34   0x08006d34   0x0000004c   Code   RO         1016    i.sqrt              m_ws.l(sqrt.o)
    0x08006d80   0x08006d80   0x0000002c   Code   RO         1186    i.sqrtf             m_ws.l(sqrtf.o)
    0x08006dac   0x08006dac   0x0000002c   Code   RO         1281    locale$$code        c_w.l(lc_numeric_c.o)
    0x08006dd8   0x08006dd8   0x0000002c   Code   RO         1300    locale$$code        c_w.l(lc_ctype_c.o)
    0x08006e04   0x08006e04   0x00000062   Code   RO          935    x$fpl$d2f           fz_ws.l(d2f.o)
    0x08006e66   0x08006e66   0x00000002   PAD
    0x08006e68   0x08006e68   0x00000150   Code   RO          937    x$fpl$dadd          fz_ws.l(daddsub_clz.o)
    0x08006fb8   0x08006fb8   0x00000010   Code   RO         1291    x$fpl$dcheck1       fz_ws.l(dcheck1.o)
    0x08006fc8   0x08006fc8   0x00000018   Code   RO         1117    x$fpl$dcmpinf       fz_ws.l(dcmpi.o)
    0x08006fe0   0x08006fe0   0x000002b0   Code   RO          944    x$fpl$ddiv          fz_ws.l(ddiv.o)
    0x08007290   0x08007290   0x0000005e   Code   RO          947    x$fpl$dfix          fz_ws.l(dfix.o)
    0x080072ee   0x080072ee   0x00000002   PAD
    0x080072f0   0x080072f0   0x0000005a   Code   RO          951    x$fpl$dfixu         fz_ws.l(dfixu.o)
    0x0800734a   0x0800734a   0x0000002e   Code   RO          956    x$fpl$dflt          fz_ws.l(dflt_clz.o)
    0x08007378   0x08007378   0x00000026   Code   RO          955    x$fpl$dfltu         fz_ws.l(dflt_clz.o)
    0x0800739e   0x0800739e   0x00000002   PAD
    0x080073a0   0x080073a0   0x00000078   Code   RO          961    x$fpl$dleqf         fz_ws.l(dleqf.o)
    0x08007418   0x08007418   0x00000154   Code   RO          963    x$fpl$dmul          fz_ws.l(dmul.o)
    0x0800756c   0x0800756c   0x0000009c   Code   RO         1119    x$fpl$dnaninf       fz_ws.l(dnaninf.o)
    0x08007608   0x08007608   0x0000000c   Code   RO         1121    x$fpl$dretinf       fz_ws.l(dretinf.o)
    0x08007614   0x08007614   0x0000006c   Code   RO          965    x$fpl$drleqf        fz_ws.l(drleqf.o)
    0x08007680   0x08007680   0x000000b4   Code   RO         1123    x$fpl$drnd          fz_ws.l(drnd.o)
    0x08007734   0x08007734   0x00000016   Code   RO          938    x$fpl$drsb          fz_ws.l(daddsub_clz.o)
    0x0800774a   0x0800774a   0x00000002   PAD
    0x0800774c   0x0800774c   0x000001cc   Code   RO         1125    x$fpl$dsqrt         fz_ws.l(dsqrt_noumaal.o)
    0x08007918   0x08007918   0x000001d4   Code   RO          939    x$fpl$dsub          fz_ws.l(daddsub_clz.o)
    0x08007aec   0x08007aec   0x00000056   Code   RO          967    x$fpl$f2d           fz_ws.l(f2d.o)
    0x08007b42   0x08007b42   0x00000002   PAD
    0x08007b44   0x08007b44   0x000000c4   Code   RO          969    x$fpl$fadd          fz_ws.l(faddsub_clz.o)
    0x08007c08   0x08007c08   0x0000000c   Code   RO         1231    x$fpl$fcheck1       fz_ws.l(fcheck1.o)
    0x08007c14   0x08007c14   0x00000018   Code   RO         1127    x$fpl$fcmpinf       fz_ws.l(fcmpi.o)
    0x08007c2c   0x08007c2c   0x00000184   Code   RO          976    x$fpl$fdiv          fz_ws.l(fdiv.o)
    0x08007db0   0x08007db0   0x00000030   Code   RO          980    x$fpl$fflt          fz_ws.l(fflt_clz.o)
    0x08007de0   0x08007de0   0x00000068   Code   RO          985    x$fpl$fleqf         fz_ws.l(fleqf.o)
    0x08007e48   0x08007e48   0x00000102   Code   RO          987    x$fpl$fmul          fz_ws.l(fmul.o)
    0x08007f4a   0x08007f4a   0x0000008c   Code   RO         1129    x$fpl$fnaninf       fz_ws.l(fnaninf.o)
    0x08007fd6   0x08007fd6   0x0000000a   Code   RO         1131    x$fpl$fretinf       fz_ws.l(fretinf.o)
    0x08007fe0   0x08007fe0   0x00000014   Code   RO          970    x$fpl$frsb          fz_ws.l(faddsub_clz.o)
    0x08007ff4   0x08007ff4   0x00000110   Code   RO         1233    x$fpl$fsqrt         fz_ws.l(fsqrt.o)
    0x08008104   0x08008104   0x000000ea   Code   RO          971    x$fpl$fsub          fz_ws.l(faddsub_clz.o)
    0x080081ee   0x080081ee   0x00000004   Code   RO         1133    x$fpl$printf1       fz_ws.l(printf1.o)
    0x080081f2   0x080081f2   0x00000004   Code   RO         1135    x$fpl$printf2       fz_ws.l(printf2.o)
    0x080081f6   0x080081f6   0x00000064   Code   RO         1295    x$fpl$retnan        fz_ws.l(retnan.o)
    0x0800825a   0x0800825a   0x0000005c   Code   RO         1235    x$fpl$scalbn        fz_ws.l(scalbn.o)
    0x080082b6   0x080082b6   0x0000004c   Code   RO         1141    x$fpl$scalbnf       fz_ws.l(scalbnf.o)
    0x08008302   0x08008302   0x00000030   Code   RO         1347    x$fpl$trapveneer    fz_ws.l(trapv.o)
    0x08008332   0x08008332   0x00000000   Code   RO         1143    x$fpl$usenofp       fz_ws.l(usenofp.o)
    0x08008332   0x08008332   0x0000094d   Data   RO          913    .constdata          oled_data.o
    0x08008c7f   0x08008c7f   0x00000001   PAD
    0x08008c80   0x08008c80   0x00000008   Data   RO         1043    .constdata          c_w.l(_printf_wctomb.o)
    0x08008c88   0x08008c88   0x00000028   Data   RO         1072    .constdata          c_w.l(_printf_hex_int_ll_ptr.o)
    0x08008cb0   0x08008cb0   0x00000011   Data   RO         1092    .constdata          c_w.l(__printf_flags_ss_wp.o)
    0x08008cc1   0x08008cc1   0x00000007   PAD
    0x08008cc8   0x08008cc8   0x00000098   Data   RO         1146    .constdata          m_ws.l(atan.o)
    0x08008d60   0x08008d60   0x00000008   Data   RO         1184    .constdata          m_ws.l(qnan.o)
    0x08008d68   0x08008d68   0x00000026   Data   RO         1220    .constdata          c_w.l(_printf_fp_hex.o)
    0x08008d8e   0x08008d8e   0x00000002   PAD
    0x08008d90   0x08008d90   0x00000094   Data   RO         1256    .constdata          c_w.l(bigflt0.o)
    0x08008e24   0x08008e24   0x00000020   Data   RO         1426    Region$$Table       anon$$obj.o
    0x08008e44   0x08008e44   0x0000001c   Data   RO         1280    locale$$data        c_w.l(lc_numeric_c.o)
    0x08008e60   0x08008e60   0x00000110   Data   RO         1299    locale$$data        c_w.l(lc_ctype_c.o)


    Execution Region RW_IRAM1 (Exec base: 0x20000000, Load base: 0x08008f70, Size: 0x00000b90, Max: 0x00005000, ABSOLUTE)

    Exec Addr    Load Addr    Size         Type   Attr      Idx    E Section Name        Object

    0x20000000   0x08008f70   0x00000014   Data   RW           25    .data               system_stm32f10x.o
    0x20000014   0x08008f84   0x0000007c   Data   RW          123    .data               main.o
    0x20000090   0x08009000   0x00000014   Data   RW          545    .data               stm32f10x_rcc.o
    0x200000a4   0x08009014   0x00000004   Data   RW          777    .data               madgwick.o
    0x200000a8   0x08009018   0x00000002   Data   RW          846    .data               mpu6050.o
    0x200000aa   0x0800901a   0x00000004   Data   RW          863    .data               serial.o
    0x200000ae   0x0800901e   0x00000002   PAD
    0x200000b0        -       0x00000018   Zero   RW          122    .bss                main.o
    0x200000c8        -       0x00000065   Zero   RW          862    .bss                serial.o
    0x2000012d        -       0x00000400   Zero   RW          885    .bss                oled.o
    0x2000052d   0x0800901e   0x00000003   PAD
    0x20000530        -       0x00000060   Zero   RW         1242    .bss                c_w.l(libspace.o)
    0x20000590        -       0x00000200   Zero   RW            2    HEAP                startup_stm32f10x_md.o
    0x20000790        -       0x00000400   Zero   RW            1    STACK               startup_stm32f10x_md.o


==============================================================================

Image component sizes


      Code (inc. data)   RO Data    RW Data    ZI Data      Debug   Object Name

         0          0          0          0          0       4500   core_cm3.o
       110          0          0          0          0       1296   kf.o
      2232         24          0          4          0       3344   madgwick.o
      1200        154          0        124         24     220846   main.o
       220         22          0          0          0       3345   misc.o
       848         26          0          2          0       3053   mpu6050.o
      5392         52          0          0       1024      15311   oled.o
         0          0       2381          0          0       1054   oled_data.o
       640         36          0          4        101       5333   serial.o
        64         26        236          0       1536        812   startup_stm32f10x_md.o
       860         38          0          0          0      13957   stm32f10x_gpio.o
      1028         16          0          0          0      17047   stm32f10x_i2c.o
        26          0          0          0          0     202862   stm32f10x_it.o
       932         36          0         20          0      17488   stm32f10x_rcc.o
      3610         88          0          0          0      43052   stm32f10x_tim.o
      1032         22          0          0          0      14364   stm32f10x_usart.o
       480         38          0         20          0      18771   system_stm32f10x.o
       122          0          0          0          0     238489   timer.o

    ----------------------------------------------------------------------
     18800        578       2650        176       2688     824924   Object Totals
         0          0         32          0          0          0   (incl. Generated)
         4          0          1          2          3          0   (incl. Padding)

    ----------------------------------------------------------------------

      Code (inc. data)   RO Data    RW Data    ZI Data      Debug   Library Member Name

         8          0          0          0          0         68   __main.o
       392          4         17          0          0         92   __printf_flags_ss_wp.o
        14          0          0          0          0         68   __printf_wp.o
         0          0          0          0          0          0   __rtentry.o
        12          0          0          0          0          0   __rtentry2.o
         6          0          0          0          0          0   __rtentry4.o
        52          8          0          0          0          0   __scatter.o
        26          0          0          0          0          0   __scatter_copy.o
        28          0          0          0          0          0   __scatter_zi.o
         6          0          0          0          0          0   _printf_a.o
         6          0          0          0          0          0   _printf_c.o
        44          0          0          0          0        108   _printf_char.o
        48          6          0          0          0         96   _printf_char_common.o
        40          0          0          0          0         68   _printf_charcount.o
         6          0          0          0          0          0   _printf_d.o
       120         16          0          0          0         92   _printf_dec.o
         6          0          0          0          0          0   _printf_e.o
         6          0          0          0          0          0   _printf_f.o
      1054          0          0          0          0        216   _printf_fp_dec.o
       764          8         38          0          0        100   _printf_fp_hex.o
       128         16          0          0          0         84   _printf_fp_infnan.o
         6          0          0          0          0          0   _printf_g.o
       148          4         40          0          0        160   _printf_hex_int_ll_ptr.o
         6          0          0          0          0          0   _printf_i.o
       178          0          0          0          0         88   _printf_intcommon.o
        10          0          0          0          0          0   _printf_l.o
         6          0          0          0          0          0   _printf_lc.o
        10          0          0          0          0          0   _printf_ll.o
         6          0          0          0          0          0   _printf_lld.o
         6          0          0          0          0          0   _printf_lli.o
         6          0          0          0          0          0   _printf_llo.o
         6          0          0          0          0          0   _printf_llu.o
         6          0          0          0          0          0   _printf_llx.o
       124         16          0          0          0         92   _printf_longlong_dec.o
         6          0          0          0          0          0   _printf_ls.o
         6          0          0          0          0          0   _printf_n.o
         6          0          0          0          0          0   _printf_o.o
       112         10          0          0          0        124   _printf_oct_int_ll.o
         6          0          0          0          0          0   _printf_p.o
        78          0          0          0          0        108   _printf_pad.o
         0          0          0          0          0          0   _printf_percent.o
         4          0          0          0          0          0   _printf_percent_end.o
         6          0          0          0          0          0   _printf_s.o
        82          0          0          0          0         80   _printf_str.o
        36          0          0          0          0         84   _printf_truncate.o
         6          0          0          0          0          0   _printf_u.o
        44          0          0          0          0        108   _printf_wchar.o
       188          6          8          0          0         92   _printf_wctomb.o
         6          0          0          0          0          0   _printf_x.o
        22          0          0          0          0        100   _rserrno.o
        10          0          0          0          0         68   _sputc.o
        64          0          0          0          0         92   _wcrtomb.o
       228          4        148          0          0         96   bigflt0.o
      1936        128          0          0          0        672   btod.o
        18          0          0          0          0         80   exit.o
         6          0          0          0          0        152   heapauxi.o
         0          0          0          0          0          0   indicate_semi.o
        44         10        272          0          0         76   lc_ctype_c.o
        44         10         28          0          0         76   lc_numeric_c.o
         2          0          0          0          0          0   libinit.o
        30          0          0          0          0          0   libinit2.o
         2          0          0          0          0          0   libshutdown.o
         2          0          0          0          0          0   libshutdown2.o
         8          4          0          0         96         68   libspace.o
       138          0          0          0          0         80   lludiv10.o
        16          4          0          0          0         76   rt_ctype_table.o
         8          4          0          0          0         68   rt_errno_addr_intlibspace.o
         8          4          0          0          0         68   rt_locale_intlibspace.o
         2          0          0          0          0          0   rtexit.o
        10          0          0          0          0          0   rtexit2.o
       128          0          0          0          0         68   strcmpv7m.o
        12          4          0          0          0         68   sys_exit.o
        74          0          0          0          0         80   sys_stackheap_outer.o
         2          0          0          0          0         68   use_no_semi.o
        36          4          0          0          0         76   vsprintf.o
        98          4          0          0          0         92   d2f.o
       826         16          0          0          0        348   daddsub_clz.o
        16          4          0          0          0         68   dcheck1.o
        24          0          0          0          0         68   dcmpi.o
       688        140          0          0          0        208   ddiv.o
        94          4          0          0          0         92   dfix.o
        90          4          0          0          0         92   dfixu.o
        84          0          0          0          0        136   dflt_clz.o
       120          4          0          0          0         92   dleqf.o
       340         12          0          0          0        104   dmul.o
       156          4          0          0          0         92   dnaninf.o
        12          0          0          0          0         68   dretinf.o
       108          0          0          0          0         80   drleqf.o
       180          4          0          0          0         80   drnd.o
       460         56          0          0          0        120   dsqrt_noumaal.o
        86          4          0          0          0         84   f2d.o
       450          8          0          0          0        236   faddsub_clz.o
        12          4          0          0          0         68   fcheck1.o
        24          0          0          0          0         68   fcmpi.o
       388         76          0          0          0         96   fdiv.o
        48          0          0          0          0         68   fflt_clz.o
       104          4          0          0          0         84   fleqf.o
       258          4          0          0          0         84   fmul.o
       140          4          0          0          0         84   fnaninf.o
        10          0          0          0          0         68   fretinf.o
       272        100          0          0          0         88   fsqrt.o
         4          0          0          0          0         68   printf1.o
         4          0          0          0          0         68   printf2.o
       100          0          0          0          0         68   retnan.o
        92          0          0          0          0         68   scalbn.o
        76          0          0          0          0         68   scalbnf.o
        48          0          0          0          0         68   trapv.o
         0          0          0          0          0          0   usenofp.o
       292         38          0          0          0        120   asinf.o
       544         70        152          0          0        124   atan.o
       384         38          0          0          0        144   atan2.o
       604         76          0          0          0        116   atan2f.o
        26          6          0          0          0        204   dunder.o
        40          0          0          0          0         68   fpclassify.o
        38          0          0          0          0         68   fpclassifyf.o
        28          0          0          0          0        272   funder.o
       170          0          0          0          0         96   poly.o
         0          0          8          0          0          0   qnan.o
       148         12          0          0          0         88   round.o
        76          0          0          0          0         84   sqrt.o
        44          0          0          0          0         80   sqrtf.o

    ----------------------------------------------------------------------
     14550        966        720          0         96       8700   Library Totals
        24          0          9          0          0          0   (incl. Padding)

    ----------------------------------------------------------------------

      Code (inc. data)   RO Data    RW Data    ZI Data      Debug   Library Name

      6720        270        551          0         96       4060   c_w.l
      5412        456          0          0          0       3176   fz_ws.l
      2394        240        160          0          0       1464   m_ws.l

    ----------------------------------------------------------------------
     14550        966        720          0         96       8700   Library Totals

    ----------------------------------------------------------------------

==============================================================================


      Code (inc. data)   RO Data    RW Data    ZI Data      Debug   

     33350       1544       3370        176       2784     827432   Grand Totals
     33350       1544       3370        176       2784     827432   ELF Image Totals
     33350       1544       3370        176          0          0   ROM Totals

==============================================================================

    Total RO  Size (Code + RO Data)                36720 (  35.86kB)
    Total RW  Size (RW Data + ZI Data)              2960 (   2.89kB)
    Total ROM Size (Code + RO Data + RW Data)      36896 (  36.03kB)

==============================================================================

